                                                      02.04.19 М1

  М О Н И Т О Р-8 0  (3.7)   25.09.84*       (  МС " Д У Б Н А " ИАЭ  )             ШИФР    419999000000







                    ЖЖЖЖ   ЖЖЖ   ЖЖЖ   ЖЖЖЖ  ЖЖЖ  Ж
                    Ж   Ж Ж   Ж Ж     Ж     Ж   Ж Ж
                    Ж   Ж Ж   Ж  ЖЖЖ  Ж     Ж   Ж Ж
                    Ж   Ж Ж   Ж     Ж Ж     Ж   Ж Ж
                    ЖЖЖЖ  Ж   Ж     Ж Ж     Ж   Ж Ж
                    Ж     ЖЖЖЖЖ Ж   Ж Ж     ЖЖЖЖЖ Ж
                    Ж     Ж   Ж  ЖЖЖ   ЖЖЖЖ Ж   Ж ЖЖЖЖЖ








*NАМЕ РАSСАL
           *РЕRSО:670440
 LIВRАRУ ОТ  26.02.82 М3
           *САLL УЕSМЕМОRУ
           *РАSСАL
                                                      02.04.19 М1
 РАSСАL СОМРILЕR 15.0 (15.02.82)
 00000    1  0 (*Р-, Т-, S8, U-, У+*)
 00001    2  0 РRОGRАМ НЕLLО(ОUТРUТ, РАSТЕL);
 00001    3  1 VАR
 00001    4  1     РАSТЕL: АRRАУ [0..30В] ОF INТЕGЕR;
 00007    5  1     РRОСЕDURЕ DUМР; FОRТRАN;
 00007    6  2 ВЕGIN
 00010    7  2     (* DUМР ТНЕ ВINАRУ IМАGЕ. *)
 00010    8  2     DUМР;
 00012    9  2     (* DISАВLЕ ’WНАТ°’ РRОМРТ. *)
 00012   10  2     РАSТЕL[3] := 0С;
 00013   11  2     WRIТЕLN(’НЕLLО, WОRLD!’);
 00031   12  0 ЕND.
           *АSSЕМ
                                                      02.04.19 М1
 АВТОКОД  МАDLЕN
   (1.10.72)
                    DUМР    :  , NАМЕ,
 0000                          , *70 ,=0000 0000 0027 0000
  -
 0001                          , *70 ,=0000 0100 0027 0001
  -
 0002                          , *70 ,=0000 0200 0027 0002
  -
 0003                          , *70 ,=0000 0300 0027 0003
  -
 0004                          , *70 ,=0000 0400 0027 0004
  -
 0005                        10, *74 ,3456В
  -
 0006                        13, UJ  ,
  -
                               , ЕND ,
 ЧИСЛО ПЕРФ. 0009      ЧИСЛО ОШИБ. ОПЕРАТОРОВ  0000
           *SУSТЕМ LОАD LISТ
           *ЕХЕСUТЕ

        НЕLLО      01000        РАSРМDАD С 02435        МОNRЕАD*   03536
        РRОGRАМ  Е 01000        SТОР*      02436        RЕАD*ЕRR Е 03613
        Р/1D     С 01043        SРАСЕ*   С 02457        LUN*МОN    03631
        *ОUТРUТ* С 01113        РАSОUТ     02460        Р/РАGЕS    03637
        *РАSТЕL* С 01151        Р/РRINТ  Е 02461        РАSРАGN* С 03640
        Р/SУS      01202        РАSТN    Е 02517        РАSDRN*  С 03641
        Р/МОD    Е 01216        РАSWНТ   Е 02533        РАSDRUМ* С 03642
        Р/DIV    Е 01222        Р/НТ       02574        Р/SТАСК  С 03643
        Р/IТ     Е 01234        РАSZЕRО* С 02606        РАSРЕRID С 03644
        Р/СО     Е 01236        Р/WХ       02607        РАSРLUS* С 03645
        Р/RЕ1    Е 01244        Р/WХD    Е 02616        Р/ТR       03646
        Р/RЕ2    Е 01406        РАSЕОF     02634        Р/А7       03651
        РАSСТRР  Е 01441        IОХХРКRТ   02653        РАSНID     03657
        Р/GF     Е 01514        RЕАD*    Е 02655        РАSDIН   Е 03662
        Р/RАСРАК Е 01553        РАSСЕLUР С 02707        МОN*IТОR   03666
        РАSINВUF Е 01623        Р/ЕR       02710        РLВЕG    Е 03675
        РАSGIVЕР Е 01660        Р/НIDЕ     02717        РLСLО    Е 03703
        Р/РF     Е 01741        Р/ЕDIН   Е 02722        АSАVЕ*   Е 03711
        Р/WОLN   Е 01772        РАSМINS* С 02725        SАVЕ*НID Е 03716
        Р/WL     Е 01773        Р/ТRРАGЕ   02726        FОR*АLL  Е 03733
        Р/RF     Е 02045        Р/ВХ       02760        ОН*      Е 03735
        Р/ТF     Е 02130        Р/ЕN     Е 02772        ОН*1     Е 03742
        Р/SС       02163        Р/WО       03006        ISО/GОSТ   03751
        DUМР       02173        Р/WR       03037        СLЕАRLЕХ   04020
        Р/7А       02207        РАSТЕNS  Е 03225        DRUМТАР*   04032
        Р/7АD    Е 02211        Р/WI       03251        СОSУТISО   04060
        Р/ЕF       02224        Р/СW       03332        СОZУТISО Е 04060
        Р/Е      Е 02227        РАSЕХFТ* С 03334        IОХХТТWТ   04134
        Р/1        02232        *РАSDDS* С 03353        ТТРRINТD Е 04140
        РАSРМD     02236        RGЕХРОRТ С 03354        ТТРRINТ  Е 04140
        Р/РМDSЕТ Е 02271        РАSЕVN     03355        ТТРRIКS  Е 04152
        РАSЕNDS* С 02377        РАSNВ8     03376        /IР*     Е 04220
        РАSЕОLSУ С 02400        РRINТ8     03406        Р/FIRР   С 06000
        РАSЕОFСD С 02401        РRINТ80  Е 03406        СНКWОRD* С 10000
        Р/ВЕХF     02402        РULТ       03444        ТSТАТЕ*  С 10001
        Р/DА       02407        Р/RС       03452          СВОБОД   10002
        Р/МD       02422        РАSISОХТ   03476
        Р/DI       02431        Р/SР       03530

 КОНЕЦ ЗАДАЧИ
 02200: 12 074 3456	*74
