                                                      02.04.19 М1

  М О Н И Т О Р-8 0  (3.7)   25.09.84*       (  МС " Д У Б Н А " ИАЭ  )             ШИФР    419999000000







                    ЖЖЖЖ   ЖЖЖ   ЖЖЖ   ЖЖЖЖ  ЖЖЖ  Ж
                    Ж   Ж Ж   Ж Ж     Ж     Ж   Ж Ж
                    Ж   Ж Ж   Ж  ЖЖЖ  Ж     Ж   Ж Ж
                    Ж   Ж Ж   Ж     Ж Ж     Ж   Ж Ж
                    ЖЖЖЖ  Ж   Ж     Ж Ж     Ж   Ж Ж
                    Ж     ЖЖЖЖЖ Ж   Ж Ж     ЖЖЖЖЖ Ж
                    Ж     Ж   Ж  ЖЖЖ   ЖЖЖЖ Ж   Ж ЖЖЖЖЖ








*NАМЕ РАSСАL
           *РЕRSО:670440
 LIВRАRУ ОТ  26.02.82 М3
           *САLL УЕSМЕМОRУ
           *РАSСАL
                                                      02.04.19 М1
 РАSСАL СОМРILЕR 15.0 (15.02.82)
 00001    1  0 РRОGRАМ НЕLLО(ОUТРUТ);
 00007    2  1     РRОСЕDURЕ DUМР; FОRТRАN;
 00007    3  2 ВЕGIN
 00010    4  2     DUМР;
 00012    5  2     WRIТЕLN(’НЕLLО, WОRLD!’);
 00015    6  2     ВЕSМ(33312345В);
 00030    7  0 ЕND.
           *АSSЕМ
                                                      02.04.19 М1
 АВТОКОД  МАDLЕN
   (1.10.72)
                    DUМР    :  , NАМЕ,
 0000                          , *70 ,=0000 0000 0027 0000
  -
 0001                          , *70 ,=0000 0100 0027 0001
  -
 0002                          , *70 ,=0000 0200 0027 0002
  -
 0003                          , *70 ,=0000 0300 0027 0003
  -
 0004                          , *70 ,=0000 0400 0027 0004
  -
 0005                        10, *74 ,3456В
  -
 0006                        13, UJ  ,
  -
                               , ЕND ,
 ЧИСЛО ПЕРФ. 0009      ЧИСЛО ОШИБ. ОПЕРАТОРОВ  0000
           *SУSТЕМ LОАD LISТ
           *ЕХЕСUТЕ

        НЕLLО      01000        SТОР*      02402        МОNRЕАD*   03533
        РRОGRАМ  Е 01000        SРАСЕ*   С 02423        RЕАD*ЕRR Е 03610
        Р/1D     С 01040        РАSОUТ     02424        LUN*МОN    03626
        *ОUТРUТ* С 01110        Р/РRINТ  Е 02425        Р/РАGЕS    03634
        Р/SУS      01146        РАSТN    Е 02463        РАSРАGN* С 03635
        Р/МОD    Е 01162        РАSWНТ   Е 02477        РАSDRN*  С 03636
        Р/DIV    Е 01166        Р/НТ       02540        РАSDRUМ* С 03637
        Р/IТ     Е 01200        РАSZЕRО* С 02552        Р/SТАСК  С 03640
        Р/СО     Е 01202        Р/WХ       02553        РАSРЕRID С 03641
        Р/RЕ1    Е 01210        Р/WХD    Е 02562        РАSРLUS* С 03642
        Р/RЕ2    Е 01352        РАSЕОF     02600        Р/ТR       03643
        РАSСТRР  Е 01405        IОХХРКRТ   02617        Р/А7       03646
        Р/GF     Е 01460        RЕАD*    Е 02621        РАSНID     03654
        Р/RАСРАК Е 01517        РАSСЕLUР С 02653        РАSDIН   Е 03657
        РАSINВUF Е 01567        Р/ЕR       02654        МОN*IТОR   03663
        РАSGIVЕР Е 01624        Р/НIDЕ     02663        РLВЕG    Е 03672
        Р/РF     Е 01705        Р/ЕDIН   Е 02666        РLСLО    Е 03700
        Р/WОLN   Е 01736        РАSМINS* С 02671        АSАVЕ*   Е 03706
        Р/WL     Е 01737        Р/ТRРАGЕ   02672        SАVЕ*НID Е 03713
        Р/RF     Е 02011        Р/ВХ       02724        FОR*АLL  Е 03730
        Р/ТF     Е 02074        Р/ЕN     Е 02736        ОН*      Е 03732
        Р/SС       02127        Р/WО       02752        ОН*1     Е 03737
        DUМР       02137        Р/WR       03003        ISО/GОSТ   03746
        Р/7А       02153        РАSТЕNS  Е 03171        СLЕАRLЕХ   04015
        Р/7АD    Е 02155        Р/WI       03215        DRUМТАР*   04027
        Р/ЕF       02170        Р/СW       03276        СОSУТISО   04055
        Р/Е      Е 02173        РАSЕХFТ* С 03300        СОZУТISО Е 04055
        Р/1        02176        *РАSDDS* С 03317        IОХХТТWТ   04131
        РАSРМD     02202        RGЕХРОRТ С 03320        ТТРRINТD Е 04135
        Р/РМDSЕТ Е 02235        *РАSТЕL* С 03321        ТТРRINТ  Е 04135
        РАSЕNDS* С 02343        РАSЕVN     03352        ТТРRIКS  Е 04147
        РАSЕОLSУ С 02344        РАSNВ8     03373        /IР*     Е 04215
        РАSЕОFСD С 02345        РRINТ8     03403        Р/FIRР   С 06000
        Р/ВЕХF     02346        РRINТ80  Е 03403        СНКWОRD* С 10000
        Р/DА       02353        РULТ       03441        ТSТАТЕ*  С 10001
        Р/МD       02366        Р/RС       03447          СВОБОД   10002
        Р/DI       02375        РАSISОХТ   03473
        РАSРМDАD С 02401        Р/SР       03525

 КОНЕЦ ЗАДАЧИ
 02144: 12 074 3456	*74
