                                                      02.04.19 М1

  М О Н И Т О Р-8 0  (3.7)   25.09.84*       (  МС " Д У Б Н А " ИАЭ  )             ШИФР    419999000000







                    ЖЖЖЖ   ЖЖЖ   ЖЖЖ   ЖЖЖЖ  ЖЖЖ  Ж
                    Ж   Ж Ж   Ж Ж     Ж     Ж   Ж Ж
                    Ж   Ж Ж   Ж  ЖЖЖ  Ж     Ж   Ж Ж
                    Ж   Ж Ж   Ж     Ж Ж     Ж   Ж Ж
                    ЖЖЖЖ  Ж   Ж     Ж Ж     Ж   Ж Ж
                    Ж     ЖЖЖЖЖ Ж   Ж Ж     ЖЖЖЖЖ Ж
                    Ж     Ж   Ж  ЖЖЖ   ЖЖЖЖ Ж   Ж ЖЖЖЖЖ








*NАМЕ РАSСАL
           *РЕRSО:670440
 LIВRАRУ ОТ  26.02.82 М3
           *САLL УЕSМЕМОRУ
           *РАSСАL
                                                      02.04.19 М1
 РАSСАL СОМРILЕR 15.0 (15.02.82)
 00001    1  0 РRОGRАМ НЕLLО(ОUТРUТ);
 00007    2  1     РRОСЕDURЕ DUМР; FОRТRАN;
 00007    3  2 ВЕGIN
 00010    4  2     DUМР;
 00012    5  2     WRIТЕLN(’НЕLLО, WОRLD!’);
 00027    6  0 ЕND.
           *АSSЕМ
                                                      02.04.19 М1
 АВТОКОД  МАDLЕN
   (1.10.72)
                    DUМР    :  , NАМЕ,
 0000                          , *70 ,=0000 0000 0027 0000
  -
 0001                          , *70 ,=0000 0100 0027 0001
  -
 0002                          , *70 ,=0000 0200 0027 0002
  -
 0003                          , *70 ,=0000 0300 0027 0003
  -
 0004                          , *70 ,=0000 0400 0027 0004
  -
 0005                        10, *74 ,3456В
  -
 0006                        13, UJ  ,
  -
                               , ЕND ,
 ЧИСЛО ПЕРФ. 0009      ЧИСЛО ОШИБ. ОПЕРАТОРОВ  0000
           *SУSТЕМ LОАD LISТ
           *ЕХЕСUТЕ

        НЕLLО      01000        SТОР*      02401        МОNRЕАD*   03532
        РRОGRАМ  Е 01000        SРАСЕ*   С 02422        RЕАD*ЕRR Е 03607
        Р/1D     С 01037        РАSОUТ     02423        LUN*МОN    03625
        *ОUТРUТ* С 01107        Р/РRINТ  Е 02424        Р/РАGЕS    03633
        Р/SУS      01145        РАSТN    Е 02462        РАSРАGN* С 03634
        Р/МОD    Е 01161        РАSWНТ   Е 02476        РАSDRN*  С 03635
        Р/DIV    Е 01165        Р/НТ       02537        РАSDRUМ* С 03636
        Р/IТ     Е 01177        РАSZЕRО* С 02551        Р/SТАСК  С 03637
        Р/СО     Е 01201        Р/WХ       02552        РАSРЕRID С 03640
        Р/RЕ1    Е 01207        Р/WХD    Е 02561        РАSРLUS* С 03641
        Р/RЕ2    Е 01351        РАSЕОF     02577        Р/ТR       03642
        РАSСТRР  Е 01404        IОХХРКRТ   02616        Р/А7       03645
        Р/GF     Е 01457        RЕАD*    Е 02620        РАSНID     03653
        Р/RАСРАК Е 01516        РАSСЕLUР С 02652        РАSDIН   Е 03656
        РАSINВUF Е 01566        Р/ЕR       02653        МОN*IТОR   03662
        РАSGIVЕР Е 01623        Р/НIDЕ     02662        РLВЕG    Е 03671
        Р/РF     Е 01704        Р/ЕDIН   Е 02665        РLСLО    Е 03677
        Р/WОLN   Е 01735        РАSМINS* С 02670        АSАVЕ*   Е 03705
        Р/WL     Е 01736        Р/ТRРАGЕ   02671        SАVЕ*НID Е 03712
        Р/RF     Е 02010        Р/ВХ       02723        FОR*АLL  Е 03727
        Р/ТF     Е 02073        Р/ЕN     Е 02735        ОН*      Е 03731
        Р/SС       02126        Р/WО       02751        ОН*1     Е 03736
        DUМР       02136        Р/WR       03002        ISО/GОSТ   03745
        Р/7А       02152        РАSТЕNS  Е 03170        СLЕАRLЕХ   04014
        Р/7АD    Е 02154        Р/WI       03214        DRUМТАР*   04026
        Р/ЕF       02167        Р/СW       03275        СОSУТISО   04054
        Р/Е      Е 02172        РАSЕХFТ* С 03277        СОZУТISО Е 04054
        Р/1        02175        *РАSDDS* С 03316        IОХХТТWТ   04130
        РАSРМD     02201        RGЕХРОRТ С 03317        ТТРRINТD Е 04134
        Р/РМDSЕТ Е 02234        *РАSТЕL* С 03320        ТТРRINТ  Е 04134
        РАSЕNDS* С 02342        РАSЕVN     03351        ТТРRIКS  Е 04146
        РАSЕОLSУ С 02343        РАSNВ8     03372        /IР*     Е 04214
        РАSЕОFСD С 02344        РRINТ8     03402        Р/FIRР   С 06000
        Р/ВЕХF     02345        РRINТ80  Е 03402        СНКWОRD* С 10000
        Р/DА       02352        РULТ       03440        ТSТАТЕ*  С 10001
        Р/МD       02365        Р/RС       03446          СВОБОД   10002
        Р/DI       02374        РАSISОХТ   03472
        РАSРМDАD С 02400        Р/SР       03524

 КОНЕЦ ЗАДАЧИ
 02143: 12 074 3456	*74
