                                                      24.05.19 M1

  M O H И T O P-8 0  (3.7)   25.09.84*       (  MC " Д Y Б H A " ИAЭ  )             ШИФP    419999000000







                    ЖЖЖЖ        ЖЖЖЖЖ  ЖЖЖ
                    Ж   Ж       Ж   Ж Ж   Ж
                    Ж   Ж    Ж      Ж Ж   Ж
                    Ж   Ж   Ж      Ж  Ж   Ж
                    ЖЖЖЖ   Ж      Ж   Ж   Ж
                    Ж            Ж    ЖЖЖЖЖ
                    Ж            Ж    Ж   Ж








*NAME P/7A
           *PERSO: 401350, CONT
 04.10.84 M1
           *CALL DTRAN:410440(P/7A)
                 DTRAN  /01.06.84/
           *CALL PUTFLAG*
 40
           *ASSEM
           *READ: 1
                                                      24.05.19 M1
 ABTOKOД  MADLEN
   (1.10.72)
                    P/7A    :  , NAME,        DTRAN  /01.06.84/
                    P/PF    :  , SUBP,
                    P/HIDE  :  , SUBP,
                    P/EDIH  :  , SUBP,
 0000                        14, VJM ,P/HIDE
  -
 0001                        11, MTJ ,8
  -                          10, MTJ ,7
                   C===========================================
 0002               P/7AD   :  ,ENTRY,
                   C===========================================
 0002               *0002B  : 6, VTM ,-5
  -                           8, XTA ,
 0003                         1, ATX ,5
  -
 0004               *0004B  : 1, XTA ,5
  -                            , ASN ,64-8
 0005                         1, ATX ,5
  -                            , YTA ,
 0006                        12, WTC ,
  -                            , ATX ,
 0007                        13, VJM ,P/PF
  -
 0010                         7, UTM ,-1
  -   0013                    7, VZM ,*0013B
 0011 0004                    6, VLM ,*0004B
  -                           8, UTM ,1
 0012 0002                     , UJ  ,*0002B
  -
 0013               *0013B  :14, VJM ,P/EDIH
  -
 0014                        13, UJ  ,
  -
                               , END ,
 ЧИCЛO ПEPФ. 0028      ЧИCЛO OШИБ. OПEPATOPOB  0000
           *READ OLD
           *END FILE
 КОНЕЦ ЗАДАЧИ
 00411: 00 074 0000	*74
