                                                      24.05.19 M1

  M O H И T O P-8 0  (3.7)   25.09.84*       (  MC " Д Y Б H A " ИAЭ  )             ШИФP    419999000000







                    ЖЖЖЖ         ЖЖЖ  ЖЖЖЖЖ
                    Ж   Ж       Ж   Ж Ж   Ж
                    Ж   Ж    Ж  Ж   Ж     Ж
                    Ж   Ж   Ж   Ж   Ж    Ж
                    ЖЖЖЖ   Ж    Ж   Ж   Ж
                    Ж           ЖЖЖЖЖ  Ж
                    Ж           Ж   Ж  Ж








*NAME P/A7
           *PERSO: 401350, CONT
 04.10.84 M1
           *CALL DTRAN:410440(P/A7)
                 DTRAN  /01.06.84/
           *CALL PUTFLAG*
 40
           *ASSEM
           *READ: 1
                                                      24.05.19 M1
 ABTOKOД  MADLEN
   (1.10.72)
                    P/A7    :  , NAME,        DTRAN  /01.06.84/
                    P/HIDE  :  , SUBP,
                    P/7AD   :  , SUBP,
                    P/SP    :  , SUBP,
 0000                        15, XTA ,
  -                           1, ATX ,3
 0001                        14, VJM ,P/HIDE
  -
 0002                        11, MTJ ,8
  -                          10, MTJ ,7
 0003                          , ITA ,10
  -                            , NTR ,3
 0004                         1, AEX ,11B
  -                           1, A-X ,3
 0005                        13, VTM ,P/7AD
  -                            , UJ  ,P/SP
                               , END ,
 ЧИCЛO ПEPФ. 0016      ЧИCЛO OШИБ. OПEPATOPOB  0000
           *READ OLD
           *END FILE
 КОНЕЦ ЗАДАЧИ
 00411: 00 074 0000	*74
