                                                      24.05.19 M1

  M O H И T O P-8 0  (3.7)   25.09.84*       (  MC " Д Y Б H A " ИAЭ  )             ШИФP    419999000000







                    ЖЖЖЖ        ЖЖЖЖ  Ж   Ж
                    Ж   Ж       Ж  Ж   Ж Ж
                    Ж   Ж    Ж  ЖЖЖ     Ж
                    Ж   Ж   Ж   Ж  Ж   Ж Ж
                    ЖЖЖЖ   Ж    Ж   Ж Ж   Ж
                    Ж           Ж   Ж Ж   Ж
                    Ж           ЖЖЖЖ  Ж   Ж








*NAME P/BX
           *PERSO: 401350, CONT
 04.10.84 M1
           *CALL DTRAN:410440(P/BX)
                 DTRAN  /01.06.84/
           *CALL PUTFLAG*
 40
           *ASSEM
           *READ: 1
                                                      24.05.19 M1
 ABTOKOД  MADLEN
   (1.10.72)
                    P/BX    :  , NAME,        DTRAN  /01.06.84/
                    RGEXPORT:  , LC  ,1
                    P/1D    :  , LC  ,40
                    P/STACK :  , LC  ,1
                    GAK/7   :  , EQU ,P/1D+6
                    GAL/1   :  , EQU ,P/1D+27
 0000                         9, VTM ,P/STACK
  -                            , XTA ,17B
 0001                          , ATI ,10
  -                            , ITA ,15
 0002                        10, MTJ ,15
  -                            , XTS ,17B
 0003                         9, XTS ,
  -                            , ITS ,13
 0004                        12, VTM ,-6
  -
 0005               *0005B  :12, ITS ,7
  -   0005                   12, VLM ,*0005B
 0006                          , XTS ,
  -                            , ITS ,10
 0007 0025                     , UTC ,*0025B  .=10 0000
  -                            , AOX ,
 0010                         9, ATX ,
  -                            , NTR ,3
 0011                        11, UJ  ,
                   C===========================================
  -
 0012               P/EN    :  ,ENTRY,
                   C===========================================
 0012 0015                   12, VTM ,*0015B
  -                            , ITA ,12
 0013                         1, VTM ,P/1D
  -                           1, ATX ,1
 0014                         1, MTJ ,7
  -                          13, UJ  ,
 0015               *0015B  : 9, VTM ,P/STACK
  -                           9, WTC ,
 0016                        15, VTM ,13B
  -                          12, VTM ,7
 0017                        15, XTA ,
  -
 0020               *0020B  :12, STI ,
  -                          12, UTM ,-1
 0021 0020                   12, V1M ,*0020B
  -                            , STI ,13
 0022                         9, STX ,
  -                            , STX ,17B
 0023                        15, MTJ ,9
  -                            , ATI ,15
 0024                          , NTR ,6
  -                          13, UJ  ,
 0025               *0025B  :  , LOG ,10 0000
                               , DATA,
 0026               /0026B  :  , LOG ,
 0027                          , ISO ,6H000000
 0030                          , LOG ,1
 0031                          , INT ,0
 0032                          , OCT ,24
 0033                          , LOG ,7757 7777 7777 7777
 0034                          , LOG ,17 7777 7777 7777
 0035                          , LOG ,2650 3067 5720 2661
 0036                          , OCT ,405
 0037                          , INT ,-1
 0040                          , LOG ,7 7777
 0041                          , INT ,1
 0042                          , LOG ,3407 0160 3407
 0043                          , OCT ,401
 0044                          , LOG ,7777 7777 7777 7777
 0045                          , OCT ,4
 0046                          , LOG ,17 7777 7777 7700
 0047               /0047B  :  , LOG ,7 6000
 0050                          , OCT ,1
 0051               /0051B  :  , LOG ,1
                             17, SET ,/0026B
 0052                         1,     ,GAK/7   .P/1D+6
                              2, SET ,/0047B
 0053                         1,     ,GAL/1   .P/1D+27
                              1, SET ,/0051B
 0054                         1,     ,RGEXPORT
                               , END ,
 ЧИCЛO ПEPФ. 0077      ЧИCЛO OШИБ. OПEPATOPOB  0000
           *READ OLD
           *END FILE
 КОНЕЦ ЗАДАЧИ
 00411: 00 074 0000	*74
