                                                      24.05.19 M1

  M O H И T O P-8 0  (3.7)   25.09.84*       (  MC " Д Y Б H A " ИAЭ  )             ШИФP    419999000000







                    ЖЖЖЖ         ЖЖЖЖ Ж   Ж
                    Ж   Ж       Ж     Ж   Ж
                    Ж   Ж    Ж  Ж     Ж   Ж
                    Ж   Ж   Ж   Ж     Ж   Ж
                    ЖЖЖЖ   Ж    Ж     Ж Ж Ж
                    Ж           Ж     Ж Ж Ж
                    Ж            ЖЖЖЖ  Ж Ж








*NAME P/CW
           *PERSO: 401350, CONT
 04.10.84 M1
           *CALL DTRAN:410440(P/CW)
                 DTRAN  /01.06.84/
           *CALL PUTFLAG*
 40
           *ASSEM
           *READ: 1
                                                      24.05.19 M1
 ABTOKOД  MADLEN
   (1.10.72)
                    P/CW    :  , NAME,        DTRAN  /01.06.84/
                    P/PF    :  , SUBP,
 0000                          , NTR ,3
  -                          12, WTC ,
 0001                          , ATX ,
  -                            , UJ  ,P/PF
                               , END ,
 ЧИCЛO ПEPФ. 0007      ЧИCЛO OШИБ. OПEPATOPOB  0000
           *READ OLD
           *END FILE
 КОНЕЦ ЗАДАЧИ
 00411: 00 074 0000	*74
