                                                      24.05.19 M1

  M O H И T O P-8 0  (3.7)   25.09.84*       (  MC " Д Y Б H A " ИAЭ  )             ШИФP    419999000000







                    ЖЖЖЖ         ЖЖЖ  Ж   Ж  ЖЖЖ
                    Ж   Ж       Ж     Ж   Ж Ж
                    Ж   Ж    Ж   ЖЖЖ  Ж   Ж  ЖЖЖ
                    Ж   Ж   Ж       Ж  Ж Ж      Ж
                    ЖЖЖЖ   Ж        Ж   Ж       Ж
                    Ж           Ж   Ж   Ж   Ж   Ж
                    Ж            ЖЖЖ    Ж    ЖЖЖ








*NAME P/SYS
           *PERSO: 401350, CONT
 04.10.84 M1
           *CALL DTRAN:410440(P/SYS)
                 DTRAN  /01.06.84/
           *CALL PUTFLAG*
 40
           *ASSEM
           *READ: 1
                                                      24.05.19 M1
 ABTOKOД  MADLEN
   (1.10.72)
                    P/SYS   :  , NAME,        DTRAN  /01.06.84/
                    PASENDS*:  , LC  ,1
                    PASEOLSY:  , LC  ,1
                    PASEOFCD:  , LC  ,1
                    P/BEXF  :  , SUBP,
                    P/DA    :  , SUBP,
                    P/TF    :  , SUBP,
                    P/MD    :  , SUBP,
                    P/DI    :  , SUBP,
                    P/PF    :  , SUBP,
                    PASPMDAD:  , LC  ,1
                    STOP*   :  , SUBP,
                    SPACE*  :  , LC  ,1
                    P/PRINT :  , SUBP,
                    P/HT    :  , SUBP,
                    PASZERO*:  , LC  ,1
                    P/WOLN  :  , SUBP,
                    P/WXD   :  , SUBP,
                    P/WL    :  , SUBP,
                    PASEOF  :  , SUBP,
                    READ*   :  , SUBP,
                    *OUTPUT*:  , LC  ,30
 0000 0751          *0000B  :  , UTC ,*0751B  .=60
  -                            , XTA ,
 0001                          , UTC ,PASZERO*
  -                            , ATX ,
 0002                        10, MTJ ,11
  -                          11, UTM ,2
 0003                        13, VJM ,P/PRINT
  -
 0004 0756                     , UTC ,*0756B  .=I12
  -                            , XTA ,
 0005                        12, XTS ,32B
  -                          15, ATX ,
 0006                        13, VJM ,P/WOLN
  -
 0007                        15, XTA ,
  -                          13, VJM ,P/WXD
 0010                        13, VJM ,P/WL
  -
 0011                        14, VTM ,PASPMDAD
  -                          14, XTA ,
 0012                          , UZA ,STOP*
  -                          13, VTM ,STOP*
 0013                        14, WTC ,
  -                            , UJ  ,
                   C===========================================
 0014               P/MOD   :  ,ENTRY,
                   C===========================================
 0014               *0014B  : 1, AEX ,11B
  -                          15, STX ,2
 0015                         1, AEX ,11B
  -                          15, XTS ,2
 0016                        13, VJM ,P/MD
  -
 0017                         1, AEX ,11B
  -                          14, UJ  ,
                   C===========================================
 0020               P/DIV   :  ,ENTRY,
                   C===========================================
 0020               *0020B  : 1, AEX ,11B
  -                          15, STX ,2
 0021                         1, AEX ,11B
  -                          15, XTS ,2
 0022                        13, VJM ,P/DI
  -
 0023                         1, AEX ,11B
  -                          14, UJ  ,
 0024               *0024B  :  , ATX ,
  -                            , ATX ,100B
 0025                          , ATX ,
  -                            , ATX ,60B
 0026               *0026B  :  , ATX ,
  -                            , ATX ,2
 0027                          , ATX ,
  -                            , ATX ,62B
 0030                          , ATX ,
  -                            , ATX ,63B
 0031               *0031B  :  , ATX ,
  -                            , ATX ,3
                   C===========================================
 0032               P/IT    :  ,ENTRY,
                   C===========================================
 0032                        15, UTM ,-2
  -                          15, WTC ,1
 0033                          , UJ  ,
                   C===========================================
  -
 0034               P/CO    :  ,ENTRY,
                   C===========================================
 0034                          , NTR ,3
  -                           1, ATX ,3
 0035                        12, ATX ,32B
  -                            , ITA ,13
 0036                        15, XTS ,-3
  -   0135                     , UZA ,*0135B
 0037                        12, XTA ,33B
  -                           1, A-X ,10B
 0040                        12, ATX ,33B
  -                          12, XTA ,33B
 0041 0632                     , U1A ,*0632B
                   C===========================================
  -
 0042               P/RE1   :  ,ENTRY,
                   C===========================================
 0042                        12, XTA ,27B
  -                           1, AAX ,10B
 0043 0045                     , UZA ,*0045B
  -                          12, XTA ,11B
 0044 0045                     , UZA ,*0045B
  -   0571                   13, VJM ,*0571B
 0045               *0045B  :12, XTA ,4
  -   0050                     , U1A ,*0050B
 0046 0740                   13, VJM ,*0740B
  -
 0047 0632          *0047B  :14, VTM ,*0632B
  -   0364                     , UJ  ,*0364B
 0050 0676          *0050B  :13, VJM ,*0676B
  -
 0051                        12, XTA ,16B
  -   0047                     , UZA ,*0047B
 0052                        12, XTA ,11B
  -   0047                     , UZA ,*0047B
 0053                        12, XTA ,22B
  -   0061                     , U1A ,*0061B
 0054                        12, XTA ,21B
  -                           1, AOX ,11B
 0055                        12, A*X ,11B
  -                            , YTA ,30B
 0056               *0056B  : 1, X-A ,10B
  -                          12, ATX ,13B
 0057 0642                   13, VJM ,*0642B
  -
 0060 0047                   13, VTM ,*0047B
  -   0275                     , UJ  ,*0275B
 0061               *0061B  :12, XTA ,16B
  -                          12, ATX ,23B
 0062                        12, XTA ,11B
  -                           1, A-X ,10B
 0063                         1, AOX ,11B
  -   0754                     , UTC ,*0754B  .=2
 0064                          , XTS ,
  -                          12, A-X ,25B
 0065                         1, AOX ,11B
  -                          13, VJM ,P/DI
 0066                         1, AEX ,11B
  -                           1, ARX ,10B
 0067 0056                     , UJ  ,*0056B
  -
 0070               *0070B  : 1, ATX ,3
  -   0074                     , UJ  ,*0074B
 0071               *0071B  : 1, XTA ,3
  -   0755                     , UTC ,*0755B  .=:0077
 0072                          , AAX ,
  -   0070                   13, VTM ,*0070B
 0073                          , U1A ,P/BEXF
  -
 0074               *0074B  : 1, XTA ,3
  -                            , ASN ,64-7
 0075                          , ASN ,64+13
  -                           1, ATX ,3
 0076 0026                   14, VTM ,*0026B
  -                          14, AAX ,
 0077 0124                     , U1A ,*0124B
  -                           1, XTA ,3
 0100                          , ASN ,64+21
  -                          12, ATX ,4
 0101                         1, XTA ,3
  -                            , ASN ,64+3
 0102 0757                     , UTC ,*0757B  .=77 7777
  -                            , AAX ,
 0103                        12, ATX ,3
  -   0147                     , UJ  ,*0147B
 0104               *0104B  :  , ATX ,
  -                            , ATX ,70B
 0105                          , ATX ,
  -                            , AMX ,7774B
 0106               *0106B  :10, J+M ,15
  -                            , ITA ,15
 0107                        12, ATX ,15B
  -                          12, ATX ,
 0110                        15, UTM ,6
  -                            , ITA ,15
 0111                        12, ATX ,1
  -   0104                   14, VTM ,*0104B
 0112                        14, XTA ,
  -                          12, ATX ,24B
 0113                        14, XTA ,1
  -                          12, ATX ,25B
 0114                          , ASN ,64-20
  -                          12, ATX ,11B
 0115                         1, XTA ,25B
  -                          12, ATX ,26B
 0116                          , XTA ,
  -                          12, ATX ,3
 0117                        12, ATX ,4
  -                          12, ATX ,7
 0120                        12, XTA ,16B
  -   0215                     , UZA ,*0215B
 0121                          , XTA ,
  -                          12, ATX ,11B
 0122                         1, XTA ,10B
  -                          12, ATX ,2
 0123 0220                     , UJ  ,*0220B
  -
 0124               *0124B  : 1, XTA ,3
  -                            , ASN ,64+3
 0125                        14, AEX ,1
  -   0130                     , UZA ,*0130B
 0126                         1, AEX ,10B
  -   0133                     , UZA ,*0133B
 0127 0230                     , UJ  ,*0230B
  -
 0130               *0130B  :  , XTA ,
  -                          10, VTM ,16B
 0131               *0131B  :12, ATX ,16B
  -                          14, XTA ,
 0132                        12, ATX ,27B
  -   0147                     , UJ  ,*0147B
 0133 0031          *0133B  :14, VTM ,*0031B
  -                           1, XTA ,10B
 0134                        10, VTM ,25B
  -   0131                     , UJ  ,*0131B
 0135               *0135B  : 1, XTA ,3
  -   0141                     , UZA ,*0141B
 0136                         1, XTA ,10B
  -                          12, A+X ,33B
 0137                        12, ATX ,33B
  -                           1, AEX ,10B
 0140 0632                     , U1A ,*0632B
  -
 0141               *0141B  :  , XTA ,
  -                          12, ATX ,2
 0142                        12, ATX ,27B
  -                          12, ATX ,31B
 0143                         1, XTA ,10B
  -                          12, ATX ,10B
 0144                         1, XTA ,3
  -   0071                     , U1A ,*0071B
 0145                        12, ATX ,4
  -                          12, ATX ,3
 0146                         1, XTA ,10B
  -                          12, ATX ,33B
 0147               *0147B  :  , ITA ,9
  -                          12, ATX ,22B
 0150                          , ITA ,11
  -                          12, STX ,21B
 0151                         1, STX ,3
  -                           1, STX ,4
 0152                          , ITA ,15
  -                          12, ATX ,14B
 0153                        12, ATX ,23B
  -                          12, ATX ,
 0154                        12, XTA ,27B
  -   0026                     , UTC ,*0026B
 0155                          , AAX ,
  -   0106                     , U1A ,*0106B
 0156                        15, UTM ,36B
  -                            , ITA ,10
 0157                          , ASN ,64-8
  -                           1, ATX ,5
 0160                        12, A-X ,21B
  -   0226                     , U1A ,*0226B
 0161                         1, XTA ,5
  -                          12, XTS ,21B
 0162 0014                   14, VJM ,*0014B
  -
 0163                         1, X-A ,5
  -                          15, ATX ,
 0164               *0164B  :12, ARX ,14B
  -                          12, STX ,15B
 0165                         1, X-A ,10B
  -                          12, ATX ,13B
 0166 0024                    9, VTM ,*0024B
  -                          12, XTA ,22B
 0167 0201                     , UZA ,*0201B
  -                           9, X-A ,
 0170                        12, ATX ,24B
  -                           9, XTA ,1
 0171                        12, XTS ,22B
  -   0020                   14, VJM ,*0020B
 0172                         1, ATX ,5
  -                           9, X-A ,2
 0173                        12, ATX ,25B
  -                           9, XTA ,1
 0174                        12, XTS ,22B
  -   0014                   14, VJM ,*0014B
 0175                         9, X-A ,
  -                            , ASN ,64-41
 0176                        12, ATX ,26B
  -                           1, XTA ,5
 0177                        12, ARX ,15B
  -                          12, ATX ,1
 0200 0202                     , UJ  ,*0202B
  -
 0201               *0201B  :12, XTA ,15B
  -                          12, ATX ,1
 0202               *0202B  :  , ATI ,15
  -                            , XTA ,
 0203                        12, ATX ,7
  -   0726                   13, VJM ,*0726B
                   C===========================================
 0204               P/RE2   :  ,ENTRY,
                   C===========================================
 0204                        12, XTA ,4
  -   0234                     , UZA ,*0234B
 0205                          , ASN ,64-10
  -                          12, XTS ,22B
 0206 0223                     , U1A ,*0223B
  -                          12, XTA ,21B
 0207 0020                   14, VJM ,*0020B
  -
 0210               *0210B  :12, ATX ,11B
  -                          12, ATX ,12B
 0211 0230                     , UZA ,*0230B
  -                            , XTA ,
 0212                        12, ATX ,2
  -                          12, ATX ,16B
 0213                         1, XTA ,10B
  -                          12, ATX ,10B
 0214 0220                   13, VTM ,*0220B
  -   0421                     , UJ  ,*0421B
 0215 0403          *0215B  :13, VJM ,*0403B
  -
 0216 0753                     , UTC ,*0753B  .=120
  -                            , XTA ,
 0217                        12, ATX ,11B
  -
 0220               *0220B  :  , XTA ,
  -                          12, ATX ,30B
 0221                         1, XTS ,4
  -                           1, XTS ,3
 0222                          , ATI ,13
  -                          13, UJ  ,
 0223               *0223B  :15, XTA ,
  -                           1, AOX ,11B
 0224                         1, A*X ,5
  -                            , YTA ,30B
 0225 0210                     , UJ  ,*0210B
  -
 0226               *0226B  :12, XTA ,21B
  -                          15, ATX ,
 0227 0164                     , UJ  ,*0164B
  -
 0230 0231          *0230B  :10, VTM ,*0231B
  -   0000                     , UJ  ,*0000B
 0231               *0231B  : 2, A+X ,7117B
  -                           2, A+X ,1111B
 0232                         4, VZM ,42040B
  -                           4, 125 ,4124B
 0233                         2, A+X ,3111B
  -                           4, UJ  ,42440B
 0234               *0234B  :12, WTC ,14B
  -                            , ATX ,
 0235                        12, XTA ,22B
  -   0220                     , UZA ,*0220B
 0236 0220                   13, VTM ,*0220B
  -   0351                     , UJ  ,*0351B
                   C===========================================
 0237               PASCTRP :  ,ENTRY,
                   C===========================================
 0237               *0237B  :12, XTA ,4
  -   0241                     , U1A ,*0241B
 0240                        12, XTA ,3
  -   0247                     , UZA ,*0247B
 0241               *0241B  :12, XTA ,6
  -   0760                     , UTC ,*0760B  .=7 6000
 0242                          , AEX ,
  -
 0243               *0243B  :13, UZA ,
  -                          12, XTA ,4
 0244                          , ATI ,14
  -   0752                     , UTC ,*0752B  .=:001
 0245                          , XTA ,
  -   0276                   14, VZM ,*0276B
 0246                        12, AOX ,3
  -   0305                     , UJ  ,*0305B
 0247               *0247B  :12, XTA ,4
  -   0263                     , UZA ,*0263B
 0250                        12, XTA ,5
  -                           1, ARX ,10B
 0251                        12, ATX ,5
  -                          12, A-X ,4
 0252                        13, U1A ,
  -
 0253 0254                  :10, VTM ,*0254B
  -   0000                     , UJ  ,*0000B
 0254               *0254B  : 2, A+X ,7117B
  -                           2, A+X ,2530B
 0255                         5, 104 ,3111B
  -                           4, UJ  ,42440B
 0256                         5, 105 ,1101B
  -                           4, UZA ,41523B
 0257 0260          *0257B  :10, VTM ,*0260B
  -   0000                     , UJ  ,*0000B
 0260               *0260B  : 2, A+X ,7117B
  -                           2, A+X ,6117B
 0261                         4, 064 ,3111B
  -                           4, UJ  ,42440B
 0262                         5, 105 ,1101B
  -                           4, UZA ,41523B
 0263               *0263B  : 1, XTA ,37B
  -   0257                     , UZA ,*0257B
 0264                        12, XTA ,3
  -   0267                     , UZA ,*0267B
 0265                         1, XTA ,37B
  -                          12, WTC ,5
 0266                          , ATX ,
  -   0270                     , UJ  ,*0270B
 0267               *0267B  : 1, XTA ,37B
  -                          12, ATX ,3
 0270               *0270B  : 1, XTA ,37B
  -                          12, ATX ,5
 0271                         1, WTC ,37B
  -                            , XTA ,
 0272                         1, ATX ,37B
  -                            , XTA ,
 0273                        12, WTC ,5
  -                            , ATX ,
 0274                        13, UJ  ,
  -
 0275               *0275B  :12, XTA ,4
  -   0304                     , U1A ,*0304B
 0276               *0276B  :12, WTC ,5
  -                            , AOX ,1
 0277               *0277B  :15, ATX ,1
  -                          12, WTC ,7
 0300                          , XTA ,1
  -                            , ASN ,64-20
 0301                        15, AOX ,1
  -                          15, ATX ,1
 0302                        15, *70 ,1
  -
 0303                        13, UJ  ,
  -
 0304               *0304B  :12, XTA ,3
  -
 0305               *0305B  :12, ARX ,5
  -   0277                     , UJ  ,*0277B
 0306 0307          *0306B  :10, VTM ,*0307B
  -   0000                     , UJ  ,*0000B
 0307               *0307B  : 2, A+X ,3505B
  -                           5, 102 ,4106B
 0310                         2, UTC ,20105B
  -                           4, 36  ,43075B
 0311                         5, 105 ,1125B
  -                           4, 122 ,40B
                   C===========================================
 0312               P/GF    :  ,ENTRY,
                   C===========================================
 0312                          , NTR ,3
  -                          12, XTA ,2
 0313 0306                     , U1A ,*0306B
  -                          12, XTA ,10B
 0314                        12, AEX ,11B
  -   0330                     , UZA ,*0330B
 0315                        12, XTA ,10B
  -                           1, ARX ,10B
 0316                        12, ATX ,10B
  -
 0317               *0317B  :12, XTA ,22B
  -   0345                     , UZA ,*0345B
 0320                        12, XTA ,
  -                          12, ARX ,21B
 0321                        12, ATX ,
  -                          12, AEX ,1
 0322                        13, U1A ,
  -                          12, XTA ,23B
 0323                         1, ARX ,10B
  -                          12, ATX ,23B
 0324                        12, AEX ,15B
  -   0351                     , U1A ,*0351B
 0325                        12, XTA ,2
  -   0421                     , UZA ,*0421B
 0326 0722          *0326B  :14, VJM ,*0722B
  -
 0327                        13, UJ  ,
  -
 0330               *0330B  :12, XTA ,27B
  -   0026                     , UTC ,*0026B
 0331                          , AAX ,
  -   0336                     , UZA ,*0336B
 0332                        12, XTA ,30B
  -                           1, AEX ,10B
 0333                        12, ATX ,30B
  -   0403                     , UZA ,*0403B
 0334                        14, VTM ,SPACE*
  -                            , ITA ,14
 0335                        12, ATX ,
  -                          13, UJ  ,
 0336               *0336B  : 1, XTA ,10B
  -                          12, ATX ,2
 0337                        12, XTA ,16B
  -   0317                     , U1A ,*0317B
 0340                        12, XTA ,20B
  -                          12, ATX ,6
 0341                        12, XTA ,5
  -                          12, AEX ,17B
 0342 0317                     , UZA ,*0317B
  -   0364                   14, VJM ,*0364B
 0343                        12, XTA ,17B
  -                          12, ATX ,5
 0344 0317                     , UJ  ,*0317B
  -
 0345               *0345B  :12, XTA ,
  -                          12, ARX ,21B
 0346                        12, ATX ,
  -                          12, AEX ,15B
 0347                        13, U1A ,
  -                          12, XTA ,2
 0350 0421                     , UZA ,*0421B
  -   0326                     , UJ  ,*0326B
                   C===========================================
 0351               P/RACPAK:  ,ENTRY,
                   C===========================================
 0351               *0351B  :12, XTA ,1
  -                            , ATI ,9
 0352                        12, XTA ,24B
  -                            , ATI ,10
 0353                        12, WTC ,25B
  -                          11, VTM ,-1
 0354                        12, WTC ,23B
  -                            , XTA ,
 0355                        15, ATX ,1
  -
 0356               *0356B  :15, XTA ,1
  -                          10, ASN ,
 0357                        15, ATX ,1
  -                            , YTA ,
 0360                        12, AEX ,31B
  -                          11, UTC ,-1
 0361                         9, ATX ,
  -   0356                   11, VLM ,*0356B
 0362                        12, XTA ,15B
  -                          12, ATX ,
 0363                        13, UJ  ,
  -
 0364               *0364B  :12, XTA ,7
  -                          14, UZA ,
 0365                         1, AEX ,35B
  -   0370                     , U1A ,*0370B
 0366                        12, WTC ,7
  -                            , XTA ,
 0367                         1, ATX ,35B
  -   0377                     , UJ  ,*0377B
 0370               *0370B  : 1, XTA ,35B
  -                          15, ATX ,1
 0371               *0371B  :15, WTC ,1
  -                            , XTA ,
 0372                        12, AEX ,7
  -   0375                     , UZA ,*0375B
 0373                        15, WTC ,1
  -                            , XTA ,
 0374                        15, ATX ,1
  -   0371                     , UJ  ,*0371B
 0375               *0375B  :12, WTC ,7
  -                            , XTA ,
 0376                        15, WTC ,1
  -                            , ATX ,
 0377               *0377B  : 1, XTA ,36B
  -                          12, WTC ,7
 0400                          , ATX ,
  -                          12, XTA ,7
 0401                         1, ATX ,36B
  -                            , XTA ,
 0402                        12, ATX ,7
  -                          14, UJ  ,
 0403               *0403B  :  , ITA ,13
  -                           1, XTS ,10B
 0404                        12, ATX ,10B
  -                          13, VJM ,PASEOF
 0405 0415                     , UZA ,*0415B
  -                            , ITA ,8
 0406                          , ITS ,12
  -                          15, ATX ,
 0407                        12, XTS ,14B
  -                          13, VJM ,READ*
 0410                          , NTR ,3
  -                          15, XTA ,
 0411                          , STI ,12
  -                            , ATI ,8
 0412                        12, WTC ,14B
  -                            , XTA ,
 0413                          , UTC ,PASEOFCD
  -                            , AEX ,
 0414 0417                     , U1A ,*0417B
  -
 0415               *0415B  : 1, XTA ,10B
  -                          12, ATX ,2
 0416                        12, ATX ,30B
  -
 0417 0722          *0417B  :14, VJM ,*0722B
  -
 0420 0632                   13, VTM ,*0632B
  -   0351                     , UJ  ,*0351B
                   C===========================================
 0421               PASINBUF:  ,ENTRY,
                   C===========================================
 0421               *0421B  :  , ITA ,13
  -                          12, XTS ,6
 0422                          , ATI ,10
  -                          12, XTA ,7
 0423 0425                     , U1A ,*0425B
  -   0456                   13, VJM ,*0456B
 0424 0425                   10, VZM ,*0425B
  -   0243                   13, VJM ,*0243B
 0425               *0425B  :12, WTC ,7
  -                            , XTA ,1
 0426                          , ATI ,9
  -                           9, UTM ,1777B
 0427                        12, XTA ,5
  -                          12, ATX ,17B
 0430                        12, XTA ,6
  -                          12, ATX ,20B
 0431                        12, XTA ,15B
  -                            , ATI ,13
 0432                        12, XTA ,13B
  -                            , ATI ,14
 0433 0434          *0433B  :10, VLM ,*0434B
  -   0445                     , UJ  ,*0445B
 0434               *0434B  : 9, UTC ,
  -                          10, XTA ,
 0435                        13, UTC ,-1
  -                          14, ATX ,
 0436 0433                   14, VLM ,*0433B
  -                            , ITA ,10
 0437               *0437B  :12, ATX ,6
  -                          12, XTA ,14B
 0440                        12, ATX ,23B
  -                          12, ATX ,
 0441 0667                     , UJ  ,*0667B
  -
 0442               *0442B  :12, XTA ,5
  -                           1, ARX ,10B
 0443                        15, ATX ,1
  -                          12, AEX ,4
 0444 0437                     , UZA ,*0437B
  -   0450                     , UJ  ,*0450B
 0445               *0445B  :12, XTA ,4
  -   0442                     , U1A ,*0442B
 0446                        12, WTC ,5
  -                            , XTA ,
 0447                        15, ATX ,1
  -   0437                     , UZA ,*0437B
 0450               *0450B  :15, XTA ,1
  -                          12, ATX ,5
 0451                          , ITA ,13
  -                            , ITS ,14
 0452                         1, XTS ,10B
  -   0243                   13, VJM ,*0243B
 0453                        15, XTA ,
  -                            , STI ,14
 0454                          , ATI ,13
  -                          10, VTM ,76001B
 0455 0434                     , UJ  ,*0434B
                   C===========================================
  -
 0456               PASGIVEP:  ,ENTRY,
                   C===========================================
 0456               *0456B  :12, XTA ,7
  -                          13, U1A ,
 0457                          , ITA ,13
  -                           1, XTS ,36B
 0460 0501                     , U1A ,*0501B
  -                           1, XTA ,35B
 0461                         1, ATX ,36B
  -
 0462               *0462B  : 1, WTC ,36B
  -                            , XTA ,
 0463 0467                     , UZA ,*0467B
  -                           1, XTA ,36B
 0464                        15, ATX ,1
  -                           1, WTC ,36B
 0465                          , XTA ,
  -                           1, ATX ,36B
 0466 0462                     , UJ  ,*0462B
  -
 0467               *0467B  : 1, XTA ,36B
  -                           1, AEX ,35B
 0470 0511                     , U1A ,*0511B
  -                           1, ATX ,35B
 0471               *0471B  :  , ITA ,12
  -                          15, ATX ,
 0472                         1, WTC ,36B
  -                            , WTC ,2
 0473                        12, VTM ,
  -                          12, XTA ,2
 0474 0477                     , UZA ,*0477B
  -                          12, XTA ,11B
 0475                        12, AEX ,12B
  -   0477                     , UZA ,*0477B
 0476 0275                   13, VJM ,*0275B
  -
 0477               *0477B  :  , XTA ,
  -                          12, ATX ,7
 0500                        15, XTA ,
  -                            , ATI ,12
 0501               *0501B  : 1, XTA ,36B
  -                          15, ATX ,1
 0502                         1, WTC ,36B
  -                            , XTA ,
 0503                         1, ATX ,36B
  -                           1, XTA ,35B
 0504                        15, WTC ,1
  -                            , ATX ,
 0505                        15, XTA ,1
  -                           1, ATX ,35B
 0506                        12, ATX ,7
  -                            , ITA ,12
 0507                        15, WTC ,1
  -                            , ATX ,2
 0510                        15, WTC ,
  -                            , UJ  ,
 0511               *0511B  :  , XTA ,
  -                          15, WTC ,1
 0512                          , ATX ,
  -   0471                     , UJ  ,*0471B
 0513               *0513B  :12, XTA ,15B
  -                          12, ATX ,
 0514                        12, XTA ,24B
  -                            , ATI ,10
 0515                        12, XTA ,25B
  -                            , ATI ,11
 0516                        12, XTA ,1
  -                            , ATI ,9
 0517                        12, XTA ,31B
  -   0525                     , UZA ,*0525B
 0520                        11, UTM ,-1
  -
 0521               *0521B  : 9, UTC ,-1
  -                          11, XTA ,
 0522                         1, AAX ,14B
  -                           9, UTC ,-1
 0523                        11, ATX ,
  -   0521                   11, VLM ,*0521B
 0524                        12, XTA ,25B
  -                            , ATI ,11
 0525               *0525B  :  , XTA ,
  -
 0526               *0526B  : 9, UTC ,-2
  -                          11, AEX ,
 0527                        10, ASN ,
  -   0526                   11, VLM ,*0526B
 0530                         9, AEX ,-1
  -                          12, ASX ,26B
 0531                        12, WTC ,23B
  -                            , ATX ,
 0532                        14, UJ  ,
  -
 0533 0534          *0533B  :10, VTM ,*0534B
  -   0000                     , UJ  ,*0000B
 0534               *0534B  : 2, A-X ,125B
  -                           5, 102 ,4106B
 0535                         2, UTC ,20105B
  -                           4, 36  ,43075B
 0536                         4, 144 ,514B
  -                           5, *64 ,2440B
                   C===========================================
 0537               P/PF    :  ,ENTRY,
                   C===========================================
 0537               *0537B  :  , NTR ,3
  -                          12, XTA ,2
 0540 0533                     , UZA ,*0533B
  -                          12, XTA ,11B
 0541                         1, ARX ,10B
  -                          12, ATX ,11B
 0542                        12, XTA ,
  -                          12, ARX ,21B
 0543                        12, ATX ,
  -                          12, AEX ,1
 0544                        13, U1A ,
  -                          12, XTA ,22B
 0545 0551                     , UZA ,*0551B
  -   0513                   14, VJM ,*0513B
 0546                        12, XTA ,23B
  -                          12, A+X ,21B
 0547                        12, ATX ,23B
  -                          12, AEX ,15B
 0550                        13, U1A ,
  -
 0551               *0551B  :12, XTA ,27B
  -   0026                     , UTC ,*0026B
 0552                          , AAX ,
  -   0600                     , U1A ,*0600B
 0553                          , ITA ,13
  -
 0554               *0554B  :12, XTS ,6
  -                            , ATI ,10
 0555                          , XTA ,
  -                          12, ATX ,16B
 0556                        12, XTA ,22B
  -   0560                     , U1A ,*0560B
 0557                        12, XTA ,
  -                          12, ATX ,23B
 0560               *0560B  :12, XTA ,7
  -   0563                     , U1A ,*0563B
 0561 0456                   13, VJM ,*0456B
  -
 0562 0237                   13, VJM ,*0237B
  -
 0563               *0563B  :12, WTC ,7
  -                            , XTA ,1
 0564                          , ATI ,9
  -                           9, UTM ,1777B
 0565                        12, XTA ,23B
  -                            , ATI ,13
 0566                        12, XTA ,13B
  -                            , ATI ,14
 0567 0626          *0567B  :10, VLM ,*0626B
  -   0633                     , UJ  ,*0633B
                   C===========================================
 0570               P/WOLN  :  ,ENTRY,
                   C===========================================
 0570                        12, VTM ,*OUTPUT*
                   C===========================================
  -
 0571               P/WL    :  ,ENTRY,
                   C===========================================
 0571               *0571B  :12, XTA ,27B
  -                           1, AAX ,10B
 0572 0600                     , U1A ,*0600B
  -                            , UTC ,PASEOLSY
 0573                          , XTA ,
  -                          12, WTC ,
 0574                          , ATX ,
  -   0537                     , UJ  ,*0537B
 0575               *0575B  :12, WTC ,14B
  -                          10, VTM ,
 0576                        12, WTC ,23B
  -                          11, VTM ,
 0577                        14, UJ  ,
  -
 0600               *0600B  :  , ITA ,13
  -                            , ITS ,2
 0601                        12, XTS ,
  -                            , ATI ,2
 0602                        12, AEX ,15B
  -   0617                     , U1A ,*0617B
 0603 0575                   14, VJM ,*0575B
  -
 0604                          , UTC ,PASENDS*
  -                            , XTA ,
 0605                          , ASN ,64-40
  -                          11, ATX ,
 0606               *0606B  :13, VJM ,P/PRINT
  -
 0607                        12, XTA ,15B
  -                          12, AEX ,23B
 0610 0613                     , UZA ,*0613B
  -   0726                   13, VJM ,*0726B
 0611               *0611B  :15, XTA ,
  -                            , STI ,2
 0612                          , ATI ,13
  -                          13, UJ  ,
 0613 0726          *0613B  :13, VJM ,*0726B
  -
 0614                          , UTC ,SPACE*
  -                            , XTA ,
 0615                        12, WTC ,
  -                            , ATX ,
 0616 0611                   13, VTM ,*0611B
  -                            , UJ  ,P/PF
 0617               *0617B  :  , UTC ,PASENDS*
  -
 0620               *0620B  :  , XTA ,
  -                           2, ATX ,
 0621                         2, UTM ,1
  -                            , ITA ,2
 0622                        12, AEX ,1
  -   0620                     , U1A ,*0620B
 0623 0513                   14, VJM ,*0513B
  -
 0624 0575                   14, VJM ,*0575B
  -
 0625 0606                     , UJ  ,*0606B
  -
 0626               *0626B  :13, UTC ,-1
  -                          14, XTA ,
 0627                         9, UTC ,
  -                          10, ATX ,
 0630 0567                   14, VLM ,*0567B
  -                            , ITA ,10
 0631                        12, ATX ,6
  -   0722                   14, VJM ,*0722B
 0632               *0632B  :15, WTC ,
  -                            , UJ  ,
 0633               *0633B  :  , ITA ,14
  -                            , ITS ,13
 0634                          , ITS ,12
  -                          15, ATX ,
 0635 0275                   13, VJM ,*0275B
  -
 0636 0247                   13, VJM ,*0247B
  -
 0637                        15, XTA ,
  -                            , STI ,12
 0640                          , STI ,13
  -                            , ATI ,14
 0641                        10, VTM ,76001B
  -   0626                     , UJ  ,*0626B
 0642               *0642B  :  , ITA ,13
  -   0554                     , UJ  ,*0554B
                   C===========================================
 0643               P/RF    :  ,ENTRY,
                   C===========================================
 0643                          , NTR ,3
  -                            , ITA ,13
 0644                        15, ATX ,
  -   0676                   13, VJM ,*0676B
 0645                        12, XTA ,11B
  -                          12, ATX ,12B
 0646                        12, XTA ,14B
  -                          12, ATX ,23B
 0647                        12, ATX ,
  -                          12, XTA ,22B
 0650 0652                     , UZA ,*0652B
  -                          12, XTA ,15B
 0651                        12, ATX ,
  -
 0652 0760          *0652B  :  , UTC ,*0760B  .=7 6000
  -                            , XTA ,
 0653                        12, ATX ,6
  -                           1, XTA ,10B
 0654                        12, ATX ,10B
  -                          12, XTA ,4
 0655 0657                     , U1A ,*0657B
  -                          12, XTA ,3
 0656                        12, ATX ,5
  -   0660                     , UJ  ,*0660B
 0657               *0657B  :  , XTA ,
  -                          12, ATX ,5
 0660 0364          *0660B  :14, VJM ,*0364B
  -
 0661                        12, XTA ,11B
  -   0664                     , U1A ,*0664B
 0662                         1, XTA ,10B
  -                          12, ATX ,2
 0663 0632                     , UJ  ,*0632B
  -
 0664               *0664B  :  , XTA ,
  -                          12, ATX ,2
 0665                        12, XTA ,16B
  -   0667                     , U1A ,*0667B
 0666 0632                   13, VTM ,*0632B
  -   0421                     , UJ  ,*0421B
 0667               *0667B  :12, XTA ,22B
  -   0632                     , UZA ,*0632B
 0670 0632                   13, VTM ,*0632B
  -   0351                     , UJ  ,*0351B
 0671               *0671B  :12, XTA ,7
  -   0632                     , UZA ,*0632B
 0672                        12, XTA ,6
  -   0760                     , UTC ,*0760B  .=7 6000
 0673                          , AEX ,
  -   0632                     , UZA ,*0632B
 0674 0275                   13, VJM ,*0275B
  -
 0675 0632                     , UJ  ,*0632B
  -
 0676               *0676B  :12, XTA ,2
  -                          13, UZA ,
 0677                        12, XTA ,11B
  -                          12, AEX ,12B
 0700                        13, UZA ,
  -                            , ITA ,13
 0701                        12, XTS ,22B
  -   0706                     , UZA ,*0706B
 0702                        12, XTA ,
  -                          12, AEX ,15B
 0703 0710                     , UZA ,*0710B
  -   0513                   14, VJM ,*0513B
 0704                        12, XTA ,23B
  -                           1, ARX ,10B
 0705                        12, ATX ,23B
  -   0710                     , UJ  ,*0710B
 0706               *0706B  :12, XTA ,
  -                          12, ATX ,23B
 0707                        12, AEX ,14B
  -   0671                     , UZA ,*0671B
 0710               *0710B  :12, XTA ,16B
  -   0720                     , U1A ,*0720B
 0711                        12, XTA ,14B
  -                          12, AEX ,23B
 0712 0632                     , UZA ,*0632B
  -                          12, XTA ,13B
 0713                         1, XTS ,10B
  -                            , NTR ,3
 0714                        12, A-X ,23B
  -                          12, A+X ,14B
 0715                        12, ATX ,13B
  -   0642                   13, VJM ,*0642B
 0716                        15, XTA ,
  -                          12, ATX ,13B
 0717 0632                   13, VTM ,*0632B
  -   0275                     , UJ  ,*0275B
 0720               *0720B  :12, XTA ,23B
  -                          12, ATX ,16B
 0721                        15, WTC ,
  -                            , UJ  ,
 0722               *0722B  :12, XTA ,14B
  -                          12, ATX ,23B
 0723                        12, ATX ,
  -                          12, XTA ,22B
 0724                        14, UZA ,
  -                          12, XTA ,15B
 0725                        12, ATX ,
  -                          14, UJ  ,
                   C===========================================
 0726               P/TF    :  ,ENTRY,
                   C===========================================
 0726 0722          *0726B  :14, VJM ,*0722B
  -
 0727                          , XTA ,
  -                          12, ATX ,11B
 0730                        12, ATX ,12B
  -   0760                     , UTC ,*0760B  .=7 6000
 0731                          , XTA ,
  -                          12, ATX ,6
 0732 0364                   14, VJM ,*0364B
  -
 0733                         1, XTA ,10B
  -                          12, ATX ,2
 0734                        12, ATX ,16B
  -                          12, XTA ,4
 0735 0736                     , U1A ,*0736B
  -   0740                     , UJ  ,*0740B
 0736               *0736B  :  , XTA ,
  -                          12, ATX ,5
 0737                        13, UJ  ,
  -
 0740               *0740B  :12, XTA ,3
  -                          13, UZA ,
 0741                        12, ATX ,5
  -
 0742               *0742B  :12, WTC ,5
  -                            , XTA ,
 0743 0750                     , U1A ,*0750B
  -                           1, XTA ,37B
 0744                        12, WTC ,5
  -                            , ATX ,
 0745                        12, XTA ,3
  -                           1, ATX ,37B
 0746                          , XTA ,
  -                          12, ATX ,3
 0747                        12, ATX ,5
  -                          13, UJ  ,
 0750               *0750B  :12, ATX ,5
  -   0742                     , UJ  ,*0742B
 0751               *0751B  :  , LOG ,60
 0752               *0752B  :  , OCT ,001
 0753               *0753B  :  , LOG ,120
 0754               *0754B  :  , LOG ,2
 0755               *0755B  :  , OCT ,0077
 0756               *0756B  :  , INT ,12
 0757               *0757B  :  , LOG ,77 7777
 0760               *0760B  :  , LOG ,7 6000
                               , END ,
 ЧИCЛO ПEPФ. 0988      ЧИCЛO OШИБ. OПEPATOPOB  0000
           *READ OLD
           *END FILE
 КОНЕЦ ЗАДАЧИ
 00411: 00 074 0000	*74
