                                                      24.05.19 M1

  M O H И T O P-8 0  (3.7)   25.09.84*       (  MC " Д Y Б H A " ИAЭ  )             ШИФP    419999000000







                    ЖЖЖЖ        ЖЖЖЖЖ ЖЖЖЖ  ЖЖЖЖ   ЖЖЖ   ЖЖЖ  ЖЖЖЖ
                    Ж   Ж         Ж   Ж   Ж Ж   Ж Ж   Ж Ж   Ж Ж
                    Ж   Ж    Ж    Ж   Ж   Ж Ж   Ж Ж   Ж Ж     ЖЖЖ
                    Ж   Ж   Ж     Ж   ЖЖЖЖ  Ж   Ж Ж   Ж Ж     Ж
                    ЖЖЖЖ   Ж      Ж   Ж Ж   ЖЖЖЖ  Ж   Ж Ж  ЖЖ Ж
                    Ж             Ж   Ж  Ж  Ж     ЖЖЖЖЖ Ж   Ж Ж
                    Ж             Ж   Ж   Ж Ж     Ж   Ж  ЖЖЖ  ЖЖЖЖЖ








*NAME P/TRPAGE
           *PERSO: 401350, CONT
 04.10.84 M1
           *CALL DTRAN:410440(P/TRPAGE)
                 DTRAN  /01.06.84/
           *CALL PUTFLAG*
 40
           *ASSEM
           *READ: 1
                                                      24.05.19 M1
 ABTOKOД  MADLEN
   (1.10.72)
                    P/TRPAGE:  , NAME,        DTRAN  /01.06.84/
                    P/PAGES :  , SUBP,
                    PASPAGN*:  , LC  ,1
                    PASDRN* :  , LC  ,1
                    PASDRUM*:  , LC  ,1
 0000                          , XTA ,
  -                           1, ATX ,37B
 0001                         1, ATX ,36B
  -                           1, ATX ,35B
 0002                        14, VJM ,P/PAGES
  -
 0003                          , WTC ,PASPAGN*
  -                          10, VTM ,
 0004 0011          *0004B  :10, VZM ,*0011B
  -                          10, UTM ,-1
 0005                        15, MTJ ,11
  -                           1, XTA ,36B
 0006                          , ITS ,9
  -                           9, UTM ,2000B
 0007                          , ITS ,11
  -                          15, UTM ,1
 0010                         1, ATX ,36B
  -   0004                     , UJ  ,*0004B
 0011               *0011B  :  , WTC ,PASDRN*
  -                          10, VTM ,
 0012                          , UTC ,PASDRUM*
  -                            , XTA ,
 0013                         1, ATX ,3
  -   0030                   14, VTM ,*0030B  .=37
 0014 0027          *0014B  :10, VZM ,*0027B
  -                          10, UTM ,-1
 0015                        15, MTJ ,11
  -                           1, XTA ,37B
 0016                         1, XTS ,3
  -                            , ITS ,11
 0017                         1, ATX ,37B
  -                           1, XTA ,3
 0020                        14, AAX ,
  -                          14, AEX ,
 0021 0024                     , UZA ,*0024B
  -                           1, XTA ,3
 0022                         1, ARX ,10B
  -                           1, ATX ,3
 0023 0014                     , UJ  ,*0014B
  -
 0024               *0024B  : 1, XTA ,3
  -                            , ASN ,64+15
 0025                          , ASN ,64-15
  -                          14, ARX ,1
 0026                         1, ATX ,3
  -   0014                     , UJ  ,*0014B
 0027               *0027B  :13, UJ  ,
  -
 0030               *0030B  :  , LOG ,37
 0031                          , LOG ,1 0000
                               , END ,
 ЧИCЛO ПEPФ. 0053      ЧИCЛO OШИБ. OПEPATOPOB  0000
           *READ OLD
           *END FILE
 КОНЕЦ ЗАДАЧИ
 00411: 00 074 0000	*74
