                                                      24.05.19 M1

  M O H И T O P-8 0  (3.7)   25.09.84*       (  MC " Д Y Б H A " ИAЭ  )             ШИФP    419999000000







                    ЖЖЖЖ        Ж   Ж  ЖЖЖ
                    Ж   Ж       Ж   Ж   Ж
                    Ж   Ж    Ж  Ж   Ж   Ж
                    Ж   Ж   Ж   Ж   Ж   Ж
                    ЖЖЖЖ   Ж    Ж Ж Ж   Ж
                    Ж           Ж Ж Ж   Ж
                    Ж            Ж Ж   ЖЖЖ








*NAME P/WI
           *PERSO: 401350, CONT
 04.10.84 M1
           *CALL DTRAN:410440(P/WI)
                 DTRAN  /01.06.84/
           *CALL PUTFLAG*
 40
           *ASSEM
           *READ: 1
                                                      24.05.19 M1
 ABTOKOД  MADLEN
   (1.10.72)
                    P/WI    :  , NAME,        DTRAN  /01.06.84/
                    P/PF    :  , SUBP,
                    P/SP    :  , SUBP,
                    PASZERO*:  , LC  ,1
                    PASMINS*:  , LC  ,1
                    P/7A    :  , SUBP,
                    P/CW    :  , SUBP,
 0000                         1, AOX ,11B
  -                            , ITS ,13
 0001                          , ITS ,8
  -                           1, XTS ,10B
 0002                        15, XTS ,-4
  -   0052                    9, VTM ,*0052B  .=4001 4631 4631
                                                4632
 0003                         9, AAX ,4
  -                           1, AEX ,11B
 0004 0007                     , UZA ,*0007B
  -   0057                   11, VTM ,*0057B  .=6H*NO IN
 0005                        10, VTM ,14B
  -                          13, VJM ,P/7A
 0006 0047                     , UJ  ,*0047B
  -
 0007               *0007B  :15, XTA ,-4
  -                          10, VTM ,
 0010                        15, UTC ,24B
  -                           8, VTM ,
 0011                          , NTR ,23B
  -   0014                     , UZA ,*0014B
 0012                         1, AVX ,17B
  -                          15, ATX ,-4
 0013                          , XTA ,
  -                          15, ATX ,-1
 0014               *0014B  : 9, XTA ,1
  -                           8, ATX ,
 0015               *0015B  :15, XTA ,-4
  -                           9, A*X ,
 0016                        15, ATX ,1
  -                           9, AEX ,2
 0017 0021                     , U1A ,*0021B
  -                          15, XTA ,-4
 0020 0023                     , UJ  ,*0023B
  -
 0021               *0021B  :15, XTA ,1
  -                           9, A*X ,3
 0022                          , YTA ,100B
  -                          15, X-A ,-4
 0023               *0023B  : 9, AAX ,1
  -
 0024                       :10, UTM ,1
  -                           8, ATX ,1
 0025                         8, UTM ,1
  -                          15, XTA ,1
 0026                        15, ATX ,-4
  -                           9, AEX ,2
 0027 0015                     , U1A ,*0015B
  -                          15, XTA ,-1
 0030 0031                     , U1A ,*0031B
  -                          10, UTM ,1
 0031               *0031B  :  , ITA ,10
  -                           1, AEX ,11B
 0032                        15, A-X ,-5
  -                          15, UTM ,62B
 0033                        13, VJM ,P/SP
  -
 0034                        15, UTM ,-50
  -                          15, XTA ,-1
 0035 0037                     , U1A ,*0037B
  -                            , UTC ,PASMINS*
 0036                          , XTA ,
  -                          13, VJM ,P/CW
 0037               *0037B  : 8, XTA ,
  -   0053                     , UTC ,*0053B  .=377
 0040                          , AEX ,
  -   0047                     , UZA ,*0047B
 0041                         8, XTA ,
  -                            , UTC ,PASZERO*
 0042                          , ARX ,
  -                          12, WTC ,
 0043                          , ATX ,
  -                          15, UTM ,62B
 0044                        13, VJM ,P/PF
  -
 0045                        15, UTM ,-50
  -                           8, UTM ,-1
 0046 0037                     , UJ  ,*0037B
  -
 0047               *0047B  :15, XTA ,-2
  -                            , ATI ,8
 0050                        15, UTM ,-5
  -                          15, WTC ,2
 0051                          , UJ  ,
  -
 0052               *0052B  :  , LOG ,4001 4631 4631 4632
 0053               *0053B  :  , LOG ,377
 0054                          , INT ,0
 0055                          , LOG ,4000 0000 0000 0012
 0056                          , OCT ,774
 0057               *0057B  :  , ISO ,12H*NO INTEGER*
                               , END ,
 ЧИCЛO ПEPФ. 0091      ЧИCЛO OШИБ. OПEPATOPOB  0000
           *READ OLD
           *END FILE
 КОНЕЦ ЗАДАЧИ
 00411: 00 074 0000	*74
