                                                      24.05.19 M1

  M O H И T O P-8 0  (3.7)   25.09.84*       (  MC " Д Y Б H A " ИAЭ  )             ШИФP    419999000000







                    ЖЖЖЖ        Ж   Ж Ж   Ж
                    Ж   Ж       Ж   Ж  Ж Ж
                    Ж   Ж    Ж  Ж   Ж   Ж
                    Ж   Ж   Ж   Ж   Ж  Ж Ж
                    ЖЖЖЖ   Ж    Ж Ж Ж Ж   Ж
                    Ж           Ж Ж Ж Ж   Ж
                    Ж            Ж Ж  Ж   Ж








*NAME P/WX
           *PERSO: 401350, CONT
 04.10.84 M1
           *CALL DTRAN:410440(P/WX)
                 DTRAN  /01.06.84/
           *CALL PUTFLAG*
 40
           *ASSEM
           *READ: 1
                                                      24.05.19 M1
 ABTOKOД  MADLEN
   (1.10.72)
                    P/WX    :  , NAME,        DTRAN  /01.06.84/
                    PASISOXT:  , SUBP,
                    P/SP    :  , SUBP,
                    P/CW    :  , SUBP,
 0000                          , ATI ,14
  -   0024                     , UTC ,*0024B  .=:7777 7777 7777
                                                 74
 0001                          , AAX ,
  -   0005                     , UZA ,*0005B
 0002 0004                     , UTC ,*0004B
  -                            , XTA ,
 0003 0007                     , UJ  ,*0007B
  -
 0004               *0004B  : 2, UTM ,65764B
  -                          12, VZM ,34112B
 0005               *0005B  :14, UTC ,
  -                           8, UTC ,
 0006                        11, XTA ,
                   C===========================================
  -
 0007               P/WXD   :  ,ENTRY,
                   C===========================================
 0007               *0007B  :  , ITS ,13
  -                            , ITS ,8
 0010                        15, ATX ,
  -   0023                     , UTC ,*0023B  .=I8
 0011                          , XTA ,
  -                            , NTR ,3
 0012                        15, A-X ,-4
  -                          13, VJM ,P/SP
 0013                         8, VTM ,-7
  -
 0014               *0014B  :15, XTA ,-3
  -                            , ASN ,64-6
 0015                        15, ATX ,-3
  -                            , YTA ,
 0016                        13, VJM ,PASISOXT
  -
 0017                        13, VJM ,P/CW
  -
 0020 0014                    8, VLM ,*0014B
  -                          15, XTA ,
 0021                          , STI ,8
  -                            , ATI ,13
 0022                        15, UTM ,-2
  -                          13, UJ  ,
 0023               *0023B  :  , INT ,8
 0024               *0024B  :  , OCT ,7777 7777 7777 74
                               , END ,
 ЧИCЛO ПEPФ. 0043      ЧИCЛO OШИБ. OПEPATOPOB  0000
           *READ OLD
           *END FILE
 КОНЕЦ ЗАДАЧИ
 00411: 00 074 0000	*74
