                                                      24.05.19 M1

  M O H И T O P-8 0  (3.7)   25.09.84*       (  MC " Д Y Б H A " ИAЭ  )             ШИФP    419999000000







                    ЖЖЖЖ   ЖЖЖ   ЖЖЖ  Ж   Ж ЖЖЖЖ   ЖЖЖ
                    Ж   Ж Ж   Ж Ж     ЖЖ  Ж Ж  Ж  Ж   Ж
                    Ж   Ж Ж   Ж  ЖЖЖ  Ж Ж Ж ЖЖЖ    Ж Ж
                    Ж   Ж Ж   Ж     Ж Ж  ЖЖ Ж  Ж    Ж
                    ЖЖЖЖ  Ж   Ж     Ж Ж   Ж Ж   Ж  Ж Ж
                    Ж     ЖЖЖЖЖ Ж   Ж Ж   Ж Ж   Ж Ж   Ж
                    Ж     Ж   Ж  ЖЖЖ  Ж   Ж ЖЖЖЖ   ЖЖЖ








*NAME PASNB8
           *PERSO: 401350, CONT
 04.10.84 M1
           *CALL DTRAN:410440(PASNB8)
                 DTRAN  /01.06.84/
           *CALL PUTFLAG*
 40
           *ASSEM
           *READ: 1
                                                      24.05.19 M1
 ABTOKOД  MADLEN
   (1.10.72)
                    PASNB8  :  , NAME,        DTRAN  /01.06.84/
 0000                          , ITA ,13
  -                            , ITS ,8
 0001                          , NTR ,3
  -                            , ITA ,11
 0002                          , ITS ,10
  -                          15, A-X ,
 0003                          , ATI ,13
  -                          10, MTJ ,14
 0004               *0004B  :14, XTA ,
  -                           9, AAX ,13B
 0005                        14, ATX ,
  -                          14, UTM ,1
 0006 0004                   13, VLM ,*0004B
  -                          15, WTC ,
 0007                          , UJ  ,
  -
                               , END ,
 ЧИCЛO ПEPФ. 0017      ЧИCЛO OШИБ. OПEPATOPOB  0000
           *READ OLD
           *END FILE
 КОНЕЦ ЗАДАЧИ
 00411: 00 074 0000	*74
