                                                      10.04.19 М1

  М О Н И Т О Р-8 0  (3.7)   25.09.84*       (  МС " Д У Б Н А " ИАЭ  )             ШИФР    419999000000







                    ЖЖЖЖ           Ж
                    Ж   Ж         ЖЖ
                    Ж   Ж    Ж   Ж Ж
                    Ж   Ж   Ж      Ж
                    ЖЖЖЖ   Ж       Ж
                    Ж              Ж
                    Ж             ЖЖЖ








*NАМЕ Р/1
           *РЕRSО: 401350, СОNТ
 04.10.84 М1
           *САLL DТRАN:410440(Р/1)
                 DТRАN  /01.06.84/
           *АSSЕМ
           *RЕАD: 1
                                                      10.04.19 М1
 АВТОКОД  МАDLЕN
   (1.10.72)
                    Р/1     :  , NАМЕ,        DТRАN  /01.06.84/
                    Р/ТRРАGЕ:  , SUВР,
                    Р/ВХ    :  , SUВР,
                    Р/ЕN    :  , SUВР,
 0000                        11, VJМ ,Р/ВХ
  -
 0001                        13, VJМ ,Р/ЕN
  -
 0002                        14, МТJ ,13
  -                          10, ХТА ,2
 0003                        13, U1А ,
  -                            , UJ  ,Р/ТRРАGЕ
                               , ЕND ,
 ЧИСЛО ПЕРФ. 0011      ЧИСЛО ОШИБ. ОПЕРАТОРОВ  0000
           *RЕАD ОLD
           *ЕND FILЕ
 КОНЕЦ ЗАДАЧИ
 00411: 00 074 0000	*74
