                                                      10.04.19 М1

  М О Н И Т О Р-8 0  (3.7)   25.09.84*       (  МС " Д У Б Н А " ИАЭ  )             ШИФР    419999000000







                    ЖЖЖЖ        ЖЖЖЖЖ  ЖЖЖ
                    Ж   Ж       Ж   Ж Ж   Ж
                    Ж   Ж    Ж      Ж Ж   Ж
                    Ж   Ж   Ж      Ж  Ж   Ж
                    ЖЖЖЖ   Ж      Ж   Ж   Ж
                    Ж            Ж    ЖЖЖЖЖ
                    Ж            Ж    Ж   Ж








*NАМЕ Р/7А
           *РЕRSО: 401350, СОNТ
 04.10.84 М1
           *САLL DТRАN:410440(Р/7А)
                 DТRАN  /01.06.84/
           *АSSЕМ
           *RЕАD: 1
                                                      10.04.19 М1
 АВТОКОД  МАDLЕN
   (1.10.72)
                    Р/7А    :  , NАМЕ,        DТRАN  /01.06.84/
                    Р/РF    :  , SUВР,
                    Р/НIDЕ  :  , SUВР,
                    Р/ЕDIН  :  , SUВР,
 0000                        14, VJМ ,Р/НIDЕ
  -
 0001                        11, МТJ ,8
  -                          10, МТJ ,7
                   С===========================================
 0002               Р/7АD   :  ,ЕNТRУ,
                   С===========================================
 0002               *0002В  : 6, VТМ ,-5
  -                           8, ХТА ,
 0003                         1, АТХ ,5
  -
 0004               *0004В  : 1, ХТА ,5
  -                            , АSN ,64-8
 0005                         1, АТХ ,5
  -                            , УТА ,
 0006                        12, WТС ,
  -                            , АТХ ,
 0007                        13, VJМ ,Р/РF
  -
 0010                         7, UТМ ,-1
  -   0013                    7, VZМ ,*0013В
 0011 0004                    6, VLМ ,*0004В
  -                           8, UТМ ,1
 0012 0002                     , UJ  ,*0002В
  -
 0013               *0013В  :14, VJМ ,Р/ЕDIН
  -
 0014                        13, UJ  ,
  -
                               , ЕND ,
 ЧИСЛО ПЕРФ. 0028      ЧИСЛО ОШИБ. ОПЕРАТОРОВ  0000
           *RЕАD ОLD
           *ЕND FILЕ
 КОНЕЦ ЗАДАЧИ
 00411: 00 074 0000	*74
