                                                      10.04.19 М1

  М О Н И Т О Р-8 0  (3.7)   25.09.84*       (  МС " Д У Б Н А " ИАЭ  )             ШИФР    419999000000







                    ЖЖЖЖ        ЖЖЖЖ  Ж   Ж
                    Ж   Ж       Ж  Ж   Ж Ж
                    Ж   Ж    Ж  ЖЖЖ     Ж
                    Ж   Ж   Ж   Ж  Ж   Ж Ж
                    ЖЖЖЖ   Ж    Ж   Ж Ж   Ж
                    Ж           Ж   Ж Ж   Ж
                    Ж           ЖЖЖЖ  Ж   Ж








*NАМЕ Р/ВХ
           *РЕRSО: 401350, СОNТ
 04.10.84 М1
           *САLL DТRАN:410440(Р/ВХ)
                 DТRАN  /01.06.84/
           *АSSЕМ
           *RЕАD: 1
                                                      10.04.19 М1
 АВТОКОД  МАDLЕN                                                  0040                          , LОG ,7 7777
   (1.10.72)                                                      0041                          , INТ ,1
                    Р/ВХ    :  , NАМЕ,        DТRАN  /01.06.84/   0042                          , LОG ,3407 0160 3407
                    RGЕХРОRТ:  , LС  ,1                           0043                          , ОСТ ,401
                    Р/1D    :  , LС  ,40                          0044                          , LОG ,7777 7777 7777 7777
                    Р/SТАСК :  , LС  ,1                           0045                          , ОСТ ,4
                    GАК/7   :  , ЕQU ,Р/1D+6                      0046                          , LОG ,17 7777 7777 7700
                    GАL/1   :  , ЕQU ,Р/1D+27                     0047               /0047В  :  , LОG ,7 6000
 0000                         9, VТМ ,Р/SТАСК                     0050                          , ОСТ ,1
  -                            , ХТА ,17В                         0051               /0051В  :  , LОG ,1
 0001                          , АТI ,10                                                      17, SЕТ ,/0026В
  -                            , IТА ,15                          0052                         1,     ,GАК/7   .Р/1D+6
 0002                        10, МТJ ,15                                                       2, SЕТ ,/0047В
  -                            , ХТS ,17В                         0053                         1,     ,GАL/1   .Р/1D+27
 0003                         9, ХТS ,                                                         1, SЕТ ,/0051В
  -                            , IТS ,13                          0054                         1,     ,RGЕХРОRТ
 0004                        12, VТМ ,-6                                                        , ЕND ,
  -                                                               ЧИСЛО ПЕРФ. 0077      ЧИСЛО ОШИБ. ОПЕРАТОРОВ  0000
 0005               *0005В  :12, IТS ,7
  -   0005                   12, VLМ ,*0005В
 0006                          , ХТS ,
  -                            , IТS ,10
 0007 0025                     , UТС ,*0025В  .=10 0000
  -                            , АОХ ,
 0010                         9, АТХ ,
  -                            , NТR ,3
 0011                        11, UJ  ,
                   С===========================================
  -
 0012               Р/ЕN    :  ,ЕNТRУ,
                   С===========================================
 0012 0015                   12, VТМ ,*0015В
  -                            , IТА ,12
 0013                         1, VТМ ,Р/1D
  -                           1, АТХ ,1
 0014                         1, МТJ ,7
  -                          13, UJ  ,
 0015               *0015В  : 9, VТМ ,Р/SТАСК
  -                           9, WТС ,
 0016                        15, VТМ ,13В
  -                          12, VТМ ,7
 0017                        15, ХТА ,
  -
 0020               *0020В  :12, SТI ,
  -                          12, UТМ ,-1
 0021 0020                   12, V1М ,*0020В
  -                            , SТI ,13
 0022                         9, SТХ ,
  -                            , SТХ ,17В
 0023                        15, МТJ ,9
  -                            , АТI ,15
 0024                          , NТR ,6
  -                          13, UJ  ,
 0025               *0025В  :  , LОG ,10 0000
                               , DАТА,
 0026               /0026В  :  , LОG ,
 0027                          , ISО ,6Н000000
 0030                          , LОG ,1
 0031                          , INТ ,0
 0032                          , ОСТ ,24
 0033                          , LОG ,7757 7777 7777 7777
 0034                          , LОG ,17 7777 7777 7777
 0035                          , LОG ,2650 3067 5720 2661
 0036                          , ОСТ ,405
 0037                          , INТ ,-1
           *RЕАD ОLD
           *ЕND FILЕ
 КОНЕЦ ЗАДАЧИ
 00411: 00 074 0000	*74
