                                                      10.04.19 М1

  М О Н И Т О Р-8 0  (3.7)   25.09.84*       (  МС " Д У Б Н А " ИАЭ  )             ШИФР    419999000000







                    ЖЖЖЖ        ЖЖЖ    ЖЖЖ
                    Ж   Ж       Ж  Ж  Ж   Ж
                    Ж   Ж    Ж  Ж   Ж Ж   Ж
                    Ж   Ж   Ж   Ж   Ж Ж   Ж
                    ЖЖЖЖ   Ж    Ж   Ж Ж   Ж
                    Ж           Ж   Ж ЖЖЖЖЖ
                    Ж           ЖЖЖЖ  Ж   Ж








*NАМЕ Р/DА
           *РЕRSО: 401350, СОNТ
 04.10.84 М1
           *САLL DТRАN:410440(Р/DА)
                 DТRАN  /01.06.84/
           *АSSЕМ
           *RЕАD: 1
                                                      10.04.19 М1
 АВТОКОД  МАDLЕN
   (1.10.72)
                    Р/DА    :  , NАМЕ,        DТRАN  /01.06.84/
                    *ОUТРUТ*:  , LС  ,1
                    Р/7А    :  , SUВР,
                    Р/WI    :  , SUВР,
                    Р/WL    :  , SUВР,
                    Р/НТ    :  , SUВР,
 0000 0012                     , UТС ,*0012В  .=I6
  -                            , ХТА ,
 0001                          , IТS ,14
  -                           1, АОХ ,11В
 0002                        15, АТХ ,
  -                          12, VТМ ,*ОUТРUТ*
 0003                        10, VТМ ,14В
  -   0010                   11, VТМ ,*0010В  .=6Н ОVЕRА
 0004                        13, VJМ ,Р/7А
  -
 0005                        15, ХТА ,
  -                          13, VJМ ,Р/WI
 0006                        13, VJМ ,Р/WL
  -
 0007                        13, VJМ ,Р/НТ
  -
 0010               *0010В  :  , ISО ,12Н ОVЕRАNGЕ IN
 0012               *0012В  :  , INТ ,6
                               , ЕND ,
 ЧИСЛО ПЕРФ. 0022      ЧИСЛО ОШИБ. ОПЕРАТОРОВ  0000
           *RЕАD ОLD
           *ЕND FILЕ
 КОНЕЦ ЗАДАЧИ
 00411: 00 074 0000	*74
