                                                      10.04.19 М1

  М О Н И Т О Р-8 0  (3.7)   25.09.84*       (  МС " Д У Б Н А " ИАЭ  )             ШИФР    419999000000







                    ЖЖЖЖ        ЖЖЖЖ  ЖЖЖЖЖ
                    Ж   Ж       Ж     Ж
                    Ж   Ж    Ж  ЖЖЖ   ЖЖЖЖ
                    Ж   Ж   Ж   Ж     Ж
                    ЖЖЖЖ   Ж    Ж     Ж
                    Ж           Ж     Ж
                    Ж           ЖЖЖЖЖ Ж








*NАМЕ Р/ЕF
           *РЕRSО: 401350, СОNТ
 04.10.84 М1
           *САLL DТRАN:410440(Р/ЕF)
                 DТRАN  /01.06.84/
           *АSSЕМ
           *RЕАD: 1
                                                      10.04.19 М1
 АВТОКОД  МАDLЕN
   (1.10.72)
                    Р/ЕF    :  , NАМЕ,        DТRАN  /01.06.84/
                    РАSЕОLSУ:  , LС  ,1
                    РАSZЕRО*:  , LС  ,1
                    РАSМINS*:  , LС  ,1
                    SРАСЕ*  :  , LС  ,1
                    РАSЕОFСD:  , LС  ,1
                    РАSЕNDS*:  , LС  ,1
 0000                         7, ХТА ,1
  -                            , АSN ,64+15
 0001                          , АТI ,14
  -                          14, UТС ,
 0002                        13, VJМ ,
                   С===========================================
  -
 0003               Р/Е     :  ,ЕNТRУ,
                   С===========================================
 0003                          , NТR ,3
  -                           7, МТJ ,15
 0004                         7, ХТА ,
  -                            , АТI ,7
 0005                        15, WТС ,1
  -                            , UJ  ,
                               , DАТА,
 0006               /0006В  :  , LОG ,60
 0007               /0007В  :  , LОG ,55
 0010               /0010В  :  , LОG ,40
 0011               /0011В  :  , ISО ,6Н/*
 0012               /0012В  :  , LОG ,12
                              1, SЕТ ,/0012В
 0013                         1,     ,РАSЕОLSУ
                              1, SЕТ ,/0006В
 0014                         1,     ,РАSZЕRО*
                              1, SЕТ ,/0007В
 0015                         1,     ,РАSМINS*
                              1, SЕТ ,/0010В
 0016                         1,     ,SРАСЕ*
                              1, SЕТ ,/0011В
 0017                         1,     ,РАSЕОFСD
                              1, SЕТ ,/0012В
 0020                         1,     ,РАSЕNDS*
                               , ЕND ,
 ЧИСЛО ПЕРФ. 0040      ЧИСЛО ОШИБ. ОПЕРАТОРОВ  0000
           *RЕАD ОLD
           *ЕND FILЕ
 КОНЕЦ ЗАДАЧИ
 00411: 00 074 0000	*74
