                                                      10.04.19 М1

  М О Н И Т О Р-8 0  (3.7)   25.09.84*       (  МС " Д У Б Н А " ИАЭ  )             ШИФР    419999000000







                    ЖЖЖЖ        Ж   Ж  ЖЖЖ  ЖЖЖ   ЖЖЖЖ
                    Ж   Ж       Ж   Ж   Ж   Ж  Ж  Ж
                    Ж   Ж    Ж  ЖЖЖЖЖ   Ж   Ж   Ж ЖЖЖ
                    Ж   Ж   Ж   Ж   Ж   Ж   Ж   Ж Ж
                    ЖЖЖЖ   Ж    Ж   Ж   Ж   Ж   Ж Ж
                    Ж           Ж   Ж   Ж   Ж   Ж Ж
                    Ж           Ж   Ж  ЖЖЖ  ЖЖЖЖ  ЖЖЖЖЖ








*NАМЕ Р/НIDЕ
           *РЕRSО: 401350, СОNТ
 04.10.84 М1
           *САLL DТRАN:410440(Р/НIDЕ)
                 DТRАN  /01.06.84/
           *АSSЕМ
           *RЕАD: 1
                                                      10.04.19 М1
 АВТОКОД  МАDLЕN
   (1.10.72)
                    Р/НIDЕ  :  , NАМЕ,        DТRАN  /01.06.84/
 0000                          , IТА ,13
  -                            , IТS ,8
 0001                          , IТS ,7
  -                            , IТS ,6
 0002                        15, АТХ ,
  -                          14, UJ  ,
                   С===========================================
 0003               Р/ЕDIН  :  ,ЕNТRУ,
                   С===========================================
 0003                        15, ХТА ,
  -                            , SТI ,6
 0004                          , SТI ,7
  -                            , SТI ,8
 0005                          , АТI ,13
  -                          14, UJ  ,
                               , ЕND ,
 ЧИСЛО ПЕРФ. 0017      ЧИСЛО ОШИБ. ОПЕРАТОРОВ  0000
           *RЕАD ОLD
           *ЕND FILЕ
 КОНЕЦ ЗАДАЧИ
 00411: 00 074 0000	*74
