                                                      10.04.19 М1

  М О Н И Т О Р-8 0  (3.7)   25.09.84*       (  МС " Д У Б Н А " ИАЭ  )             ШИФР    419999000000







                    ЖЖЖЖ        Ж   Ж ЖЖЖЖЖ
                    Ж   Ж       Ж   Ж   Ж
                    Ж   Ж    Ж  ЖЖЖЖЖ   Ж
                    Ж   Ж   Ж   Ж   Ж   Ж
                    ЖЖЖЖ   Ж    Ж   Ж   Ж
                    Ж           Ж   Ж   Ж
                    Ж           Ж   Ж   Ж








*NАМЕ Р/НТ
           *РЕRSО: 401350, СОNТ
 04.10.84 М1
           *САLL DТRАN:410440(Р/НТ)
                 DТRАN  /01.06.84/
           *АSSЕМ
           *RЕАD: 1
                                                      10.04.19 М1
 АВТОКОД  МАDLЕN
   (1.10.72)
                    Р/НТ    :  , NАМЕ,        DТRАN  /01.06.84/
                    SТОР*   :  , SUВР,
                    Р/Е     :  , SUВР,
                    Р/RС    :  , SUВР,
                    Р/ЕF    :  , SUВР,
                    РАSРМDАD:  , LС  ,1
 0000                        14, VТМ ,РАSРМDАD
  -                          14, ХТА ,
 0001 0003                     , UZА ,*0003В
  -   0003                   13, VТМ ,*0003В
 0002                        14, WТС ,
  -                            , UJ  ,
 0003               *0003В  : 1, МТJ ,13
  -                          14, VJМ ,Р/RС
 0004                         7, ХТА ,1
  -   0011                     , UТС ,*0011В  .=77 7770 0000
 0005                          , ААХ ,
  -                          14, VТМ ,SТОР*
 0006                          , IТS ,14
  -                          15, АОХ ,-1
 0007                         7, SТХ ,1
  -                            , UZА ,Р/Е
 0010                          , UJ  ,Р/ЕF
  -
 0011               *0011В  :  , LОG ,77 7770 0000
                               , ЕND ,
 ЧИСЛО ПЕРФ. 0025      ЧИСЛО ОШИБ. ОПЕРАТОРОВ  0000
           *RЕАD ОLD
           *ЕND FILЕ
 КОНЕЦ ЗАДАЧИ
 00411: 00 074 0000	*74
