                                                      10.04.19 М1

  М О Н И Т О Р-8 0  (3.7)   25.09.84*       (  МС " Д У Б Н А " ИАЭ  )             ШИФР    419999000000







                    ЖЖЖЖ        ЖЖЖЖ   ЖЖЖ   ЖЖЖ  ЖЖЖЖ   ЖЖЖ
                    Ж   Ж       Ж   Ж Ж   Ж Ж   Ж Ж     Ж
                    Ж   Ж    Ж  Ж   Ж Ж   Ж Ж     ЖЖЖ    ЖЖЖ
                    Ж   Ж   Ж   Ж   Ж Ж   Ж Ж     Ж         Ж
                    ЖЖЖЖ   Ж    ЖЖЖЖ  Ж   Ж Ж  ЖЖ Ж         Ж
                    Ж           Ж     ЖЖЖЖЖ Ж   Ж Ж     Ж   Ж
                    Ж           Ж     Ж   Ж  ЖЖЖ  ЖЖЖЖЖ  ЖЖЖ








*NАМЕ Р/РАGЕS
           *РЕRSО: 401350, СОNТ
 04.10.84 М1
           *САLL DТRАN:410440(Р/РАGЕS)
                 DТRАN  /01.06.84/
           *АSSЕМ
           *RЕАD: 1
                                                      10.04.19 М1
 АВТОКОД  МАDLЕN
   (1.10.72)
                    Р/РАGЕS :  , NАМЕ,        DТRАN  /01.06.84/
                    РАSDRUМ*:  , LС  ,1
                    РАSDRN* :  , LС  ,1
                    РАSРАGN*:  , LС  ,1
                    Р/FIRР  :  , РС  ,1024
 0000                         9, VТМ ,Р/FIRР
  -                          14, UJ  ,
                               , DАТА,
 0001               /0001В  :  , LОG ,1
 0002               /0002В  :  , LОG ,20
 0003               /0003В  :  , LОG ,25 0000
                              1, SЕТ ,/0003В
 0004                         1,     ,РАSDRUМ*
                              1, SЕТ ,/0001В
 0005                         1,     ,РАSРАGN*
                              1, SЕТ ,/0002В
 0006                         1,     ,РАSDRN*
                               , ЕND ,
 ЧИСЛО ПЕРФ. 0018      ЧИСЛО ОШИБ. ОПЕРАТОРОВ  0000
           *RЕАD ОLD
           *ЕND FILЕ
 КОНЕЦ ЗАДАЧИ
 00411: 00 074 0000	*74
