                                                      10.04.19 М1

  М О Н И Т О Р-8 0  (3.7)   25.09.84*       (  МС " Д У Б Н А " ИАЭ  )             ШИФР    419999000000







                    ЖЖЖЖ        ЖЖЖЖ   ЖЖЖЖ
                    Ж   Ж       Ж   Ж Ж
                    Ж   Ж    Ж  Ж   Ж Ж
                    Ж   Ж   Ж   ЖЖЖЖ  Ж
                    ЖЖЖЖ   Ж    Ж Ж   Ж
                    Ж           Ж  Ж  Ж
                    Ж           Ж   Ж  ЖЖЖЖ








*NАМЕ Р/RС
           *РЕRSО: 401350, СОNТ
 04.10.84 М1
           *САLL DТRАN:410440(Р/RС)
                 DТRАN  /01.06.84/
           *АSSЕМ
           *RЕАD: 1
                                                      10.04.19 М1
 АВТОКОД  МАDLЕN
   (1.10.72)
                    Р/RС    :  , NАМЕ,        DТRАN  /01.06.84/
 0000                          , NТR ,3
  -   0021                   12, VТМ ,*0021В  .=0
 0001                          , IТА ,14
  -                          12, АТХ ,
 0002                          , IТА ,13
  -                          12, АТХ ,1
 0003               *0003В  :  , IТА ,7
  -                          12, АЕХ ,1
 0004 0014                     , UZА ,*0014В
  -                           7, ХТА ,1
 0005 0023                     , UТС ,*0023В  .=77 7770 0000
  -                            , ААХ ,
 0006 0011                     , UZА ,*0011В
  -                            , АSN ,64+15
 0007                          , АТI ,13
  -                          13, UТС ,
 0010                        13, VJМ ,
  -
 0011 0021          *0011В  :12, VТМ ,*0021В  .=0
  -                           7, МТJ ,15
 0012                         7, ХТА ,
  -                            , АТI ,7
 0013 0003                     , UJ  ,*0003В
  -
 0014               *0014В  :  , IТА ,15
  -                           1, А-Х ,6
 0015 0020                     , UZА ,*0020В
  -                           1, WТС ,6
 0016                          , ХТА ,
  -                           1, АТХ ,6
 0017 0014                     , UJ  ,*0014В
  -
 0020               *0020В  :12, WТС ,
  -                            , UJ  ,
 0021               *0021В  :  , LОG ,
 0022                          , LОG ,
 0023               *0023В  :  , LОG ,77 7770 0000
                               , ЕND ,
 ЧИСЛО ПЕРФ. 0036      ЧИСЛО ОШИБ. ОПЕРАТОРОВ  0000
           *RЕАD ОLD
           *ЕND FILЕ
 КОНЕЦ ЗАДАЧИ
 00411: 00 074 0000	*74
