                                                      10.04.19 М1

  М О Н И Т О Р-8 0  (3.7)   25.09.84*       (  МС " Д У Б Н А " ИАЭ  )             ШИФР    419999000000







                    ЖЖЖЖ         ЖЖЖ  Ж   Ж  ЖЖЖ
                    Ж   Ж       Ж     Ж   Ж Ж
                    Ж   Ж    Ж   ЖЖЖ  Ж   Ж  ЖЖЖ
                    Ж   Ж   Ж       Ж  Ж Ж      Ж
                    ЖЖЖЖ   Ж        Ж   Ж       Ж
                    Ж           Ж   Ж   Ж   Ж   Ж
                    Ж            ЖЖЖ    Ж    ЖЖЖ








*NАМЕ Р/SУS
           *РЕRSО: 401350, СОNТ
 04.10.84 М1
           *САLL DТRАN:410440(Р/SУS)
                 DТRАN  /01.06.84/
           *АSSЕМ
           *RЕАD: 1
                                                      10.04.19 М1
 АВТОКОД  МАDLЕN                                                   -                          15, ХТS ,2
   (1.10.72)                                                      0022                        13, VJМ ,Р/DI
                    Р/SУS   :  , NАМЕ,        DТRАN  /01.06.84/    -
                    РАSЕNDS*:  , LС  ,1                           0023                         1, АЕХ ,11В
                    РАSЕОLSУ:  , LС  ,1                            -                          14, UJ  ,
                    РАSЕОFСD:  , LС  ,1                           0024               *0024В  :  , АТХ ,
                    Р/ВЕХF  :  , SUВР,                             -                            , АТХ ,100В
                    Р/DА    :  , SUВР,                            0025                          , АТХ ,
                    Р/ТF    :  , SUВР,                             -                            , АТХ ,60В
                    Р/МD    :  , SUВР,                            0026               *0026В  :  , АТХ ,
                    Р/DI    :  , SUВР,                             -                            , АТХ ,2
                    Р/РF    :  , SUВР,                            0027                          , АТХ ,
                    РАSРМDАD:  , LС  ,1                            -                            , АТХ ,62В
                    SТОР*   :  , SUВР,                            0030                          , АТХ ,
                    SРАСЕ*  :  , LС  ,1                            -                            , АТХ ,63В
                    Р/РRINТ :  , SUВР,                            0031               *0031В  :  , АТХ ,
                    Р/НТ    :  , SUВР,                             -                            , АТХ ,3
                    РАSZЕRО*:  , LС  ,1                                             С===========================================
                    Р/WОLN  :  , SUВР,                            0032               Р/IТ    :  ,ЕNТRУ,
                    Р/WХD   :  , SUВР,                                              С===========================================
                    Р/WL    :  , SUВР,                            0032                        15, UТМ ,-2
                    РАSЕОF  :  , SUВР,                             -                          15, WТС ,1
                    RЕАD*   :  , SUВР,                            0033                          , UJ  ,
                    *ОUТРUТ*:  , LС  ,30                                            С===========================================
 0000 0751          *0000В  :  , UТС ,*0751В  .=60                 -
  -                            , ХТА ,                            0034               Р/СО    :  ,ЕNТRУ,
 0001                          , UТС ,РАSZЕRО*                                      С===========================================
  -                            , АТХ ,                            0034                          , NТR ,3
 0002                        10, МТJ ,11                           -                           1, АТХ ,3
  -                          11, UТМ ,2                           0035                        12, АТХ ,32В
 0003                        13, VJМ ,Р/РRINТ                      -                            , IТА ,13
  -                                                               0036                        15, ХТS ,-3
 0004 0756                     , UТС ,*0756В  .=I12                -   0135                     , UZА ,*0135В
  -                            , ХТА ,                            0037                        12, ХТА ,33В
 0005                        12, ХТS ,32В                          -                           1, А-Х ,10В
  -                          15, АТХ ,                            0040                        12, АТХ ,33В
 0006                        13, VJМ ,Р/WОLN                       -                          12, ХТА ,33В
  -                                                               0041 0632                     , U1А ,*0632В
 0007                        15, ХТА ,                                              С===========================================
  -                          13, VJМ ,Р/WХD                        -
 0010                        13, VJМ ,Р/WL                        0042               Р/RЕ1   :  ,ЕNТRУ,
  -                                                                                 С===========================================
 0011                        14, VТМ ,РАSРМDАD                    0042                        12, ХТА ,27В
  -                          14, ХТА ,                             -                           1, ААХ ,10В
 0012                          , UZА ,SТОР*                       0043 0045                     , UZА ,*0045В
  -                          13, VТМ ,SТОР*                        -                          12, ХТА ,11В
 0013                        14, WТС ,                            0044 0045                     , UZА ,*0045В
  -                            , UJ  ,                             -   0571                   13, VJМ ,*0571В
                   С===========================================   0045               *0045В  :12, ХТА ,4
 0014               Р/МОD   :  ,ЕNТRУ,                             -   0050                     , U1А ,*0050В
                   С===========================================   0046 0740                   13, VJМ ,*0740В
 0014               *0014В  : 1, АЕХ ,11В                          -
  -                          15, SТХ ,2                           0047 0632          *0047В  :14, VТМ ,*0632В
 0015                         1, АЕХ ,11В                          -   0364                     , UJ  ,*0364В
  -                          15, ХТS ,2                           0050 0676          *0050В  :13, VJМ ,*0676В
 0016                        13, VJМ ,Р/МD                         -
  -                                                               0051                        12, ХТА ,16В
 0017                         1, АЕХ ,11В                          -   0047                     , UZА ,*0047В
  -                          14, UJ  ,                            0052                        12, ХТА ,11В
                   С===========================================    -   0047                     , UZА ,*0047В
 0020               Р/DIV   :  ,ЕNТRУ,                            0053                        12, ХТА ,22В
                   С===========================================    -   0061                     , U1А ,*0061В
 0020               *0020В  : 1, АЕХ ,11В                         0054                        12, ХТА ,21В
  -                          15, SТХ ,2                            -                           1, АОХ ,11В
 0021                         1, АЕХ ,11В                         0055                        12, А*Х ,11В
  -                            , УТА ,30В                          -                          12, АТХ ,3
 0056               *0056В  : 1, Х-А ,10В                         0117                        12, АТХ ,4
  -                          12, АТХ ,13В                          -                          12, АТХ ,7
 0057 0642                   13, VJМ ,*0642В                      0120                        12, ХТА ,16В
  -                                                                -   0215                     , UZА ,*0215В
 0060 0047                   13, VТМ ,*0047В                      0121                          , ХТА ,
  -   0275                     , UJ  ,*0275В                       -                          12, АТХ ,11В
 0061               *0061В  :12, ХТА ,16В                         0122                         1, ХТА ,10В
  -                          12, АТХ ,23В                          -                          12, АТХ ,2
 0062                        12, ХТА ,11В                         0123 0220                     , UJ  ,*0220В
  -                           1, А-Х ,10В                          -
 0063                         1, АОХ ,11В                         0124               *0124В  : 1, ХТА ,3
  -   0754                     , UТС ,*0754В  .=2                  -                            , АSN ,64+3
 0064                          , ХТS ,                            0125                        14, АЕХ ,1
  -                          12, А-Х ,25В                          -   0130                     , UZА ,*0130В
 0065                         1, АОХ ,11В                         0126                         1, АЕХ ,10В
  -                          13, VJМ ,Р/DI                         -   0133                     , UZА ,*0133В
 0066                         1, АЕХ ,11В                         0127 0230                     , UJ  ,*0230В
  -                           1, АRХ ,10В                          -
 0067 0056                     , UJ  ,*0056В                      0130               *0130В  :  , ХТА ,
  -                                                                -                          10, VТМ ,16В
 0070               *0070В  : 1, АТХ ,3                           0131               *0131В  :12, АТХ ,16В
  -   0074                     , UJ  ,*0074В                       -                          14, ХТА ,
 0071               *0071В  : 1, ХТА ,3                           0132                        12, АТХ ,27В
  -   0755                     , UТС ,*0755В  .=:0077              -   0147                     , UJ  ,*0147В
 0072                          , ААХ ,                            0133 0031          *0133В  :14, VТМ ,*0031В
  -   0070                   13, VТМ ,*0070В                       -                           1, ХТА ,10В
 0073                          , U1А ,Р/ВЕХF                      0134                        10, VТМ ,25В
  -                                                                -   0131                     , UJ  ,*0131В
 0074               *0074В  : 1, ХТА ,3                           0135               *0135В  : 1, ХТА ,3
  -                            , АSN ,64-7                         -   0141                     , UZА ,*0141В
 0075                          , АSN ,64+13                       0136                         1, ХТА ,10В
  -                           1, АТХ ,3                            -                          12, А+Х ,33В
 0076 0026                   14, VТМ ,*0026В                      0137                        12, АТХ ,33В
  -                          14, ААХ ,                             -                           1, АЕХ ,10В
 0077 0124                     , U1А ,*0124В                      0140 0632                     , U1А ,*0632В
  -                           1, ХТА ,3                            -
 0100                          , АSN ,64+21                       0141               *0141В  :  , ХТА ,
  -                          12, АТХ ,4                            -                          12, АТХ ,2
 0101                         1, ХТА ,3                           0142                        12, АТХ ,27В
  -                            , АSN ,64+3                         -                          12, АТХ ,31В
 0102 0757                     , UТС ,*0757В  .=77 7777           0143                         1, ХТА ,10В
  -                            , ААХ ,                             -                          12, АТХ ,10В
 0103                        12, АТХ ,3                           0144                         1, ХТА ,3
  -   0147                     , UJ  ,*0147В                       -   0071                     , U1А ,*0071В
 0104               *0104В  :  , АТХ ,                            0145                        12, АТХ ,4
  -                            , АТХ ,70В                          -                          12, АТХ ,3
 0105                          , АТХ ,                            0146                         1, ХТА ,10В
  -                            , АМХ ,7774В                        -                          12, АТХ ,33В
 0106               *0106В  :10, J+М ,15                          0147               *0147В  :  , IТА ,9
  -                            , IТА ,15                           -                          12, АТХ ,22В
 0107                        12, АТХ ,15В                         0150                          , IТА ,11
  -                          12, АТХ ,                             -                          12, SТХ ,21В
 0110                        15, UТМ ,6                           0151                         1, SТХ ,3
  -                            , IТА ,15                           -                           1, SТХ ,4
 0111                        12, АТХ ,1                           0152                          , IТА ,15
  -   0104                   14, VТМ ,*0104В                       -                          12, АТХ ,14В
 0112                        14, ХТА ,                            0153                        12, АТХ ,23В
  -                          12, АТХ ,24В                          -                          12, АТХ ,
 0113                        14, ХТА ,1                           0154                        12, ХТА ,27В
  -                          12, АТХ ,25В                          -   0026                     , UТС ,*0026В
 0114                          , АSN ,64-20                       0155                          , ААХ ,
  -                          12, АТХ ,11В                          -   0106                     , U1А ,*0106В
 0115                         1, ХТА ,25В                         0156                        15, UТМ ,36В
  -                          12, АТХ ,26В                          -                            , IТА ,10
 0116                          , ХТА ,                            0157                          , АSN ,64-8
  -                           1, АТХ ,5                           0217                        12, АТХ ,11В
 0160                        12, А-Х ,21В                          -
  -   0226                     , U1А ,*0226В                      0220               *0220В  :  , ХТА ,
 0161                         1, ХТА ,5                            -                          12, АТХ ,30В
  -                          12, ХТS ,21В                         0221                         1, ХТS ,4
 0162 0014                   14, VJМ ,*0014В                       -                           1, ХТS ,3
  -                                                               0222                          , АТI ,13
 0163                         1, Х-А ,5                            -                          13, UJ  ,
  -                          15, АТХ ,                            0223               *0223В  :15, ХТА ,
 0164               *0164В  :12, АRХ ,14В                          -                           1, АОХ ,11В
  -                          12, SТХ ,15В                         0224                         1, А*Х ,5
 0165                         1, Х-А ,10В                          -                            , УТА ,30В
  -                          12, АТХ ,13В                         0225 0210                     , UJ  ,*0210В
 0166 0024                    9, VТМ ,*0024В                       -
  -                          12, ХТА ,22В                         0226               *0226В  :12, ХТА ,21В
 0167 0201                     , UZА ,*0201В                       -                          15, АТХ ,
  -                           9, Х-А ,                            0227 0164                     , UJ  ,*0164В
 0170                        12, АТХ ,24В                          -
  -                           9, ХТА ,1                           0230 0231          *0230В  :10, VТМ ,*0231В
 0171                        12, ХТS ,22В                          -   0000                     , UJ  ,*0000В
  -   0020                   14, VJМ ,*0020В                      0231               *0231В  : 2, А+Х ,7117В
 0172                         1, АТХ ,5                            -                           2, А+Х ,1111В
  -                           9, Х-А ,2                           0232                         4, VZМ ,42040В
 0173                        12, АТХ ,25В                          -                           4, 125 ,4124В
  -                           9, ХТА ,1                           0233                         2, А+Х ,3111В
 0174                        12, ХТS ,22В                          -                           4, UJ  ,42440В
  -   0014                   14, VJМ ,*0014В                      0234               *0234В  :12, WТС ,14В
 0175                         9, Х-А ,                             -                            , АТХ ,
  -                            , АSN ,64-41                       0235                        12, ХТА ,22В
 0176                        12, АТХ ,26В                          -   0220                     , UZА ,*0220В
  -                           1, ХТА ,5                           0236 0220                   13, VТМ ,*0220В
 0177                        12, АRХ ,15В                          -   0351                     , UJ  ,*0351В
  -                          12, АТХ ,1                                             С===========================================
 0200 0202                     , UJ  ,*0202В                      0237               РАSСТRР :  ,ЕNТRУ,
  -                                                                                 С===========================================
 0201               *0201В  :12, ХТА ,15В                         0237               *0237В  :12, ХТА ,4
  -                          12, АТХ ,1                            -   0241                     , U1А ,*0241В
 0202               *0202В  :  , АТI ,15                          0240                        12, ХТА ,3
  -                            , ХТА ,                             -   0247                     , UZА ,*0247В
 0203                        12, АТХ ,7                           0241               *0241В  :12, ХТА ,6
  -   0726                   13, VJМ ,*0726В                       -   0760                     , UТС ,*0760В  .=7 6000
                   С===========================================   0242                          , АЕХ ,
 0204               Р/RЕ2   :  ,ЕNТRУ,                             -
                   С===========================================   0243               *0243В  :13, UZА ,
 0204                        12, ХТА ,4                            -                          12, ХТА ,4
  -   0234                     , UZА ,*0234В                      0244                          , АТI ,14
 0205                          , АSN ,64-10                        -   0752                     , UТС ,*0752В  .=:001
  -                          12, ХТS ,22В                         0245                          , ХТА ,
 0206 0223                     , U1А ,*0223В                       -   0276                   14, VZМ ,*0276В
  -                          12, ХТА ,21В                         0246                        12, АОХ ,3
 0207 0020                   14, VJМ ,*0020В                       -   0305                     , UJ  ,*0305В
  -                                                               0247               *0247В  :12, ХТА ,4
 0210               *0210В  :12, АТХ ,11В                          -   0263                     , UZА ,*0263В
  -                          12, АТХ ,12В                         0250                        12, ХТА ,5
 0211 0230                     , UZА ,*0230В                       -                           1, АRХ ,10В
  -                            , ХТА ,                            0251                        12, АТХ ,5
 0212                        12, АТХ ,2                            -                          12, А-Х ,4
  -                          12, АТХ ,16В                         0252                        13, U1А ,
 0213                         1, ХТА ,10В                          -
  -                          12, АТХ ,10В                         0253 0254                  :10, VТМ ,*0254В
 0214 0220                   13, VТМ ,*0220В                       -   0000                     , UJ  ,*0000В
  -   0421                     , UJ  ,*0421В                      0254               *0254В  : 2, А+Х ,7117В
 0215 0403          *0215В  :13, VJМ ,*0403В                       -                           2, А+Х ,2530В
  -                                                               0255                         5, 104 ,3111В
 0216 0753                     , UТС ,*0753В  .=120                -                           4, UJ  ,42440В
  -                            , ХТА ,                            0256                         5, 105 ,1101В
  -                           4, UZА ,41523В                      0316                        12, АТХ ,10В
 0257 0260          *0257В  :10, VТМ ,*0260В                       -
  -   0000                     , UJ  ,*0000В                      0317               *0317В  :12, ХТА ,22В
 0260               *0260В  : 2, А+Х ,7117В                        -   0345                     , UZА ,*0345В
  -                           2, А+Х ,6117В                       0320                        12, ХТА ,
 0261                         4, 064 ,3111В                        -                          12, АRХ ,21В
  -                           4, UJ  ,42440В                      0321                        12, АТХ ,
 0262                         5, 105 ,1101В                        -                          12, АЕХ ,1
  -                           4, UZА ,41523В                      0322                        13, U1А ,
 0263               *0263В  : 1, ХТА ,37В                          -                          12, ХТА ,23В
  -   0257                     , UZА ,*0257В                      0323                         1, АRХ ,10В
 0264                        12, ХТА ,3                            -                          12, АТХ ,23В
  -   0267                     , UZА ,*0267В                      0324                        12, АЕХ ,15В
 0265                         1, ХТА ,37В                          -   0351                     , U1А ,*0351В
  -                          12, WТС ,5                           0325                        12, ХТА ,2
 0266                          , АТХ ,                             -   0421                     , UZА ,*0421В
  -   0270                     , UJ  ,*0270В                      0326 0722          *0326В  :14, VJМ ,*0722В
 0267               *0267В  : 1, ХТА ,37В                          -
  -                          12, АТХ ,3                           0327                        13, UJ  ,
 0270               *0270В  : 1, ХТА ,37В                          -
  -                          12, АТХ ,5                           0330               *0330В  :12, ХТА ,27В
 0271                         1, WТС ,37В                          -   0026                     , UТС ,*0026В
  -                            , ХТА ,                            0331                          , ААХ ,
 0272                         1, АТХ ,37В                          -   0336                     , UZА ,*0336В
  -                            , ХТА ,                            0332                        12, ХТА ,30В
 0273                        12, WТС ,5                            -                           1, АЕХ ,10В
  -                            , АТХ ,                            0333                        12, АТХ ,30В
 0274                        13, UJ  ,                             -   0403                     , UZА ,*0403В
  -                                                               0334                        14, VТМ ,SРАСЕ*
 0275               *0275В  :12, ХТА ,4                            -                            , IТА ,14
  -   0304                     , U1А ,*0304В                      0335                        12, АТХ ,
 0276               *0276В  :12, WТС ,5                            -                          13, UJ  ,
  -                            , АОХ ,1                           0336               *0336В  : 1, ХТА ,10В
 0277               *0277В  :15, АТХ ,1                            -                          12, АТХ ,2
  -                          12, WТС ,7                           0337                        12, ХТА ,16В
 0300                          , ХТА ,1                            -   0317                     , U1А ,*0317В
  -                            , АSN ,64-20                       0340                        12, ХТА ,20В
 0301                        15, АОХ ,1                            -                          12, АТХ ,6
  -                          15, АТХ ,1                           0341                        12, ХТА ,5
 0302                        15, *70 ,1                            -                          12, АЕХ ,17В
  -                                                               0342 0317                     , UZА ,*0317В
 0303                        13, UJ  ,                             -   0364                   14, VJМ ,*0364В
  -                                                               0343                        12, ХТА ,17В
 0304               *0304В  :12, ХТА ,3                            -                          12, АТХ ,5
  -                                                               0344 0317                     , UJ  ,*0317В
 0305               *0305В  :12, АRХ ,5                            -
  -   0277                     , UJ  ,*0277В                      0345               *0345В  :12, ХТА ,
 0306 0307          *0306В  :10, VТМ ,*0307В                       -                          12, АRХ ,21В
  -   0000                     , UJ  ,*0000В                      0346                        12, АТХ ,
 0307               *0307В  : 2, А+Х ,3505В                        -                          12, АЕХ ,15В
  -                           5, 102 ,4106В                       0347                        13, U1А ,
 0310                         2, UТС ,20105В                       -                          12, ХТА ,2
  -                           4, 36  ,43075В                      0350 0421                     , UZА ,*0421В
 0311                         5, 105 ,1125В                        -   0326                     , UJ  ,*0326В
  -                           4, 122 ,40В                                           С===========================================
                   С===========================================   0351               Р/RАСРАК:  ,ЕNТRУ,
 0312               Р/GF    :  ,ЕNТRУ,                                              С===========================================
                   С===========================================   0351               *0351В  :12, ХТА ,1
 0312                          , NТR ,3                            -                            , АТI ,9
  -                          12, ХТА ,2                           0352                        12, ХТА ,24В
 0313 0306                     , U1А ,*0306В                       -                            , АТI ,10
  -                          12, ХТА ,10В                         0353                        12, WТС ,25В
 0314                        12, АЕХ ,11В                          -                          11, VТМ ,-1
  -   0330                     , UZА ,*0330В                      0354                        12, WТС ,23В
 0315                        12, ХТА ,10В                          -                            , ХТА ,
  -                           1, АRХ ,10В                         0355                        15, АТХ ,1
  -                                                                -
 0356               *0356В  :15, ХТА ,1                           0417 0722          *0417В  :14, VJМ ,*0722В
  -                          10, АSN ,                             -
 0357                        15, АТХ ,1                           0420 0632                   13, VТМ ,*0632В
  -                            , УТА ,                             -   0351                     , UJ  ,*0351В
 0360                        12, АЕХ ,31В                                           С===========================================
  -                          11, UТС ,-1                          0421               РАSINВUF:  ,ЕNТRУ,
 0361                         9, АТХ ,                                              С===========================================
  -   0356                   11, VLМ ,*0356В                      0421               *0421В  :  , IТА ,13
 0362                        12, ХТА ,15В                          -                          12, ХТS ,6
  -                          12, АТХ ,                            0422                          , АТI ,10
 0363                        13, UJ  ,                             -                          12, ХТА ,7
  -                                                               0423 0425                     , U1А ,*0425В
 0364               *0364В  :12, ХТА ,7                            -   0456                   13, VJМ ,*0456В
  -                          14, UZА ,                            0424 0425                   10, VZМ ,*0425В
 0365                         1, АЕХ ,35В                          -   0243                   13, VJМ ,*0243В
  -   0370                     , U1А ,*0370В                      0425               *0425В  :12, WТС ,7
 0366                        12, WТС ,7                            -                            , ХТА ,1
  -                            , ХТА ,                            0426                          , АТI ,9
 0367                         1, АТХ ,35В                          -                           9, UТМ ,1777В
  -   0377                     , UJ  ,*0377В                      0427                        12, ХТА ,5
 0370               *0370В  : 1, ХТА ,35В                          -                          12, АТХ ,17В
  -                          15, АТХ ,1                           0430                        12, ХТА ,6
 0371               *0371В  :15, WТС ,1                            -                          12, АТХ ,20В
  -                            , ХТА ,                            0431                        12, ХТА ,15В
 0372                        12, АЕХ ,7                            -                            , АТI ,13
  -   0375                     , UZА ,*0375В                      0432                        12, ХТА ,13В
 0373                        15, WТС ,1                            -                            , АТI ,14
  -                            , ХТА ,                            0433 0434          *0433В  :10, VLМ ,*0434В
 0374                        15, АТХ ,1                            -   0445                     , UJ  ,*0445В
  -   0371                     , UJ  ,*0371В                      0434               *0434В  : 9, UТС ,
 0375               *0375В  :12, WТС ,7                            -                          10, ХТА ,
  -                            , ХТА ,                            0435                        13, UТС ,-1
 0376                        15, WТС ,1                            -                          14, АТХ ,
  -                            , АТХ ,                            0436 0433                   14, VLМ ,*0433В
 0377               *0377В  : 1, ХТА ,36В                          -                            , IТА ,10
  -                          12, WТС ,7                           0437               *0437В  :12, АТХ ,6
 0400                          , АТХ ,                             -                          12, ХТА ,14В
  -                          12, ХТА ,7                           0440                        12, АТХ ,23В
 0401                         1, АТХ ,36В                          -                          12, АТХ ,
  -                            , ХТА ,                            0441 0667                     , UJ  ,*0667В
 0402                        12, АТХ ,7                            -
  -                          14, UJ  ,                            0442               *0442В  :12, ХТА ,5
 0403               *0403В  :  , IТА ,13                           -                           1, АRХ ,10В
  -                           1, ХТS ,10В                         0443                        15, АТХ ,1
 0404                        12, АТХ ,10В                          -                          12, АЕХ ,4
  -                          13, VJМ ,РАSЕОF                      0444 0437                     , UZА ,*0437В
 0405 0415                     , UZА ,*0415В                       -   0450                     , UJ  ,*0450В
  -                            , IТА ,8                           0445               *0445В  :12, ХТА ,4
 0406                          , IТS ,12                           -   0442                     , U1А ,*0442В
  -                          15, АТХ ,                            0446                        12, WТС ,5
 0407                        12, ХТS ,14В                          -                            , ХТА ,
  -                          13, VJМ ,RЕАD*                       0447                        15, АТХ ,1
 0410                          , NТR ,3                            -   0437                     , UZА ,*0437В
  -                          15, ХТА ,                            0450               *0450В  :15, ХТА ,1
 0411                          , SТI ,12                           -                          12, АТХ ,5
  -                            , АТI ,8                           0451                          , IТА ,13
 0412                        12, WТС ,14В                          -                            , IТS ,14
  -                            , ХТА ,                            0452                         1, ХТS ,10В
 0413                          , UТС ,РАSЕОFСD                     -   0243                   13, VJМ ,*0243В
  -                            , АЕХ ,                            0453                        15, ХТА ,
 0414 0417                     , U1А ,*0417В                       -                            , SТI ,14
  -                                                               0454                          , АТI ,13
 0415               *0415В  : 1, ХТА ,10В                          -                          10, VТМ ,76001В
  -                          12, АТХ ,2                           0455 0434                     , UJ  ,*0434В
 0416                        12, АТХ ,30В                                           С===========================================
  -                                                                -                            , АТI ,11
 0456               РАSGIVЕР:  ,ЕNТRУ,                            0516                        12, ХТА ,1
                   С===========================================    -                            , АТI ,9
 0456               *0456В  :12, ХТА ,7                           0517                        12, ХТА ,31В
  -                          13, U1А ,                             -   0525                     , UZА ,*0525В
 0457                          , IТА ,13                          0520                        11, UТМ ,-1
  -                           1, ХТS ,36В                          -
 0460 0501                     , U1А ,*0501В                      0521               *0521В  : 9, UТС ,-1
  -                           1, ХТА ,35В                          -                          11, ХТА ,
 0461                         1, АТХ ,36В                         0522                         1, ААХ ,14В
  -                                                                -                           9, UТС ,-1
 0462               *0462В  : 1, WТС ,36В                         0523                        11, АТХ ,
  -                            , ХТА ,                             -   0521                   11, VLМ ,*0521В
 0463 0467                     , UZА ,*0467В                      0524                        12, ХТА ,25В
  -                           1, ХТА ,36В                          -                            , АТI ,11
 0464                        15, АТХ ,1                           0525               *0525В  :  , ХТА ,
  -                           1, WТС ,36В                          -
 0465                          , ХТА ,                            0526               *0526В  : 9, UТС ,-2
  -                           1, АТХ ,36В                          -                          11, АЕХ ,
 0466 0462                     , UJ  ,*0462В                      0527                        10, АSN ,
  -                                                                -   0526                   11, VLМ ,*0526В
 0467               *0467В  : 1, ХТА ,36В                         0530                         9, АЕХ ,-1
  -                           1, АЕХ ,35В                          -                          12, АSХ ,26В
 0470 0511                     , U1А ,*0511В                      0531                        12, WТС ,23В
  -                           1, АТХ ,35В                          -                            , АТХ ,
 0471               *0471В  :  , IТА ,12                          0532                        14, UJ  ,
  -                          15, АТХ ,                             -
 0472                         1, WТС ,36В                         0533 0534          *0533В  :10, VТМ ,*0534В
  -                            , WТС ,2                            -   0000                     , UJ  ,*0000В
 0473                        12, VТМ ,                            0534               *0534В  : 2, А-Х ,125В
  -                          12, ХТА ,2                            -                           5, 102 ,4106В
 0474 0477                     , UZА ,*0477В                      0535                         2, UТС ,20105В
  -                          12, ХТА ,11В                          -                           4, 36  ,43075В
 0475                        12, АЕХ ,12В                         0536                         4, 144 ,514В
  -   0477                     , UZА ,*0477В                       -                           5, *64 ,2440В
 0476 0275                   13, VJМ ,*0275В                                        С===========================================
  -                                                               0537               Р/РF    :  ,ЕNТRУ,
 0477               *0477В  :  , ХТА ,                                              С===========================================
  -                          12, АТХ ,7                           0537               *0537В  :  , NТR ,3
 0500                        15, ХТА ,                             -                          12, ХТА ,2
  -                            , АТI ,12                          0540 0533                     , UZА ,*0533В
 0501               *0501В  : 1, ХТА ,36В                          -                          12, ХТА ,11В
  -                          15, АТХ ,1                           0541                         1, АRХ ,10В
 0502                         1, WТС ,36В                          -                          12, АТХ ,11В
  -                            , ХТА ,                            0542                        12, ХТА ,
 0503                         1, АТХ ,36В                          -                          12, АRХ ,21В
  -                           1, ХТА ,35В                         0543                        12, АТХ ,
 0504                        15, WТС ,1                            -                          12, АЕХ ,1
  -                            , АТХ ,                            0544                        13, U1А ,
 0505                        15, ХТА ,1                            -                          12, ХТА ,22В
  -                           1, АТХ ,35В                         0545 0551                     , UZА ,*0551В
 0506                        12, АТХ ,7                            -   0513                   14, VJМ ,*0513В
  -                            , IТА ,12                          0546                        12, ХТА ,23В
 0507                        15, WТС ,1                            -                          12, А+Х ,21В
  -                            , АТХ ,2                           0547                        12, АТХ ,23В
 0510                        15, WТС ,                             -                          12, АЕХ ,15В
  -                            , UJ  ,                            0550                        13, U1А ,
 0511               *0511В  :  , ХТА ,                             -
  -                          15, WТС ,1                           0551               *0551В  :12, ХТА ,27В
 0512                          , АТХ ,                             -   0026                     , UТС ,*0026В
  -   0471                     , UJ  ,*0471В                      0552                          , ААХ ,
 0513               *0513В  :12, ХТА ,15В                          -   0600                     , U1А ,*0600В
  -                          12, АТХ ,                            0553                          , IТА ,13
 0514                        12, ХТА ,24В                          -
  -                            , АТI ,10                          0554               *0554В  :12, ХТS ,6
 0515                        12, ХТА ,25В                          -                            , АТI ,10
 0555                          , ХТА ,                            0613 0726          *0613В  :13, VJМ ,*0726В
  -                          12, АТХ ,16В                          -
 0556                        12, ХТА ,22В                         0614                          , UТС ,SРАСЕ*
  -   0560                     , U1А ,*0560В                       -                            , ХТА ,
 0557                        12, ХТА ,                            0615                        12, WТС ,
  -                          12, АТХ ,23В                          -                            , АТХ ,
 0560               *0560В  :12, ХТА ,7                           0616 0611                   13, VТМ ,*0611В
  -   0563                     , U1А ,*0563В                       -                            , UJ  ,Р/РF
 0561 0456                   13, VJМ ,*0456В                      0617               *0617В  :  , UТС ,РАSЕNDS*
  -                                                                -
 0562 0237                   13, VJМ ,*0237В                      0620               *0620В  :  , ХТА ,
  -                                                                -                           2, АТХ ,
 0563               *0563В  :12, WТС ,7                           0621                         2, UТМ ,1
  -                            , ХТА ,1                            -                            , IТА ,2
 0564                          , АТI ,9                           0622                        12, АЕХ ,1
  -                           9, UТМ ,1777В                        -   0620                     , U1А ,*0620В
 0565                        12, ХТА ,23В                         0623 0513                   14, VJМ ,*0513В
  -                            , АТI ,13                           -
 0566                        12, ХТА ,13В                         0624 0575                   14, VJМ ,*0575В
  -                            , АТI ,14                           -
 0567 0626          *0567В  :10, VLМ ,*0626В                      0625 0606                     , UJ  ,*0606В
  -   0633                     , UJ  ,*0633В                       -
                   С===========================================   0626               *0626В  :13, UТС ,-1
 0570               Р/WОLN  :  ,ЕNТRУ,                             -                          14, ХТА ,
                   С===========================================   0627                         9, UТС ,
 0570                        12, VТМ ,*ОUТРUТ*                     -                          10, АТХ ,
                   С===========================================   0630 0567                   14, VLМ ,*0567В
  -                                                                -                            , IТА ,10
 0571               Р/WL    :  ,ЕNТRУ,                            0631                        12, АТХ ,6
                   С===========================================    -   0722                   14, VJМ ,*0722В
 0571               *0571В  :12, ХТА ,27В                         0632               *0632В  :15, WТС ,
  -                           1, ААХ ,10В                          -                            , UJ  ,
 0572 0600                     , U1А ,*0600В                      0633               *0633В  :  , IТА ,14
  -                            , UТС ,РАSЕОLSУ                     -                            , IТS ,13
 0573                          , ХТА ,                            0634                          , IТS ,12
  -                          12, WТС ,                             -                          15, АТХ ,
 0574                          , АТХ ,                            0635 0275                   13, VJМ ,*0275В
  -   0537                     , UJ  ,*0537В                       -
 0575               *0575В  :12, WТС ,14В                         0636 0247                   13, VJМ ,*0247В
  -                          10, VТМ ,                             -
 0576                        12, WТС ,23В                         0637                        15, ХТА ,
  -                          11, VТМ ,                             -                            , SТI ,12
 0577                        14, UJ  ,                            0640                          , SТI ,13
  -                                                                -                            , АТI ,14
 0600               *0600В  :  , IТА ,13                          0641                        10, VТМ ,76001В
  -                            , IТS ,2                            -   0626                     , UJ  ,*0626В
 0601                        12, ХТS ,                            0642               *0642В  :  , IТА ,13
  -                            , АТI ,2                            -   0554                     , UJ  ,*0554В
 0602                        12, АЕХ ,15В                                           С===========================================
  -   0617                     , U1А ,*0617В                      0643               Р/RF    :  ,ЕNТRУ,
 0603 0575                   14, VJМ ,*0575В                                        С===========================================
  -                                                               0643                          , NТR ,3
 0604                          , UТС ,РАSЕNDS*                     -                            , IТА ,13
  -                            , ХТА ,                            0644                        15, АТХ ,
 0605                          , АSN ,64-40                        -   0676                   13, VJМ ,*0676В
  -                          11, АТХ ,                            0645                        12, ХТА ,11В
 0606               *0606В  :13, VJМ ,Р/РRINТ                      -                          12, АТХ ,12В
  -                                                               0646                        12, ХТА ,14В
 0607                        12, ХТА ,15В                          -                          12, АТХ ,23В
  -                          12, АЕХ ,23В                         0647                        12, АТХ ,
 0610 0613                     , UZА ,*0613В                       -                          12, ХТА ,22В
  -   0726                   13, VJМ ,*0726В                      0650 0652                     , UZА ,*0652В
 0611               *0611В  :15, ХТА ,                             -                          12, ХТА ,15В
  -                            , SТI ,2                           0651                        12, АТХ ,
 0612                          , АТI ,13                           -
  -                          13, UJ  ,                            0652 0760          *0652В  :  , UТС ,*0760В  .=7 6000
  -                            , ХТА ,                             -                            , NТR ,3
 0653                        12, АТХ ,6                           0714                        12, А-Х ,23В
  -                           1, ХТА ,10В                          -                          12, А+Х ,14В
 0654                        12, АТХ ,10В                         0715                        12, АТХ ,13В
  -                          12, ХТА ,4                            -   0642                   13, VJМ ,*0642В
 0655 0657                     , U1А ,*0657В                      0716                        15, ХТА ,
  -                          12, ХТА ,3                            -                          12, АТХ ,13В
 0656                        12, АТХ ,5                           0717 0632                   13, VТМ ,*0632В
  -   0660                     , UJ  ,*0660В                       -   0275                     , UJ  ,*0275В
 0657               *0657В  :  , ХТА ,                            0720               *0720В  :12, ХТА ,23В
  -                          12, АТХ ,5                            -                          12, АТХ ,16В
 0660 0364          *0660В  :14, VJМ ,*0364В                      0721                        15, WТС ,
  -                                                                -                            , UJ  ,
 0661                        12, ХТА ,11В                         0722               *0722В  :12, ХТА ,14В
  -   0664                     , U1А ,*0664В                       -                          12, АТХ ,23В
 0662                         1, ХТА ,10В                         0723                        12, АТХ ,
  -                          12, АТХ ,2                            -                          12, ХТА ,22В
 0663 0632                     , UJ  ,*0632В                      0724                        14, UZА ,
  -                                                                -                          12, ХТА ,15В
 0664               *0664В  :  , ХТА ,                            0725                        12, АТХ ,
  -                          12, АТХ ,2                            -                          14, UJ  ,
 0665                        12, ХТА ,16В                                           С===========================================
  -   0667                     , U1А ,*0667В                      0726               Р/ТF    :  ,ЕNТRУ,
 0666 0632                   13, VТМ ,*0632В                                        С===========================================
  -   0421                     , UJ  ,*0421В                      0726 0722          *0726В  :14, VJМ ,*0722В
 0667               *0667В  :12, ХТА ,22В                          -
  -   0632                     , UZА ,*0632В                      0727                          , ХТА ,
 0670 0632                   13, VТМ ,*0632В                       -                          12, АТХ ,11В
  -   0351                     , UJ  ,*0351В                      0730                        12, АТХ ,12В
 0671               *0671В  :12, ХТА ,7                            -   0760                     , UТС ,*0760В  .=7 6000
  -   0632                     , UZА ,*0632В                      0731                          , ХТА ,
 0672                        12, ХТА ,6                            -                          12, АТХ ,6
  -   0760                     , UТС ,*0760В  .=7 6000            0732 0364                   14, VJМ ,*0364В
 0673                          , АЕХ ,                             -
  -   0632                     , UZА ,*0632В                      0733                         1, ХТА ,10В
 0674 0275                   13, VJМ ,*0275В                       -                          12, АТХ ,2
  -                                                               0734                        12, АТХ ,16В
 0675 0632                     , UJ  ,*0632В                       -                          12, ХТА ,4
  -                                                               0735 0736                     , U1А ,*0736В
 0676               *0676В  :12, ХТА ,2                            -   0740                     , UJ  ,*0740В
  -                          13, UZА ,                            0736               *0736В  :  , ХТА ,
 0677                        12, ХТА ,11В                          -                          12, АТХ ,5
  -                          12, АЕХ ,12В                         0737                        13, UJ  ,
 0700                        13, UZА ,                             -
  -                            , IТА ,13                          0740               *0740В  :12, ХТА ,3
 0701                        12, ХТS ,22В                          -                          13, UZА ,
  -   0706                     , UZА ,*0706В                      0741                        12, АТХ ,5
 0702                        12, ХТА ,                             -
  -                          12, АЕХ ,15В                         0742               *0742В  :12, WТС ,5
 0703 0710                     , UZА ,*0710В                       -                            , ХТА ,
  -   0513                   14, VJМ ,*0513В                      0743 0750                     , U1А ,*0750В
 0704                        12, ХТА ,23В                          -                           1, ХТА ,37В
  -                           1, АRХ ,10В                         0744                        12, WТС ,5
 0705                        12, АТХ ,23В                          -                            , АТХ ,
  -   0710                     , UJ  ,*0710В                      0745                        12, ХТА ,3
 0706               *0706В  :12, ХТА ,                             -                           1, АТХ ,37В
  -                          12, АТХ ,23В                         0746                          , ХТА ,
 0707                        12, АЕХ ,14В                          -                          12, АТХ ,3
  -   0671                     , UZА ,*0671В                      0747                        12, АТХ ,5
 0710               *0710В  :12, ХТА ,16В                          -                          13, UJ  ,
  -   0720                     , U1А ,*0720В                      0750               *0750В  :12, АТХ ,5
 0711                        12, ХТА ,14В                          -   0742                     , UJ  ,*0742В
  -                          12, АЕХ ,23В                         0751               *0751В  :  , LОG ,60
 0712 0632                     , UZА ,*0632В                      0752               *0752В  :  , ОСТ ,001
  -                          12, ХТА ,13В                         0753               *0753В  :  , LОG ,120
 0713                         1, ХТS ,10В                         0754               *0754В  :  , LОG ,2
 0755               *0755В  :  , ОСТ ,0077
 0756               *0756В  :  , INТ ,12
 0757               *0757В  :  , LОG ,77 7777
 0760               *0760В  :  , LОG ,7 6000
                               , ЕND ,
 ЧИСЛО ПЕРФ. 0988      ЧИСЛО ОШИБ. ОПЕРАТОРОВ  0000
           *RЕАD ОLD
           *ЕND FILЕ
 КОНЕЦ ЗАДАЧИ
 00411: 00 074 0000	*74
