                                                      10.04.19 М1

  М О Н И Т О Р-8 0  (3.7)   25.09.84*       (  МС " Д У Б Н А " ИАЭ  )             ШИФР    419999000000







                    ЖЖЖЖ        ЖЖЖЖЖ ЖЖЖЖ  ЖЖЖЖ   ЖЖЖ   ЖЖЖ  ЖЖЖЖ
                    Ж   Ж         Ж   Ж   Ж Ж   Ж Ж   Ж Ж   Ж Ж
                    Ж   Ж    Ж    Ж   Ж   Ж Ж   Ж Ж   Ж Ж     ЖЖЖ
                    Ж   Ж   Ж     Ж   ЖЖЖЖ  Ж   Ж Ж   Ж Ж     Ж
                    ЖЖЖЖ   Ж      Ж   Ж Ж   ЖЖЖЖ  Ж   Ж Ж  ЖЖ Ж
                    Ж             Ж   Ж  Ж  Ж     ЖЖЖЖЖ Ж   Ж Ж
                    Ж             Ж   Ж   Ж Ж     Ж   Ж  ЖЖЖ  ЖЖЖЖЖ








*NАМЕ Р/ТRРАGЕ
           *РЕRSО: 401350, СОNТ
 04.10.84 М1
           *САLL DТRАN:410440(Р/ТRРАGЕ)
                 DТRАN  /01.06.84/
           *АSSЕМ
           *RЕАD: 1
                                                      10.04.19 М1
 АВТОКОД  МАDLЕN
   (1.10.72)
                    Р/ТRРАGЕ:  , NАМЕ,        DТRАN  /01.06.84/
                    Р/РАGЕS :  , SUВР,
                    РАSРАGN*:  , LС  ,1
                    РАSDRN* :  , LС  ,1
                    РАSDRUМ*:  , LС  ,1
 0000                          , ХТА ,
  -                           1, АТХ ,37В
 0001                         1, АТХ ,36В
  -                           1, АТХ ,35В
 0002                        14, VJМ ,Р/РАGЕS
  -
 0003                          , WТС ,РАSРАGN*
  -                          10, VТМ ,
 0004 0011          *0004В  :10, VZМ ,*0011В
  -                          10, UТМ ,-1
 0005                        15, МТJ ,11
  -                           1, ХТА ,36В
 0006                          , IТS ,9
  -                           9, UТМ ,2000В
 0007                          , IТS ,11
  -                          15, UТМ ,1
 0010                         1, АТХ ,36В
  -   0004                     , UJ  ,*0004В
 0011               *0011В  :  , WТС ,РАSDRN*
  -                          10, VТМ ,
 0012                          , UТС ,РАSDRUМ*
  -                            , ХТА ,
 0013                         1, АТХ ,3
  -   0030                   14, VТМ ,*0030В  .=37
 0014 0027          *0014В  :10, VZМ ,*0027В
  -                          10, UТМ ,-1
 0015                        15, МТJ ,11
  -                           1, ХТА ,37В
 0016                         1, ХТS ,3
  -                            , IТS ,11
 0017                         1, АТХ ,37В
  -                           1, ХТА ,3
 0020                        14, ААХ ,
  -                          14, АЕХ ,
 0021 0024                     , UZА ,*0024В
  -                           1, ХТА ,3
 0022                         1, АRХ ,10В
  -                           1, АТХ ,3
 0023 0014                     , UJ  ,*0014В
  -
 0024               *0024В  : 1, ХТА ,3
  -                            , АSN ,64+15
 0025                          , АSN ,64-15
  -                          14, АRХ ,1
 0026                         1, АТХ ,3
  -   0014                     , UJ  ,*0014В
 0027               *0027В  :13, UJ  ,
  -
 0030               *0030В  :  , LОG ,37
 0031                          , LОG ,1 0000
                               , ЕND ,
 ЧИСЛО ПЕРФ. 0053      ЧИСЛО ОШИБ. ОПЕРАТОРОВ  0000
           *RЕАD ОLD
           *ЕND FILЕ
 КОНЕЦ ЗАДАЧИ
 00411: 00 074 0000	*74
