                                                      10.04.19 М1

  М О Н И Т О Р-8 0  (3.7)   25.09.84*       (  МС " Д У Б Н А " ИАЭ  )             ШИФР    419999000000







                    ЖЖЖЖ        Ж   Ж  ЖЖЖ
                    Ж   Ж       Ж   Ж   Ж
                    Ж   Ж    Ж  Ж   Ж   Ж
                    Ж   Ж   Ж   Ж   Ж   Ж
                    ЖЖЖЖ   Ж    Ж Ж Ж   Ж
                    Ж           Ж Ж Ж   Ж
                    Ж            Ж Ж   ЖЖЖ








*NАМЕ Р/WI
           *РЕRSО: 401350, СОNТ
 04.10.84 М1
           *САLL DТRАN:410440(Р/WI)
                 DТRАN  /01.06.84/
           *АSSЕМ
           *RЕАD: 1
                                                      10.04.19 М1
 АВТОКОД  МАDLЕN                                                   -
   (1.10.72)                                                      0034                        15, UТМ ,-50
                    Р/WI    :  , NАМЕ,        DТRАN  /01.06.84/    -                          15, ХТА ,-1
                    Р/РF    :  , SUВР,                            0035 0037                     , U1А ,*0037В
                    Р/SР    :  , SUВР,                             -                            , UТС ,РАSМINS*
                    РАSZЕRО*:  , LС  ,1                           0036                          , ХТА ,
                    РАSМINS*:  , LС  ,1                            -                          13, VJМ ,Р/СW
                    Р/7А    :  , SUВР,                            0037               *0037В  : 8, ХТА ,
                    Р/СW    :  , SUВР,                             -   0053                     , UТС ,*0053В  .=377
 0000                         1, АОХ ,11В                         0040                          , АЕХ ,
  -                            , IТS ,13                           -   0047                     , UZА ,*0047В
 0001                          , IТS ,8                           0041                         8, ХТА ,
  -                           1, ХТS ,10В                          -                            , UТС ,РАSZЕRО*
 0002                        15, ХТS ,-4                          0042                          , АRХ ,
  -   0052                    9, VТМ ,*0052В  .=4001 4631 4631     -                          12, WТС ,
                                                4632              0043                          , АТХ ,
 0003                         9, ААХ ,4                            -                          15, UТМ ,62В
  -                           1, АЕХ ,11В                         0044                        13, VJМ ,Р/РF
 0004 0007                     , UZА ,*0007В                       -
  -   0057                   11, VТМ ,*0057В  .=6Н*NО IN          0045                        15, UТМ ,-50
 0005                        10, VТМ ,14В                          -                           8, UТМ ,-1
  -                          13, VJМ ,Р/7А                        0046 0037                     , UJ  ,*0037В
 0006 0047                     , UJ  ,*0047В                       -
  -                                                               0047               *0047В  :15, ХТА ,-2
 0007               *0007В  :15, ХТА ,-4                           -                            , АТI ,8
  -                          10, VТМ ,                            0050                        15, UТМ ,-5
 0010                        15, UТС ,24В                          -                          15, WТС ,2
  -                           8, VТМ ,                            0051                          , UJ  ,
 0011                          , NТR ,23В                          -
  -   0014                     , UZА ,*0014В                      0052               *0052В  :  , LОG ,4001 4631 4631 4632
 0012                         1, АVХ ,17В                         0053               *0053В  :  , LОG ,377
  -                          15, АТХ ,-4                          0054                          , INТ ,0
 0013                          , ХТА ,                            0055                          , LОG ,4000 0000 0000 0012
  -                          15, АТХ ,-1                          0056                          , ОСТ ,774
 0014               *0014В  : 9, ХТА ,1                           0057               *0057В  :  , ISО ,12Н*NО INТЕGЕR*
  -                           8, АТХ ,                                                          , ЕND ,
 0015               *0015В  :15, ХТА ,-4                          ЧИСЛО ПЕРФ. 0091      ЧИСЛО ОШИБ. ОПЕРАТОРОВ  0000
  -                           9, А*Х ,
 0016                        15, АТХ ,1
  -                           9, АЕХ ,2
 0017 0021                     , U1А ,*0021В
  -                          15, ХТА ,-4
 0020 0023                     , UJ  ,*0023В
  -
 0021               *0021В  :15, ХТА ,1
  -                           9, А*Х ,3
 0022                          , УТА ,100В
  -                          15, Х-А ,-4
 0023               *0023В  : 9, ААХ ,1
  -
 0024                       :10, UТМ ,1
  -                           8, АТХ ,1
 0025                         8, UТМ ,1
  -                          15, ХТА ,1
 0026                        15, АТХ ,-4
  -                           9, АЕХ ,2
 0027 0015                     , U1А ,*0015В
  -                          15, ХТА ,-1
 0030 0031                     , U1А ,*0031В
  -                          10, UТМ ,1
 0031               *0031В  :  , IТА ,10
  -                           1, АЕХ ,11В
 0032                        15, А-Х ,-5
  -                          15, UТМ ,62В
 0033                        13, VJМ ,Р/SР
           *RЕАD ОLD
           *ЕND FILЕ
 КОНЕЦ ЗАДАЧИ
 00411: 00 074 0000	*74
