                                                      10.04.19 М1

  М О Н И Т О Р-8 0  (3.7)   25.09.84*       (  МС " Д У Б Н А " ИАЭ  )             ШИФР    419999000000







                    ЖЖЖЖ        Ж   Ж  ЖЖЖ
                    Ж   Ж       Ж   Ж Ж   Ж
                    Ж   Ж    Ж  Ж   Ж Ж   Ж
                    Ж   Ж   Ж   Ж   Ж Ж   Ж
                    ЖЖЖЖ   Ж    Ж Ж Ж Ж   Ж
                    Ж           Ж Ж Ж Ж   Ж
                    Ж            Ж Ж   ЖЖЖ








*NАМЕ Р/WО
           *РЕRSО: 401350, СОNТ
 04.10.84 М1
           *САLL DТRАN:410440(Р/WО)
                 DТRАN  /01.06.84/
           *АSSЕМ
           *RЕАD: 1
                                                      10.04.19 М1
 АВТОКОД  МАDLЕN
   (1.10.72)
                    Р/WО    :  , NАМЕ,        DТRАN  /01.06.84/
                    РАSZЕRО*:  , LС  ,1
                    Р/НIDЕ  :  , SUВР,
                    Р/ЕDIН  :  , SUВР,
                    Р/SР    :  , SUВР,
                    Р/СW    :  , SUВР,
 0000                          , NТR ,3
  -                          15, АТХ ,
 0001                        14, VJМ ,Р/НIDЕ
  -
 0002 0030                     , UТС ,*0030В  .=I16
  -                            , ХТА ,
 0003                        15, А-Х ,-6
  -                          15, АТХ ,
 0004                        13, VJМ ,Р/SР
  -
 0005                        15, ХТА ,-1
  -                            , NТR ,27В
 0006 0011                     , UZА ,*0011В
  -   0030                     , UТС ,*0030В  .=I16
 0007                          , ХТА ,
  -                          15, АТХ ,-7
 0010                          , ХТА ,
  -                          15, АТХ ,-1
 0011               *0011В  :15, UТС ,-6
  -                           6, VТМ ,
 0012                         7, VТМ ,-15
  -                          15, МТJ ,8
 0013               *0013В  : 6, ХТА ,
  -                            , АSN ,64-3
 0014                         6, АТХ ,
  -                            , УТА ,
 0015                          , UТС ,РАSZЕRО*
  -                            , АRХ ,
 0016                        15, АТХ ,
  -   0013                    7, VLМ ,*0013В
 0017                         8, WТС ,-1
  -                          14, VТМ ,
 0020                         8, МТJ ,6
  -                          14, J+М ,6
 0021                         8, ХТА ,-7
  -                            , АТI ,7
 0022 0025          *0022В  : 7, VZМ ,*0025В
  -                           7, UТМ ,-1
 0023                         6, ХТА ,
  -                          13, VJМ ,Р/СW
 0024                         6, UТМ ,1
  -   0022                     , UJ  ,*0022В
 0025               *0025В  : 8, UТС ,-1
  -                          15, VТМ ,
 0026                        14, VJМ ,Р/ЕDIН
  -
 0027                        15, UТМ ,-2
  -                          13, UJ  ,
 0030               *0030В  :  , INТ ,16
                               , ЕND ,
 ЧИСЛО ПЕРФ. 0053      ЧИСЛО ОШИБ. ОПЕРАТОРОВ  0000
           *RЕАD ОLD
           *ЕND FILЕ
 КОНЕЦ ЗАДАЧИ
 00411: 00 074 0000	*74
