                                                      10.04.19 М1

  М О Н И Т О Р-8 0  (3.7)   25.09.84*       (  МС " Д У Б Н А " ИАЭ  )             ШИФР    419999000000







                    ЖЖЖЖ        Ж   Ж ЖЖЖЖ
                    Ж   Ж       Ж   Ж Ж   Ж
                    Ж   Ж    Ж  Ж   Ж Ж   Ж
                    Ж   Ж   Ж   Ж   Ж ЖЖЖЖ
                    ЖЖЖЖ   Ж    Ж Ж Ж Ж Ж
                    Ж           Ж Ж Ж Ж  Ж
                    Ж            Ж Ж  Ж   Ж








*NАМЕ Р/WR
           *РЕRSО: 401350, СОNТ
 04.10.84 М1
           *САLL DТRАN:410440(Р/WR)
                 DТRАN  /01.06.84/
           *АSSЕМ
           *RЕАD: 1
                                                      10.04.19 М1
 АВТОКОД  МАDLЕN                                                   -                            , NТR ,20В
   (1.10.72)                                                      0033 0036                     , U1А ,*0036В
                    Р/WR    :  , NАМЕ,        DТRАN  /01.06.84/    -                            , UТС ,SРАСЕ*
                    SРАСЕ*  :  , LС  ,1                           0034                          , ХТА ,
                    РАSZЕRО*:  , LС  ,1                            -   0040                     , UJ  ,*0040В
                    РАSМINS*:  , LС  ,1                           0035               *0035В  : 1, ХТА ,21В
                    РАSРЕRID:  , LС  ,1                            -   0046                     , UJ  ,*0046В
                    РАSРLUS*:  , LС  ,1                           0036               *0036В  :14, АVХ ,1
                    Р/СW    :  , SUВР,                             -                          15, АТХ ,-6
                    Р/ТR    :  , SUВР,                            0037                          , UТС ,РАSМINS*
                    Р/А7    :  , SUВР,                             -                            , ХТА ,
                    Р/WI    :  , SUВР,                            0040               *0040В  :13, VJМ ,Р/СW
 0000                          , NТR ,                             -
  -                            , АVХ ,                            0041 0144                   14, VТМ ,*0144В  .=I10
 0001                          , NТR ,3                            -                          15, ХТА ,-6
  -                            , IТS ,13                          0042 0035                     , UZА ,*0035В
 0002                          , ХТS ,                             -                            , АSN ,64+41
  -   0144                   14, VТМ ,*0144В  .=I10               0043                        14, А-Х ,4
 0003                          , ХТS ,                             -                           1, АЕХ ,11В
  -                          15, UТМ ,3                           0044                          , NТR ,
 0004               *0004В  :14, ХТА ,                             -                          14, А*Х ,5
  -                          15, А-Х ,-7                          0045                          , NТR ,3
 0005 0012                     , UZА ,*0012В                       -                           1, А+Х ,11В
  -                          14, А+Х ,                            0046               *0046В  :15, АТХ ,-8
 0006 0011                     , UZА ,*0011В                       -                            , АМХ ,
  -                          14, АVХ ,1                           0047                          , АТI ,13
 0007                        15, АТХ ,-7                           -                          14, J+М ,13
  -                           1, ХТА ,10В                         0050                        15, ХТА ,-8
 0010                        15, АТХ ,-4                           -                            , NТR ,20В
  -   0004                     , UJ  ,*0004В                      0051 0053                     , U1А ,*0053В
 0011               *0011В  :14, ХТА ,                             -                          15, ХТА ,-6
  -   0014                     , UJ  ,*0014В                      0052                        13, А/Х ,22В
 0012               *0012В  :14, А+Х ,1                            -   0054                     , UJ  ,*0054В
  -   0015                     , U1А ,*0015В                      0053               *0053В  :15, ХТА ,-6
 0013                         1, ХТА ,21В                          -                          13, А*Х ,22В
  -                                                               0054               *0054В  :15, АТХ ,-6
 0014               *0014В  :15, АТХ ,-7                           -                          14, А-Х ,22В
  -                                                               0055 0061                     , UZА ,*0061В
 0015               *0015В  :15, ХТА ,-8                           -                          15, ХТА ,-6
  -                          15, WТС ,-4                          0056                        14, А*Х ,23В
 0016                        14, А-Х ,2                            -                          15, АТХ ,-6
  -   0021                     , UZА ,*0021В                      0057                        15, ХТА ,-8
 0017                        15, WТС ,-4                           -                            , NТR ,3
  -                          14, ХТА ,2                           0060                         1, А-Х ,21В
 0020                        15, АТХ ,-8                           -                          15, АТХ ,-8
  -                                                               0061 0134          *0061В  :13, VJМ ,*0134В
 0021               *0021В  :15, ХТА ,-8                           -
  -                          15, А-Х ,-7                          0062                        14, Х-А ,23В
 0022                        15, АТХ ,-8                           -   0067                     , UZА ,*0067В
  -                          15, ХТА ,-4                          0063                        15, ХТА ,-6
 0023 0132                     , U1А ,*0132В                       -                          14, А/Х ,23В
  -                                                               0064                        15, АТХ ,-6
 0024               *0024В  :15, ХТА ,-8                           -                          15, ХТА ,-8
  -                          14, А-Х ,2                           0065                          , NТR ,3
 0025 0032                     , U1А ,*0032В                       -                           1, А+Х ,21В
  -                            , UТС ,SРАСЕ*                      0066                        15, АТХ ,-8
 0026                          , ХТА ,                             -
  -                          13, VJМ ,Р/СW                        0067               *0067В  : 1, ХТА ,21В
 0027 0144                   14, VТМ ,*0144В  .=I10                -                          15, АТХ ,-3
  -                          15, ХТА ,-8                          0070               *0070В  :15, ХТА ,-6
 0030                         1, А-Х ,21В                          -                          13, VJМ ,Р/ТR
  -                          15, АТХ ,-8                          0071                        15, АТХ ,-2
 0031 0024                     , UJ  ,*0024В                       -                            , NТR ,
  -                                                               0072                        15, Х-А ,-6
 0032               *0032В  :15, ХТА ,-6                           -                            , АМХ ,
 0073                        15, WТС ,-7                          0134               *0134В  :11, VТМ ,
  -                          14, А*Х ,22В                          -                          15, ХТА ,-6
 0074                          , NТR ,3                           0135                          , NТR ,20В
  -                           1, А+Х ,11В                          -   0137                     , UZА ,*0137В
 0075                         1, АТХ ,4                           0136 0145                   11, VТМ ,*0145В  .=I-9
  -                          15, ХТА ,-2                           -
 0076                         1, АЕХ ,11В                         0137               *0137В  :  , NТR ,
  -   0104                     , U1А ,*0104В                       -                          15, WТС ,-7
 0077                        15, ХТА ,-6                          0140                        14, ХТА ,7
  -                            , NТR ,20В                          -                          11, АVХ ,
 0100 0104                     , UZА ,*0104В                      0141                        15, А+Х ,-6
  -                          15, ХТА ,-3                           -                          15, АТХ ,-6
 0101 0143                   11, VТМ ,*0143В  .=6Н-0              0142                        13, UJ  ,
  -                          10, VТМ ,2                            -
 0102                        15, АТХ ,                            0143               *0143В  :  , ISО ,6Н-0
  -                          13, VJМ ,Р/А7                        0144               *0144В  :  , INТ ,10
 0103 0106                     , UJ  ,*0106В                      0145               *0145В  :  , INТ ,-9
  -                                                               0146                          , INТ ,8
 0104               *0104В  :15, ХТА ,-3                          0147                          , INТ ,4
  -                          15, ХТS ,-3                          0150                          , LОG ,100
 0105                        13, VJМ ,Р/WI                        0151                          , LОG ,3751 5037 2261 7343
  -                                                               0152                          , LОG ,105
 0106               *0106В  :  , UТС ,РАSРЕRID                    0153                          , INТ ,2
  -                            , ХТА ,                            0154                          , LОG ,3614 6314 6314 6315
 0107                        13, VJМ ,Р/СW                        0155                          , LОG ,3452 1727 0243 6561
  -                                                               0156                          , LОG ,3310 1422 3351 3616
 0110                        13, VТМ ,SРАСЕ*                      0157                          , LОG ,3115 0667 0565 4344
  -                          13, ХТА ,                            0160                          , LОG ,2752 3705 5304 3435
 0111                        15, АТХ ,-1                          0161                          , LОG ,2610 3067 5720 2661
  -                            , UТС ,РАSZЕRО*                    0162                          , LОG ,2415 3277 4515 2747
 0112                          , ХТА ,                            0163                          , LОG ,2252 5714 3561 0606
  -                          13, АТХ ,                            0164                          , ОСТ ,2110 4560 2764 047
 0113                        15, ХТА ,-7                          0165                          , ОСТ ,1715 5746 7754 73
  -                           1, ХТS ,4                                             С===========================================
 0114                        13, VJМ ,Р/WI                        0166               РАSТЕNS :  ,ЕNТRУ,
  -                                                                                 С===========================================
 0115                        15, ХТА ,-4                          0166                          , ОСТ ,405
  -   0127                     , U1А ,*0127В                      0167                          , ОСТ ,4212
 0116 0144                   14, VТМ ,*0144В  .=I10               0170                          , ОСТ ,4354 4
  -                          14, ХТА ,6                           0171                          , ОСТ ,4517 5
 0117                        13, VJМ ,Р/СW                        0172                          , ОСТ ,4711 61
  -                                                               0173                          , ОСТ ,5054 152
 0120                        14, VТМ ,РАSРLUS*                    0174                          , ОСТ ,5217 2044
  -                          15, ХТА ,-8                          0175                          , ОСТ ,5411 4226 4
 0121                          , NТR ,23В                         0176                          , ОСТ ,5553 7274 1
  -   0124                     , UZА ,*0124В                      0177                          , ОСТ ,5716 7153 12
 0122                         1, АVХ ,17В                         0200                          , ОСТ ,6111 2402 762
  -                          15, АТХ ,-8                          0201                          , ОСТ ,6253 5103 5564
 0123                        14, VТМ ,РАSМINS*                    0202                          , ОСТ ,6416 4324 5121
  -                                                               0203                          , ОСТ ,6611 0604 7162 5
 0124               *0124В  :14, ХТА ,                            0204                          , ОСТ ,6753 2746 1017 22
  -                          13, VJМ ,Р/СW                        0205                          , ОСТ ,7116 1537 5223 064
 0125 0144                   14, VТМ ,*0144В  .=I10               0206                          , LОG ,7310 7033 6233 7404
  -                          14, ХТА ,7                           0207                          , LОG ,7453 0642 5702 7305
 0126                        15, ХТS ,-9                          0210                          , LОG ,7615 7013 3263 5166
  -                          13, VJМ ,Р/WI                        0211                          , LОG ,7757 7777 7777 7777
 0127               *0127В  :15, ХТА ,-1                                                        , DАТА,
  -                            , UТС ,SРАСЕ*                      0212               /0212В  :  , LОG ,56
 0130                          , АТХ ,                            0213               /0213В  :  , LОG ,53
  -                          15, UТМ ,-8                                                       1, SЕТ ,/0212В
 0131                        15, WТС ,3                           0214                         1,     ,РАSРЕRID
  -                            , UJ  ,                                                         1, SЕТ ,/0213В
 0132               *0132В  :15, ХТА ,-8                          0215                         1,     ,РАSРLUS*
  -                           1, А-Х ,21В                                                       , ЕND ,
 0133                        15, АТХ ,-3                          ЧИСЛО ПЕРФ. 0242      ЧИСЛО ОШИБ. ОПЕРАТОРОВ  0000
  -   0070                   13, VТМ ,*0070В
           *RЕАD ОLD
           *ЕND FILЕ
 КОНЕЦ ЗАДАЧИ
 00411: 00 074 0000	*74
