                                                      10.04.19 М1

  М О Н И Т О Р-8 0  (3.7)   25.09.84*       (  МС " Д У Б Н А " ИАЭ  )             ШИФР    419999000000







                    ЖЖЖЖ        Ж   Ж Ж   Ж
                    Ж   Ж       Ж   Ж  Ж Ж
                    Ж   Ж    Ж  Ж   Ж   Ж
                    Ж   Ж   Ж   Ж   Ж  Ж Ж
                    ЖЖЖЖ   Ж    Ж Ж Ж Ж   Ж
                    Ж           Ж Ж Ж Ж   Ж
                    Ж            Ж Ж  Ж   Ж








*NАМЕ Р/WХ
           *РЕRSО: 401350, СОNТ
 04.10.84 М1
           *САLL DТRАN:410440(Р/WХ)
                 DТRАN  /01.06.84/
           *АSSЕМ
           *RЕАD: 1
                                                      10.04.19 М1
 АВТОКОД  МАDLЕN
   (1.10.72)
                    Р/WХ    :  , NАМЕ,        DТRАN  /01.06.84/
                    РАSISОХТ:  , SUВР,
                    Р/SР    :  , SUВР,
                    Р/СW    :  , SUВР,
 0000                          , АТI ,14
  -   0024                     , UТС ,*0024В  .=:7777 7777 7777
                                                 74
 0001                          , ААХ ,
  -   0005                     , UZА ,*0005В
 0002 0004                     , UТС ,*0004В
  -                            , ХТА ,
 0003 0007                     , UJ  ,*0007В
  -
 0004               *0004В  : 2, UТМ ,65764В
  -                          12, VZМ ,34112В
 0005               *0005В  :14, UТС ,
  -                           8, UТС ,
 0006                        11, ХТА ,
                   С===========================================
  -
 0007               Р/WХD   :  ,ЕNТRУ,
                   С===========================================
 0007               *0007В  :  , IТS ,13
  -                            , IТS ,8
 0010                        15, АТХ ,
  -   0023                     , UТС ,*0023В  .=I8
 0011                          , ХТА ,
  -                            , NТR ,3
 0012                        15, А-Х ,-4
  -                          13, VJМ ,Р/SР
 0013                         8, VТМ ,-7
  -
 0014               *0014В  :15, ХТА ,-3
  -                            , АSN ,64-6
 0015                        15, АТХ ,-3
  -                            , УТА ,
 0016                        13, VJМ ,РАSISОХТ
  -
 0017                        13, VJМ ,Р/СW
  -
 0020 0014                    8, VLМ ,*0014В
  -                          15, ХТА ,
 0021                          , SТI ,8
  -                            , АТI ,13
 0022                        15, UТМ ,-2
  -                          13, UJ  ,
 0023               *0023В  :  , INТ ,8
 0024               *0024В  :  , ОСТ ,7777 7777 7777 74
                               , ЕND ,
 ЧИСЛО ПЕРФ. 0043      ЧИСЛО ОШИБ. ОПЕРАТОРОВ  0000
           *RЕАD ОLD
           *ЕND FILЕ
 КОНЕЦ ЗАДАЧИ
 00411: 00 074 0000	*74
