                                                      10.04.19 М1

  М О Н И Т О Р-8 0  (3.7)   25.09.84*       (  МС " Д У Б Н А " ИАЭ  )             ШИФР    419999000000







                    ЖЖЖЖ   ЖЖЖ   ЖЖЖ  ЖЖЖЖ  Ж   Ж Ж   Ж
                    Ж   Ж Ж   Ж Ж     Ж     Ж   Ж ЖЖ  Ж
                    Ж   Ж Ж   Ж  ЖЖЖ  ЖЖЖ   Ж   Ж Ж Ж Ж
                    Ж   Ж Ж   Ж     Ж Ж     Ж   Ж Ж  ЖЖ
                    ЖЖЖЖ  Ж   Ж     Ж Ж     Ж   Ж Ж   Ж
                    Ж     ЖЖЖЖЖ Ж   Ж Ж      Ж Ж  Ж   Ж
                    Ж     Ж   Ж  ЖЖЖ  ЖЖЖЖЖ   Ж   Ж   Ж








*NАМЕ РАSЕVN
           *РЕRSО: 401350, СОNТ
 04.10.84 М1
           *САLL DТRАN:410440(РАSЕVN)
                 DТRАN  /01.06.84/
           *АSSЕМ
           *RЕАD: 1
                                                      10.04.19 М1
 АВТОКОД  МАDLЕN
   (1.10.72)
                    РАSЕVN  :  , NАМЕ,        DТRАN  /01.06.84/
                    РАSНID  :  , SUВР,
                    РАSDIН  :  , SUВР,
 0000                         9, VТМ ,
  -                          14, VJМ ,РАSНID
 0001                          , IТА ,11
  -                            , IТS ,10
 0002                          , NТR ,3
  -                          15, А-Х ,
 0003                          , АТI ,13
  -                          10, МТJ ,14
 0004 0017                    9, VТМ ,*0017В  .=1
  -
 0005               *0005В  : 6, VТМ ,-5
  -
 0006               *0006В  :14, ХТА ,
  -                            , АSN ,64-8
 0007                        14, АТХ ,
  -                            , УТА ,
 0010                        15, АТХ ,
  -                            , АСХ ,
 0011                         9, ААХ ,
  -   0013                     , UZА ,*0013В
 0012                         9, ХТА ,1
  -
 0013               *0013В  :15, АЕХ ,
  -                          14, АЕХ ,
 0014                        14, АТХ ,
  -   0006                    6, VLМ ,*0006В
 0015                        14, UТМ ,1
  -   0005                   13, VLМ ,*0005В
 0016                         9, VТМ ,
  -                            , UJ  ,РАSDIН
 0017               *0017В  :  , LОG ,1
 0020                          , LОG ,200
                               , ЕND ,
 ЧИСЛО ПЕРФ. 0033      ЧИСЛО ОШИБ. ОПЕРАТОРОВ  0000
           *RЕАD ОLD
           *ЕND FILЕ
 КОНЕЦ ЗАДАЧИ
 00411: 00 074 0000	*74
