                                                      10.04.19 М1

  М О Н И Т О Р-8 0  (3.7)   25.09.84*       (  МС " Д У Б Н А " ИАЭ  )             ШИФР    419999000000







                    ЖЖЖЖ   ЖЖЖ   ЖЖЖ  ЖЖЖЖ   ЖЖЖ  ЖЖЖЖЖ
                    Ж   Ж Ж   Ж Ж     Ж     Ж   Ж Ж
                    Ж   Ж Ж   Ж  ЖЖЖ  ЖЖЖ   Ж   Ж ЖЖЖЖ
                    Ж   Ж Ж   Ж     Ж Ж     Ж   Ж Ж
                    ЖЖЖЖ  Ж   Ж     Ж Ж     Ж   Ж Ж
                    Ж     ЖЖЖЖЖ Ж   Ж Ж     Ж   Ж Ж
                    Ж     Ж   Ж  ЖЖЖ  ЖЖЖЖЖ  ЖЖЖ  Ж








*NАМЕ РАSЕОF
           *РЕRSО: 401350, СОNТ
 04.10.84 М1
           *САLL DТRАN:410440(РАSЕОF)
                 DТRАN  /01.06.84/
           *АSSЕМ
           *RЕАD: 1
                                                      10.04.19 М1
 АВТОКОД  МАDLЕN
   (1.10.72)
                    РАSЕОF  :  , NАМЕ,        DТRАN  /01.06.84/
                    МОNСАRD*:  , LС  ,14
 0000                          , UТС ,МОNСАRD*
  -                            , ХТА ,
 0001                        15, АТХ ,1
  -   0010                   14, VТМ ,*0010В  .=:776
 0002                        14, ААХ ,
  -                          14, АЕХ ,1
 0003                        13, U1А ,
  -
 0004               *0004В  :14, ХТА ,2
  -   0007                     , UZА ,*0007В
 0005                        15, АЕХ ,1
  -                          13, UZА ,
 0006                        14, UТМ ,1
  -   0004                     , UJ  ,*0004В
 0007               *0007В  :14, ХТА ,
  -                          13, UJ  ,
 0010               *0010В  :  , ОСТ ,776
 0011                          , ОСТ ,124
 0012                          , ISО ,24Н*RЕАD *ЕND F*САLL *ЕХЕ
                                                СU
 0016                          , LОG ,
                               , ЕND ,
 ЧИСЛО ПЕРФ. 0022      ЧИСЛО ОШИБ. ОПЕРАТОРОВ  0000
           *RЕАD ОLD
           *ЕND FILЕ
 КОНЕЦ ЗАДАЧИ
 00411: 00 074 0000	*74
