                                                      10.04.19 М1

  М О Н И Т О Р-8 0  (3.7)   25.09.84*       (  МС " Д У Б Н А " ИАЭ  )             ШИФР    419999000000







                    ЖЖЖЖ   ЖЖЖ   ЖЖЖ  Ж   Ж  ЖЖЖ  ЖЖЖ
                    Ж   Ж Ж   Ж Ж     Ж   Ж   Ж   Ж  Ж
                    Ж   Ж Ж   Ж  ЖЖЖ  ЖЖЖЖЖ   Ж   Ж   Ж
                    Ж   Ж Ж   Ж     Ж Ж   Ж   Ж   Ж   Ж
                    ЖЖЖЖ  Ж   Ж     Ж Ж   Ж   Ж   Ж   Ж
                    Ж     ЖЖЖЖЖ Ж   Ж Ж   Ж   Ж   Ж   Ж
                    Ж     Ж   Ж  ЖЖЖ  Ж   Ж  ЖЖЖ  ЖЖЖЖ








*NАМЕ РАSНID
           *РЕRSО: 401350, СОNТ
 04.10.84 М1
           *САLL DТRАN:410440(РАSНID)
                 DТRАN  /01.06.84/
           *АSSЕМ
           *RЕАD: 1
                                                      10.04.19 М1
 АВТОКОД  МАDLЕN
   (1.10.72)
                    РАSНID  :  , NАМЕ,        DТRАN  /01.06.84/
 0000                          , IТS ,13
  -
 0001               *0001В  : 9, IТS ,6
  -   0001                    9, VLМ ,*0001В
 0002                        15, АТХ ,
  -                          14, UJ  ,
                   С===========================================
 0003               РАSDIН  :  ,ЕNТRУ,
                   С===========================================
 0003                        15, ХТА ,
  -                          13, VТМ ,6
 0004               *0004В  :13, UТС ,
  -                            , SТI ,
 0005                        13, UТМ ,-1
  -   0004                    9, VLМ ,*0004В
 0006                          , SТI ,13
  -                          13, UJ  ,
                               , ЕND ,
 ЧИСЛО ПЕРФ. 0018      ЧИСЛО ОШИБ. ОПЕРАТОРОВ  0000
           *RЕАD ОLD
           *ЕND FILЕ
 КОНЕЦ ЗАДАЧИ
 00411: 00 074 0000	*74
