                                                      10.04.19 М1

  М О Н И Т О Р-8 0  (3.7)   25.09.84*       (  МС " Д У Б Н А " ИАЭ  )             ШИФР    419999000000







                    ЖЖЖЖ   ЖЖЖ   ЖЖЖ   ЖЖЖ   ЖЖЖ   ЖЖЖ  Ж   Ж ЖЖЖЖЖ
                    Ж   Ж Ж   Ж Ж       Ж   Ж     Ж   Ж  Ж Ж    Ж
                    Ж   Ж Ж   Ж  ЖЖЖ    Ж    ЖЖЖ  Ж   Ж   Ж     Ж
                    Ж   Ж Ж   Ж     Ж   Ж       Ж Ж   Ж  Ж Ж    Ж
                    ЖЖЖЖ  Ж   Ж     Ж   Ж       Ж Ж   Ж Ж   Ж   Ж
                    Ж     ЖЖЖЖЖ Ж   Ж   Ж   Ж   Ж Ж   Ж Ж   Ж   Ж
                    Ж     Ж   Ж  ЖЖЖ   ЖЖЖ   ЖЖЖ   ЖЖЖ  Ж   Ж   Ж








*NАМЕ РАSISОХТ
           *РЕRSО: 401350, СОNТ
 04.10.84 М1
           *САLL DТRАN:410440(РАSISОХТ)
                 DТRАN  /01.06.84/
           *АSSЕМ
           *RЕАD: 1
                                                      10.04.19 М1
 АВТОКОД  МАDLЕN
   (1.10.72)
                    РАSISОХТ:  , NАМЕ,        DТRАN  /01.06.84/
 0000                        15, АТХ ,1
  -                            , АSN ,64+2
 0001                          , АТI ,14
  -   0010                   14, UТМ ,*0010В  .=6Н00ЦБ
 0002                        15, ХТА ,1
  -   0030                     , UТС ,*0030В  .=3
 0003                          , ААХ ,
  -                            , АSN ,64-3
 0004                        15, АТХ ,
  -                          14, ХТА ,
 0005                        15, WТС ,
  -                            , АSN ,64
 0006 0031                     , UТС ,*0031В  .=377
  -                            , ААХ ,
 0007                        13, UJ  ,
  -
 0010               *0010В  :  , ISО ,24Н00ЦБ  00ИГФД00Й*  00/Ж
                                                ЯЛ
 0014                          , ISО ,24Н00321000765400 Ь9800Ы+
                                                -П
 0020                          , ISО ,24Н00СВАЗ00GFЕD00КJIН00ОN
                                                МL
 0024                          , ISО ,24Н00SRQР00WVUТ00ШZУХ00ЮЧ
                                                ЩЭ
 0030               *0030В  :  , LОG ,3
 0031               *0031В  :  , LОG ,377
                               , ЕND ,
 ЧИСЛО ПЕРФ. 0023      ЧИСЛО ОШИБ. ОПЕРАТОРОВ  0000
           *RЕАD ОLD
           *ЕND FILЕ
 КОНЕЦ ЗАДАЧИ
 00411: 00 074 0000	*74
