                                                      10.04.19 М1

  М О Н И Т О Р-8 0  (3.7)   25.09.84*       (  МС " Д У Б Н А " ИАЭ  )             ШИФР    419999000000







                    ЖЖЖЖ   ЖЖЖ   ЖЖЖ  Ж   Ж ЖЖЖЖ   ЖЖЖ
                    Ж   Ж Ж   Ж Ж     ЖЖ  Ж Ж  Ж  Ж   Ж
                    Ж   Ж Ж   Ж  ЖЖЖ  Ж Ж Ж ЖЖЖ    Ж Ж
                    Ж   Ж Ж   Ж     Ж Ж  ЖЖ Ж  Ж    Ж
                    ЖЖЖЖ  Ж   Ж     Ж Ж   Ж Ж   Ж  Ж Ж
                    Ж     ЖЖЖЖЖ Ж   Ж Ж   Ж Ж   Ж Ж   Ж
                    Ж     Ж   Ж  ЖЖЖ  Ж   Ж ЖЖЖЖ   ЖЖЖ








*NАМЕ РАSNВ8
           *РЕRSО: 401350, СОNТ
 04.10.84 М1
           *САLL DТRАN:410440(РАSNВ8)
                 DТRАN  /01.06.84/
           *АSSЕМ
           *RЕАD: 1
                                                      10.04.19 М1
 АВТОКОД  МАDLЕN
   (1.10.72)
                    РАSNВ8  :  , NАМЕ,        DТRАN  /01.06.84/
 0000                          , IТА ,13
  -                            , IТS ,8
 0001                          , NТR ,3
  -                            , IТА ,11
 0002                          , IТS ,10
  -                          15, А-Х ,
 0003                          , АТI ,13
  -                          10, МТJ ,14
 0004               *0004В  :14, ХТА ,
  -                           9, ААХ ,13В
 0005                        14, АТХ ,
  -                          14, UТМ ,1
 0006 0004                   13, VLМ ,*0004В
  -                          15, WТС ,
 0007                          , UJ  ,
  -
                               , ЕND ,
 ЧИСЛО ПЕРФ. 0017      ЧИСЛО ОШИБ. ОПЕРАТОРОВ  0000
           *RЕАD ОLD
           *ЕND FILЕ
 КОНЕЦ ЗАДАЧИ
 00411: 00 074 0000	*74
