                                                      10.04.19 М1

  М О Н И Т О Р-8 0  (3.7)   25.09.84*       (  МС " Д У Б Н А " ИАЭ  )             ШИФР    419999000000







                    ЖЖЖЖ   ЖЖЖ   ЖЖЖ   ЖЖЖ  Ж   Ж ЖЖЖЖЖ
                    Ж   Ж Ж   Ж Ж     Ж   Ж Ж   Ж   Ж
                    Ж   Ж Ж   Ж  ЖЖЖ  Ж   Ж Ж   Ж   Ж
                    Ж   Ж Ж   Ж     Ж Ж   Ж Ж   Ж   Ж
                    ЖЖЖЖ  Ж   Ж     Ж Ж   Ж Ж   Ж   Ж
                    Ж     ЖЖЖЖЖ Ж   Ж Ж   Ж Ж   Ж   Ж
                    Ж     Ж   Ж  ЖЖЖ   ЖЖЖ   ЖЖЖ    Ж








*NАМЕ РАSОUТ
           *РЕRSО: 401350, СОNТ
 04.10.84 М1
           *САLL DТRАN:410440(РАSОUТ)
                 DТRАN  /01.06.84/
           *АSSЕМ
           *RЕАD: 1
                                                      10.04.19 М1
 АВТОКОД  МАDLЕN                                                   -                            , UТС ,RGЕХРОRТ
   (1.10.72)                                                      0031                          , АТХ ,
                    РАSОUТ  :  , NАМЕ,        DТRАN  /01.06.84/    -   0020                     , UJ  ,*0020В
                    *РАSDDS*:  , LС  ,1                           0032               *0032В  : 9, *64 ,26В
                    РАSZЕRО*:  , LС  ,1                            -
                    RGЕХРОRТ:  , LС  ,1                           0033 0027                     , UJ  ,*0027В
                    *РАSТЕL*:  , LС  ,25                           -
                    РАSЕVN  :  , SUВР,                            0034               *0034В  : 9, *71 ,7
                    РАSNВ8  :  , SUВР,                             -
                    РRINТ8  :  , SUВР,                            0035                         9, *71 ,12В
                    РULТ    :  , SUВР,                             -
                    GАМ/0   :  , ЕQU ,*РАSТЕL*+3                  0036 0020                     , UJ  ,*0020В
                    GАМ/2   :  , ЕQU ,*РАSТЕL*+12                                   С===========================================
 0000                          , SТI ,11                           -
  -                            , SТI ,10                          0037               РАSТN   :  ,ЕNТRУ,
                   С===========================================                     С===========================================
 0001               Р/РRINТ :  ,ЕNТRУ,                            0037               *0037В  : 9, VТМ ,*РАSТЕL*
                   С===========================================    -                           9, UТС ,17В
 0001                          , IТА ,13                          0040                          , *71 ,
  -                          13, VТМ ,RGЕХРОRТ                     -
 0002                        13, ХТS ,                            0041                         9, АТХ ,1
  -                           9, VТМ ,*РАSТЕL*                     -                            , АNХ ,
 0003                         9, ААХ ,22В                         0042                         9, АТХ ,
  -   0020                     , UZА ,*0020В                       -                          13, UZА ,
 0004                         9, ХТА ,                            0043                         9, АОХ ,30В
  -   0007                     , U1А ,*0007В                       -                           9, АТХ ,12В
 0005 0037                   13, VJМ ,*0037В                      0044                          , АSN ,64-12
  -                                                                -                           9, АОХ ,16В
 0006 0030                     , UZА ,*0030В                      0045                         9, АТХ ,7
  -                                                                -                           9, АОХ ,21В
 0007 0053          *0007В  :13, VJМ ,*0053В                      0046                         9, АТХ ,5
  -                                                                -                           9, АОХ ,20В
 0010 0020                     , UZА ,*0020В                      0047                         9, АТХ ,6
  -                            , UТС ,РАSZЕRО*                     -                           9, АЕХ ,21В
 0011                          , ХТА ,                            0050                         9, АТХ ,10В
  -   0034                     , UZА ,*0034В                       -                           9, АЕХ ,24В
 0012                        13, VJМ ,РАSЕVN                      0051                         9, АТХ ,11В
  -                                                                -                           9, ХТА ,
 0013                         9, VТМ ,*РАSТЕL*                    0052                        13, UJ  ,
  -                           9, *71 ,5                                             С===========================================
 0014                         9, *71 ,12В                          -
  -                                                               0053               РАSWНТ  :  ,ЕNТRУ,
 0015                         9, ХТА ,25В                                           С===========================================
  -                           9, АТХ ,13В                         0053               *0053В  : 9, ХТА ,4
 0016                        13, VJМ ,РАSNВ8                       -                           9, АRХ ,22В
  -                                                               0054                         9, АТХ ,4
 0017                         9, VТМ ,*РАSТЕL*                     -                           9, АЕХ ,3
  -                                                               0055                        13, U1А ,
 0020               *0020В  :13, VТМ ,RGЕХРОRТ                     -                            , ХТА ,
  -                          13, ХТА ,                            0056                         9, АТХ ,4
 0021                         9, ААХ ,23В                          -
  -   0027                     , UZА ,*0027В                      0057               *0057В  : 9, ХТА ,14В
 0022                          , UТС ,РАSZЕRО*                     -                           9, АТХ ,13В
  -                            , ХТА ,                            0060                         9, *71 ,11В
 0023 0032                     , UZА ,*0032В                       -
  -                            , IТА ,8                           0061                         9, *71 ,12В
 0024                          , IТS ,10                           -
  -                            , IТS ,11                          0062                         9, ХТА ,13В
 0025                          , IТS ,                             -                            , АSN ,64+40
  -                          13, VJМ ,РRINТ8                      0063                          , АТI ,14
 0026                          , NТR ,3                            -                          14, UТМ ,-42
  -                            , АТI ,8                           0064 0110                   14, VZМ ,*0110В
 0027               *0027В  :15, WТС ,                             -                          14, UТМ ,-26
  -                            , UJ  ,                            0065 0111                   14, VZМ ,*0111В
 0030               *0030В  : 9, ХТА ,23В                          -                          14, UТМ ,77505В
 0066 0107                   14, VZМ ,*0107В                                                    , ЕND ,
  -                          14, UТМ ,337В                        ЧИСЛО ПЕРФ. 0171      ЧИСЛО ОШИБ. ОПЕРАТОРОВ  0000
 0067 0104                   14, VZМ ,*0104В
  -                          14, UТМ ,-16
 0070 0105                   14, VZМ ,*0105В
  -                          14, UТМ ,-2
 0071 0100                   14, VZМ ,*0100В
  -                          14, UТМ ,15В
 0072 0103                   14, VZМ ,*0103В
  -                          14, UТМ ,-26
 0073 0076                   14, VZМ ,*0076В
  -                          14, UТМ ,-9
 0074 0057                   14, V1М ,*0057В
  -                            , *62 ,
 0075 0057                     , UJ  ,*0057В
  -
 0076               *0076В  : 9, ХТА ,22В
  -                            , UТС ,*РАSDDS*
 0077                          , АТХ ,
  -   0101                     , UJ  ,*0101В
 0100               *0100В  : 9, ХТА ,22В
  -
 0101               *0101В  :14, VТМ ,RGЕХРОRТ
  -                          14, АТХ ,
 0102                         9, ААХ ,22В
  -                          13, UJ  ,
 0103               *0103В  :13, VJМ ,РULТ
  -
 0104               *0104В  : 9, ХТА ,23В
  -   0101                     , UJ  ,*0101В
 0105               *0105В  : 9, ХТА ,22В
  -                           9, АОХ ,23В
 0106 0101                     , UJ  ,*0101В
  -
 0107               *0107В  :13, UJ  ,
  -
 0110               *0110В  :  , SJ  ,
  -
 0111               *0111В  : 9, ХТА ,13В
  -                            , АSN ,64-8
 0112                          , АSN ,64+40
  -                           9, АТХ ,3
 0113                        13, UJ  ,
                               , DАТА,
  -
 0114               /0114В  :  , LОG ,13
 0115                          , LОG ,12
 0116               /0116В  :  , LОG ,2262 6440 1441 2417
 0117                          , LОG ,
 0120                          , ОСТ ,5020 0000 55
 0121                          , LОG ,7777 7777 7777 7777
 0122                          , ОСТ ,001
 0123                          , ОСТ ,0001
 0124                          , LОG ,1
 0125                          , LОG ,2
 0126                          , LОG ,1404 0013 1000 0013
 0127                          , LОG ,3767 7577 3767 7577
 0130                          , ОСТ ,5000 0000 54
 0131                          , LОG ,4000 0000
 0132                          , ОСТ ,012
                              1, SЕТ ,
 0133                         5,     ,*РАSТЕL*
                              2, SЕТ ,/0114В
 0134                         1,     ,GАМ/0   .*РАSТЕL*+3
                             13, SЕТ ,/0116В
 0135                         1,     ,GАМ/2   .*РАSТЕL*+12
           *RЕАD ОLD
           *ЕND FILЕ
 КОНЕЦ ЗАДАЧИ
 00411: 00 074 0000	*74
