                                                      10.04.19 М1

  М О Н И Т О Р-8 0  (3.7)   25.09.84*       (  МС " Д У Б Н А " ИАЭ  )             ШИФР    419999000000







                    ЖЖЖЖ   ЖЖЖ   ЖЖЖ  ЖЖЖЖ  Ж   Ж ЖЖЖ
                    Ж   Ж Ж   Ж Ж     Ж   Ж ЖЖ ЖЖ Ж  Ж
                    Ж   Ж Ж   Ж  ЖЖЖ  Ж   Ж Ж Ж Ж Ж   Ж
                    Ж   Ж Ж   Ж     Ж Ж   Ж Ж Ж Ж Ж   Ж
                    ЖЖЖЖ  Ж   Ж     Ж ЖЖЖЖ  Ж   Ж Ж   Ж
                    Ж     ЖЖЖЖЖ Ж   Ж Ж     Ж   Ж Ж   Ж
                    Ж     Ж   Ж  ЖЖЖ  Ж     Ж   Ж ЖЖЖЖ








*NАМЕ РАSРМD
           *РЕRSО: 401350, СОNТ
 04.10.84 М1
           *САLL DТRАN:410440(РАSРМD)
                 DТRАN  /01.06.84/
           *АSSЕМ
           *RЕАD: 1
                                                      10.04.19 М1
 АВТОКОД  МАDLЕN                                                   -                           3, ХТА ,1
   (1.10.72)                                                      0032                        15, ХТS ,1
                    РАSРМD  :  , NАМЕ,        DТRАN  /01.06.84/    -                            , UJ  ,Р/WХD
                    РАSРМDАD:  , LС  ,1                                             С===========================================
                    Р/WХD   :  , SUВР,                            0033               Р/РМDSЕТ:  ,ЕNТRУ,
                    Р/WО    :  , SUВР,                                              С===========================================
                    Р/WR    :  , SUВР,                            0033 0000                   14, VТМ ,*0000В
                    Р/WI    :  , SUВР,                             -                            , IТА ,14
                    Р/РRINТ :  , SUВР,                            0034                          , UТС ,РАSРМDАD
                    Р/WОLN  :  , SUВР,                             -                            , АТХ ,
                    SТОР*   :  , SUВР,                            0035                        13, UJ  ,
                    Р/7А    :  , SUВР,                             -
                    Р/WL    :  , SUВР,                            0036               *0036В  :  , АТI ,2
                    Р/СW    :  , SUВР,                             -   0125                   11, VТМ ,*0125В  .=6Н NАМЕ=
 0000               *0000В  :  , NТR ,3                           0037                        10, VТМ ,6
  -                            , IТА ,15                           -                          13, VJМ ,Р/7А
 0001                          , IТS ,13                          0040                         2, ХТА ,
  -                            , IТS ,1                            -   0031                   13, VJМ ,*0031В
 0002                          , IТS ,2                           0041 0126                   11, VТМ ,*0126В  .=6Н.LINЕ=
  -                            , IТS ,3                            -                          10, VТМ ,6
 0003                          , IТS ,6                           0042                        13, VJМ ,Р/7А
  -                          15, АТХ ,                             -
 0004 0132                    3, VТМ ,*0132В  .=I7                0043                         3, ХТА ,1
  -                          13, VJМ ,Р/WОLN                       -                           2, ХТS ,1
 0005 0112                   10, VТМ ,*0112В  .=6Н РАSСА          0044                        13, VJМ ,Р/WI
  -   0110                   13, VJМ ,*0110В                       -
 0006                        14, VТМ ,76030В                      0045                        13, VJМ ,Р/WL
  -                           7, МТJ ,13                           -
 0007               *0007В  :  , IТА ,13                          0046               *0046В  : 2, UТМ ,2
  -                          15, АЕХ ,-4                           -                           2, ХТА ,
 0010 0014                     , UZА ,*0014В                      0047 0024                     , UZА ,*0024В
  -                          13, ХТА ,                             -   0031                   13, VJМ ,*0031В
 0011                          , АТI ,13                          0050                         3, ХТА ,2
  -   0007                   14, VLМ ,*0007В                       -                          13, VJМ ,Р/СW
 0012 0115                   10, VТМ ,*0115В  .=6Н SТАСК          0051                         2, ХТА ,1
  -   0110                   13, VJМ ,*0110В                       -                            , АSN ,64+15
 0013                        13, VJМ ,SТОР*                       0052                         3, ААХ ,6
  -                                                                -                            , АТI ,14
 0014               *0014В  : 7, МТJ ,6                           0053 0061                   13, VТМ ,*0061В
  -                                                                -   0071                   14, VZМ ,*0071В
 0015               *0015В  : 3, ХТА ,                            0054                        14, UТМ ,-1
  -                            , IТS ,6                            -   0073                   14, VZМ ,*0073В
 0016                        15, Х-А ,-7                          0055                        14, UТМ ,-1
  -                          13, VJМ ,Р/WI                         -   0075                   14, VZМ ,*0075В
 0017 0120                   11, VТМ ,*0120В  .=6Н SТАСК          0056                        14, UТМ ,-1
  -                          10, VТМ ,17В                          -   0077                   14, VZМ ,*0077В
 0020                        13, VJМ ,Р/7А                        0057                        14, UТМ ,-1
  -                                                                -   0105                   14, VZМ ,*0105В
 0021                         6, ХТА ,1                           0060 0105                     , UJ  ,*0105В
  -                            , АSN ,64+30                        -
 0022 0036                     , U1А ,*0036В                      0061               *0061В  : 3, ХТА ,5
  -   0123                   11, VТМ ,*0123В  .=6Н WIТНО           -                          13, VJМ ,Р/СW
 0023                        10, VТМ ,14В                         0062 0046                     , UJ  ,*0046В
  -                          13, VJМ ,Р/7А                         -                          13, VJМ ,Р/WL
 0024               *0024В  :13, VJМ ,Р/WL                        0063 0046                     , UJ  ,*0046В
  -                                                                -
 0025                          , IТА ,6                           0064 0127          *0064В  :10, VТМ ,*0127В  .=6Н РАSСА
  -                          15, АТХ ,-6                           -   0110                   13, VJМ ,*0110В
 0026                        15, АЕХ ,-4                          0065                        15, ХТА ,
  -   0064                     , UZА ,*0064В                       -                            , SТI ,6
 0027                         6, ХТА ,                            0066                          , SТI ,3
  -                            , АТI ,6                            -                            , SТI ,2
 0030 0015                     , UJ  ,*0015В                      0067                        15, UТМ ,-2
  -                                                                -                          15, WТС ,1
 0031               *0031В  :15, АТХ ,2                           0070                          , UJ  ,
  -
 0071               *0071В  :14, VТМ ,Р/WR
  -                           3, ХТА ,1
 0072                         3, ХТS ,3
  -   0106                     , UJ  ,*0106В
 0073               *0073В  :14, VТМ ,Р/WI
  -                           3, ХТА ,1
 0074 0106                     , UJ  ,*0106В
  -
 0075               *0075В  : 2, WТС ,1
  -                           6, ХТА ,
 0076                          , UJ  ,Р/СW
  -
 0077               *0077В  : 2, ХТА ,1
  -                            , АSN ,64+18
 0100                          , IТS ,8
  -                          15, АRХ ,
 0101                          , АТI ,14
  -                           2, WТС ,1
 0102                         6, WТС ,
  -                          14, ХТА ,
 0103 0031                   13, VJМ ,*0031В
  -
 0104 0061                   13, VТМ ,*0061В
  -   0105                     , UJ  ,*0105В
 0105               *0105В  : 3, ХТА ,3
  -                          14, VТМ ,Р/WО
 0106               *0106В  : 2, WТС ,1
  -                           6, ХТS ,
 0107                        14, UJ  ,
  -
 0110               *0110В  :10, UТС ,
  -                          11, VТМ ,2
 0111                          , UJ  ,Р/РRINТ
  -
 0112               *0112В  :  , ISО ,12Н РАSСАL РМ D
 0114                          , ОСТ ,2524 6520 1000 144
 0115               *0115В  :  , ISО ,18Н SТАСК IS SРОILЕD
 0120               *0120В  :  , ISО ,18Н SТАСК LЕNGТН.
 0123               *0123В  :  , ISО ,12Н WIТНОUТ РМD
 0125               *0125В  :  , ISО ,6Н NАМЕ=
 0126               *0126В  :  , ISО ,6Н.LINЕ=
 0127               *0127В  :  , ISО ,12Н РАSСАL РМD
 0131                          , LОG ,2124 7104 1002 0003
 0132               *0132В  :  , INТ ,7
 0133                          , INТ ,0
 0134                          , LОG ,75
 0135                          , INТ ,16
 0136                          , LОG ,124
 0137                          , LОG ,56
 0140                          , LОG ,7
                               , ЕND ,
 ЧИСЛО ПЕРФ. 0163      ЧИСЛО ОШИБ. ОПЕРАТОРОВ  0000
           *RЕАD ОLD
           *ЕND FILЕ
 КОНЕЦ ЗАДАЧИ
 00411: 00 074 0000	*74
