                                                      10.04.19 М1

  М О Н И Т О Р-8 0  (3.7)   25.09.84*       (  МС " Д У Б Н А " ИАЭ  )             ШИФР    419999000000







                    ЖЖЖЖ  Ж   Ж Ж     ЖЖЖЖЖ
                    Ж   Ж Ж   Ж Ж       Ж
                    Ж   Ж Ж   Ж Ж       Ж
                    Ж   Ж Ж   Ж Ж       Ж
                    ЖЖЖЖ  Ж   Ж Ж       Ж
                    Ж     Ж   Ж Ж       Ж
                    Ж      ЖЖЖ  ЖЖЖЖЖ   Ж








*NАМЕ РULТ
           *РЕRSО: 401350, СОNТ
 04.10.84 М1
           *САLL DТRАN:410440(РULТ)
                 DТRАN  /01.06.84/
           *АSSЕМ
           *RЕАD: 1
                                                      10.04.19 М1
 АВТОКОД  МАDLЕN
   (1.10.72)
                    РULТ    :  , NАМЕ,        DТRАN  /01.06.84/
 0000 0004                   12, VТМ ,*0004В  .=10 3700 0027 00
                                                31
  -                          12, *70 ,
 0001                          , ХТА ,76017В
  -                          12, АЕХ ,1
 0002 0003                     , U1А ,*0003В
  -                            , UJ  ,76002В
 0003               *0003В  :  , *62 ,
  -
 0004               *0004В  :  , LОG ,10 3700 0027 0031
 0005                          , LОG ,377
                               , ЕND ,
 ЧИСЛО ПЕРФ. 0011      ЧИСЛО ОШИБ. ОПЕРАТОРОВ  0000
           *RЕАD ОLD
           *ЕND FILЕ
 КОНЕЦ ЗАДАЧИ
 00411: 00 074 0000	*74
