                                                      29.05.19 M1

  M O H И T O P-8 0  (3.7)   25.09.84*       (  MC " Д Y Б H A " ИAЭ  )             ШИФP    419999000000







                     ЖЖЖ  ЖЖЖЖ  ЖЖЖЖ  ЖЖЖЖ   ЖЖЖ   ЖЖЖ
                    Ж   Ж Ж  Ж  Ж   Ж Ж   Ж Ж   Ж Ж   Ж
                    Ж   Ж ЖЖЖ   Ж   Ж Ж   Ж Ж   Ж Ж
                    Ж   Ж Ж  Ж  Ж   Ж ЖЖЖЖ  Ж   Ж Ж
                    Ж   Ж Ж   Ж ЖЖЖЖ  Ж Ж   Ж   Ж Ж  ЖЖ
                    Ж   Ж Ж   Ж Ж     Ж  Ж  Ж   Ж Ж   Ж
                     ЖЖЖ  ЖЖЖЖ  Ж     Ж   Ж  ЖЖЖ   ЖЖЖ








*NAME OBPROG
           *PERSO: 401350, CONT
 04.10.84 M1
           *CALL DTRAN:410440(OBPROG)
                 DTRAN  /01.06.84/
           *CALL PUTFLAG*
 40
           *ASSEM
           *READ: 1
                                                      29.05.19 M1
 ABTOKOД  MADLEN
   (1.10.72)
                    OBPROG  :  , NAME,        DTRAN  /01.06.84/
 0000                        15, UTM ,-4
  -                          15, ATX ,4
 0001 0011                   12, VTM ,*0011B
  -                          15, XTA ,3
 0002                          , ASN ,64-24
  -                          15, XTS ,3
 0003                        15, AEX ,
  -                          12, ATX ,
 0004                        12, *64 ,
  -
 0005                        13, UJ  ,
                   C===========================================
  -
 0006               PASDIV  :  ,ENTRY,
                   C===========================================
 0006                          , NTR ,3
  -   0013                     , UTC ,*0013B  .=:4
 0007                          , A+X ,
  -                           1, ARX ,10B
 0010                        15, ATX ,3
  -                          13, UJ  ,
 0011               *0011B  :  , BSS ,1
 0012                         1, ATX ,27B
  -                           8, E+N ,3
 0013               *0013B  :  , OCT ,4
                               , END ,
 ЧИCЛO ПEPФ. 0025      ЧИCЛO OШИБ. OПEPATOPOB  0000
           *READ OLD
           *END FILE
 КОНЕЦ ЗАДАЧИ
 00411: 00 074 0000	*74
