                                                      29.05.19 M1

  M O H И T O P-8 0  (3.7)   25.09.84*       (  MC " Д Y Б H A " ИAЭ  )             ШИФP    419999000000







                    ЖЖЖЖ         ЖЖЖ   ЖЖЖ
                    Ж   Ж       Ж   Ж Ж   Ж
                    Ж   Ж    Ж  Ж   Ж Ж   Ж
                    Ж   Ж   Ж   Ж   Ж Ж   Ж
                    ЖЖЖЖ   Ж    Ж   Ж Ж   Ж
                    Ж           Ж   Ж Ж   Ж
                    Ж            ЖЖЖ   ЖЖЖ








*NAME P/00
           *PERSO: 401350, CONT
 04.10.84 M1
           *CALL DTRAN:410440(P/00)
                 DTRAN  /01.06.84/
           *CALL PUTFLAG*
 40
           *ASSEM
           *READ: 1
                                                      29.05.19 M1
 ABTOKOД  MADLEN
   (1.10.72)
                    P/00    :  , NAME,        DTRAN  /01.06.84/
 0000                         8, A-X ,2525B
  -                           5, 125 ,2526B
 0001                         8, ATX ,
  -                            , ATX ,3
 0002                          , ATX ,
  -                            , A*X ,7777B
 0003                          , ATX ,
  -                            , Z00 ,*0010B
 0004                          , ATX ,
  -                            , Z00 ,*0013B
 0005                          , OCT ,6
 0006                          , OCT ,5
 0007                          , OCT ,4
 0010               *0010B  :  , OCT ,2
 0011                          , OCT ,3
 0012                          , OCT ,4
 0013               *0013B  :  , LOG ,377 7777 7777
 0014                          , LOG ,7777 7400 0017 7777
 0015                          , OCT ,7777 7777 776
                               , END ,
 ЧИCЛO ПEPФ. 0021      ЧИCЛO OШИБ. OПEPATOPOB  0000
           *READ OLD
           *END FILE
 КОНЕЦ ЗАДАЧИ
 00411: 00 074 0000	*74
