                                                      29.05.19 M1

  M O H И T O P-8 0  (3.7)   25.09.84*       (  MC " Д Y Б H A " ИAЭ  )             ШИФP    419999000000







                    ЖЖЖЖ         ЖЖЖ   ЖЖЖ
                    Ж   Ж       Ж   Ж Ж
                    Ж   Ж    Ж  Ж   Ж ЖЖЖЖ
                    Ж   Ж   Ж   Ж   Ж Ж   Ж
                    ЖЖЖЖ   Ж    Ж   Ж Ж   Ж
                    Ж           Ж   Ж Ж   Ж
                    Ж            ЖЖЖ   ЖЖЖ








*NAME P/06
           *PERSO: 401350, CONT
 04.10.84 M1
           *CALL DTRAN:410440(P/06)
                 DTRAN  /01.06.84/
           *CALL PUTFLAG*
 40
           *ASSEM
           *READ: 1
                                                      29.05.19 M1
 ABTOKOД  MADLEN
   (1.10.72)
                    P/06    :  , NAME,        DTRAN  /01.06.84/
 0000                         8, MOD ,
  -                            , ATX ,1
 0001                         8, ATX ,
  -                            , ATX ,10B
 0002                          , ATX ,
  -                            , ATX ,77B
 0003                          , ATX ,
  -                            , Z00 ,*0015B
 0004                          , ATX ,
  -                            , Z00 ,*0025B
 0005                          , OCT ,65
 0006                          , OCT ,62
 0007                          , OCT ,57
 0010                          , OCT ,54
 0011                          , OCT ,51
 0012                          , OCT ,46
 0013                          , OCT ,43
 0014                          , OCT ,4
 0015               *0015B  :  , OCT ,13
 0016                          , OCT ,16
 0017                          , OCT ,21
 0020                          , OCT ,24
 0021                          , OCT ,27
 0022                          , OCT ,32
 0023                          , OCT ,35
 0024                          , OCT ,4
 0025               *0025B  :  , LOG ,77 7777 7777 7777
 0026                          , LOG ,7700 7777 7777 7777
 0027                          , LOG ,7777 0077 7777 7777
 0030                          , LOG ,7777 7700 7777 7777
 0031                          , LOG ,7777 7777 0077 7777
 0032                          , LOG ,7777 7777 7700 7777
 0033                          , LOG ,7777 7777 7777 0077
 0034                          , OCT ,7777 7777 7777 77
                               , END ,
 ЧИCЛO ПEPФ. 0036      ЧИCЛO OШИБ. OПEPATOPOB  0000
           *READ OLD
           *END FILE
 КОНЕЦ ЗАДАЧИ
 00411: 00 074 0000	*74
