                                                      29.05.19 M1

  M O H И T O P-8 0  (3.7)   25.09.84*       (  MC " Д Y Б H A " ИAЭ  )             ШИФP    419999000000







                    ЖЖЖЖ         ЖЖЖ   ЖЖЖ
                    Ж   Ж       Ж   Ж Ж   Ж
                    Ж   Ж    Ж  Ж   Ж  Ж Ж
                    Ж   Ж   Ж   Ж   Ж   Ж
                    ЖЖЖЖ   Ж    Ж   Ж  Ж Ж
                    Ж           Ж   Ж Ж   Ж
                    Ж            ЖЖЖ   ЖЖЖ








*NAME P/08
           *PERSO: 401350, CONT
 04.10.84 M1
           *CALL DTRAN:410440(P/08)
                 DTRAN  /01.06.84/
           *CALL PUTFLAG*
 40
           *ASSEM
           *READ: 1
                                                      29.05.19 M1
 ABTOKOД  MADLEN
   (1.10.72)
                    P/08    :  , NAME,        DTRAN  /01.06.84/
 0000                         8, MOD ,5252B
  -                          10, UTM ,25253B
 0001                         8, ATX ,
  -                            , ATX ,6
 0002                          , ATX ,
  -                            , ATX ,377B
 0003                          , ATX ,
  -                            , Z00 ,*0013B
 0004                          , ATX ,
  -                            , Z00 ,*0021B
 0005                          , INT ,0
 0006                          , OCT ,6
 0007                          , OCT ,54
 0010                          , OCT ,5
 0011                          , OCT ,44
 0012                          , OCT ,4
 0013               *0013B  :  , OCT ,14
 0014                          , OCT ,2
 0015                          , OCT ,24
 0016                          , OCT ,3
 0017                          , OCT ,34
 0020                          , OCT ,4
 0021               *0021B  :  , LOG ,17 7777 7777 7777
 0022                          , LOG ,7760 0377 7777 7777
 0023                          , LOG ,7777 7400 7777 7777
 0024                          , LOG ,7777 7777 0017 7777
 0025                          , LOG ,7777 7777 7760 0377
 0026                          , OCT ,7777 7777 7777 74
                               , END ,
 ЧИCЛO ПEPФ. 0030      ЧИCЛO OШИБ. OПEPATOPOB  0000
           *READ OLD
           *END FILE
 КОНЕЦ ЗАДАЧИ
 00411: 00 074 0000	*74
