                                                      29.05.19 M1

  M O H И T O P-8 0  (3.7)   25.09.84*       (  MC " Д Y Б H A " ИAЭ  )             ШИФP    419999000000







                    ЖЖЖЖ         ЖЖЖ   ЖЖЖ
                    Ж   Ж       Ж   Ж Ж
                    Ж   Ж    Ж  Ж   Ж ЖЖЖЖ
                    Ж   Ж   Ж   Ж   Ж Ж   Ж
                    ЖЖЖЖ   Ж    Ж   Ж Ж   Ж
                    Ж           ЖЖЖЖЖ Ж   Ж
                    Ж           Ж   Ж  ЖЖЖ








*NAME P/A6
           *PERSO: 401350, CONT
 04.10.84 M1
           *CALL DTRAN:410440(P/A6)
                 DTRAN  /01.06.84/
           *CALL PUTFLAG*
 40
           *ASSEM
           *READ: 1
                                                      29.05.19 M1
 ABTOKOД  MADLEN
   (1.10.72)
                    P/A6    :  , NAME,        DTRAN  /01.06.84/
                    P/SP    :  , SUBP,
                    P/6A    :  , SUBP,
 0000                          , ITS ,13
  -                            , ITS ,10
 0001                        15, ATX ,
  -                            , NTR ,3
 0002                         1, AEX ,11B
  -                          15, A-X ,-4
 0003                        13, VJM ,P/SP
  -
 0004                        15, XTA ,
  -                            , STI ,10
 0005                          , STI ,13
  -                          15, UTM ,-1
 0006                          , UJ  ,P/6A
  -
                               , END ,
 ЧИCЛO ПEPФ. 0016      ЧИCЛO OШИБ. OПEPATOPOB  0000
           *READ OLD
           *END FILE
 КОНЕЦ ЗАДАЧИ
 00411: 00 074 0000	*74
