                                                      24.05.19 M1

  M O H И T O P-8 0  (3.7)   25.09.84*       (  MC " Д Y Б H A " ИAЭ  )             ШИФP    419999000000







                    ЖЖЖЖ        ЖЖЖЖ  ЖЖЖЖ  Ж   Ж ЖЖЖЖЖ
                    Ж   Ж       Ж  Ж  Ж      Ж Ж  Ж
                    Ж   Ж    Ж  ЖЖЖ   ЖЖЖ     Ж   ЖЖЖЖ
                    Ж   Ж   Ж   Ж  Ж  Ж      Ж Ж  Ж
                    ЖЖЖЖ   Ж    Ж   Ж Ж     Ж   Ж Ж
                    Ж           Ж   Ж Ж     Ж   Ж Ж
                    Ж           ЖЖЖЖ  ЖЖЖЖЖ Ж   Ж Ж








*NAME P/BEXF
           *PERSO: 401350, CONT
 04.10.84 M1
           *CALL DTRAN:410440(P/BEXF)
                 DTRAN  /01.06.84/
           *CALL PUTFLAG*
 40
           *ASSEM
           *READ: 1
                                                      24.05.19 M1
 ABTOKOД  MADLEN
   (1.10.72)
                    P/BEXF  :  , NAME,        DTRAN  /01.06.84/
                    PASEXFT*:  , LC  ,15
 0000                        14, VTM ,PASEXFT*
  -
 0001               *0001B  :14, XTA ,
  -                          13, UZA ,
 0002                         1, AEX ,3
  -   0004                     , U1A ,*0004B
 0003                        14, XTA ,1
  -                          13, UJ  ,
 0004               *0004B  :14, UTM ,2
  -   0001                     , UJ  ,*0001B
                               , DATA,
 0005               /0005B  :  , LOG ,1257 6564 6065 6412
 0006                          , LOG ,6 3200
 0007                          , OCT ,1251 5660 6564 12
 0010                          , LOG ,6 2200
 0011                          , LOG ,6041 6351 5660 6564
 0012                          , LOG ,6 2200
 0013                          , LOG ,1262 4563 6554 6412
 0014                          , LOG ,272 7000 0400
 0015                          , OCT ,1243 5051 5444 12
 0016                          , LOG ,271 0000 0400
 0017                          , LOG ,
                             11, SET ,/0005B
 0020                         1,     ,PASEXFT*
                               , END ,
 ЧИCЛO ПEPФ. 0026      ЧИCЛO OШИБ. OПEPATOPOB  0000
           *READ OLD
           *END FILE
 КОНЕЦ ЗАДАЧИ
 00411: 00 074 0000	*74
