                                                      29.05.19 M1

  M O H И T O P-8 0  (3.7)   25.09.84*       (  MC " Д Y Б H A " ИAЭ  )             ШИФP    419999000000







                    ЖЖЖЖ         ЖЖЖЖ  ЖЖЖ
                    Ж   Ж       Ж       Ж
                    Ж   Ж    Ж  Ж       Ж
                    Ж   Ж   Ж   Ж       Ж
                    ЖЖЖЖ   Ж    Ж       Ж
                    Ж           Ж       Ж
                    Ж            ЖЖЖЖ  ЖЖЖ








*NAME P/CI
           *PERSO: 401350, CONT
 04.10.84 M1
           *CALL DTRAN:410440(P/CI)
                 DTRAN  /01.06.84/
           *CALL PUTFLAG*
 40
           *ASSEM
           *READ: 1
                                                      29.05.19 M1
 ABTOKOД  MADLEN
   (1.10.72)
                    P/CI    :  , NAME,        DTRAN  /01.06.84/
                    *PASBUG*:  , LC  ,1
                    *OUTPUT*:  , LC  ,30
                    PASTPR  :  , SUBP,
                    P/7A    :  , SUBP,
                    P/WI    :  , SUBP,
                    P/WL    :  , SUBP,
 0000 0016                   14, VJM ,*0016B
  -
 0001                        13, VJM ,PASTPR
  -
 0002 0032                   11, VTM ,*0032B  .=6H CALL
  -                          10, VTM ,11B
 0003                        13, VJM ,P/7A
  -
 0004 0036                     , UTC ,*0036B  .=I5
  -                            , XTA ,
 0005                        15, XTS ,-2
  -                          13, VJM ,P/WI
 0006 0034                   11, VTM ,*0034B  .=6H LINE.
  -                          10, VTM ,6
 0007                        13, VJM ,P/7A
  -
 0010               *0010B  :  , UTC ,*PASBUG*
  -                            , XTA ,
 0011 0037                     , UTC ,*0037B  .=I2
  -                            , AEX ,
 0012 0013                     , U1A ,*0013B
  -                          13, VJM ,P/WL
 0013               *0013B  :15, UTM ,-1
  -                          15, XTA ,
 0014                          , STI ,13
  -                          15, UTM ,-7
 0015                        13, UJ  ,
  -
 0016               *0016B  :  , NTR ,3
  -                          15, UTM ,7
 0017                          , ITS ,13
  -                            , ITS ,11
 0020                         1, AEX ,11B
  -                            , UTC ,*PASBUG*
 0021                          , XTS ,
  -                           1, AEX ,11B
 0022 0013                     , UZA ,*0013B
  -                           8, J+M ,10
 0023                        12, VTM ,*OUTPUT*
  -                          10, XTA ,
 0024                        14, UJ  ,
                   C===========================================
  -
 0025               P/CE    :  ,ENTRY,
                   C===========================================
 0025 0016                   14, VJM ,*0016B
  -
 0026                        13, VJM ,PASTPR
  -
 0027 0035                   11, VTM ,*0035B  .=6H EXIT.
  -                          10, VTM ,6
 0030                        13, VJM ,P/7A
  -
 0031 0010                     , UJ  ,*0010B
  -
 0032               *0032B  :  , ISO ,12H CALL AT
 0034               *0034B  :  , ISO ,6H LINE.
 0035               *0035B  :  , ISO ,6H EXIT.
 0036               *0036B  :  , INT ,5
 0037               *0037B  :  , INT ,2
                               , END ,
 ЧИCЛO ПEPФ. 0058      ЧИCЛO OШИБ. OПEPATOPOB  0000
           *READ OLD
           *END FILE
 КОНЕЦ ЗАДАЧИ
 00411: 00 074 0000	*74
