                                                      29.05.19 M1

  M O H И T O P-8 0  (3.7)   25.09.84*       (  MC " Д Y Б H A " ИAЭ  )             ШИФP    419999000000







                    ЖЖЖЖ         ЖЖЖЖ Ж  Ж
                    Ж   Ж       Ж     Ж Ж
                    Ж   Ж    Ж  Ж     ЖЖ
                    Ж   Ж   Ж   Ж     Ж Ж
                    ЖЖЖЖ   Ж    Ж     Ж  Ж
                    Ж           Ж     Ж   Ж
                    Ж            ЖЖЖЖ Ж   Ж








*NAME P/CK
           *PERSO: 401350, CONT
 04.10.84 M1
           *CALL DTRAN:410440(P/CK)
                 DTRAN  /01.06.84/
           *CALL PUTFLAG*
 40
           *ASSEM
           *READ: 1
                                                      29.05.19 M1
 ABTOKOД  MADLEN
   (1.10.72)
                    P/CK    :  , NAME,        DTRAN  /01.06.84/
 0000                          , NTR ,3
  -                           1, ATX ,3
 0001                          , ITA ,13
  -                            , ITS ,14
 0002                         1, XTS ,3
  -   0011                     , UZA ,*0011B
 0003                        15, MTJ ,13
  -                          15, UTM ,2
 0004               *0004B  :11, XTS ,
  -                          11, UTM ,1
 0005                         1, AEX ,3
  -                          14, UTM ,-1
 0006 0004                   14, V1M ,*0004B
  -                          11, XTS ,
 0007                        13, MTJ ,15
  -                          13, UTC ,
 0010                        11, VTM ,3
  -
 0011               *0011B  :  , ITA ,9
  -   0043                     , UTC ,*0043B  .=2
 0012                          , X-A ,
  -                            , ATI ,14
 0013               *0013B  :  , ITA ,9
  -                          15, X-A ,-1
 0014 0024                     , U1A ,*0024B
  -
 0015               *0015B  :15, ATX ,-1
  -                          14, MTJ ,13
 0016                         9, J+M ,11
  -                            , XTA ,
 0017               *0017B  :13, UTC ,-2
  -                          11, AEX ,
 0020                        10, ASN ,
  -   0017                   13, VLM ,*0017B
 0021                        11, AEX ,-1
  -                          12, ATX ,
 0022                        12, UTM ,1
  -                          15, XTA ,-1
 0023 0024                     , UZA ,*0024B
  -   0013                     , UJ  ,*0013B
 0024               *0024B  :15, XTA ,-1
  -   0027                     , U1A ,*0027B
 0025                        15, UTM ,-1
  -                          15, WTC ,
 0026                          , UJ  ,
  -
 0027               *0027B  :  , ATI ,13
  -                            , ITA ,8
 0030                          , ITS ,7
  -                          15, ATX ,
 0031                        15, MTJ ,8
  -                          14, UTC ,-2
 0032                         7, VTM ,
  -
 0033 0042          *0033B  :13, VZM ,*0042B
  -                          13, UTM ,-1
 0034                        11, XTA ,
  -                          11, UTM ,1
 0035               *0035B  :15, ATX ,
  -   0033                    7, VLM ,*0033B
 0036                         8, MTJ ,15
  -                          15, MTJ ,11
 0037                        15, XTA ,
  -                            , STI ,7
 0040                          , ATI ,8
  -                            , XTA ,
 0041 0015                     , UJ  ,*0015B
  -
 0042               *0042B  :  , XTA ,
  -   0035                     , UJ  ,*0035B
 0043               *0043B  :  , LOG ,2
                               , END ,
 ЧИCЛO ПEPФ. 0068      ЧИCЛO OШИБ. OПEPATOPOB  0000
           *READ OLD
           *END FILE
 КОНЕЦ ЗАДАЧИ
 00411: 00 074 0000	*74
