                                                      29.05.19 M1

  M O H И T O P-8 0  (3.7)   25.09.84*       (  MC " Д Y Б H A " ИAЭ  )             ШИФP    419999000000







                    ЖЖЖЖ        ЖЖЖ   ЖЖЖ
                    Ж   Ж       Ж  Ж  Ж  Ж
                    Ж   Ж    Ж  Ж   Ж Ж   Ж
                    Ж   Ж   Ж   Ж   Ж Ж   Ж
                    ЖЖЖЖ   Ж    Ж   Ж Ж   Ж
                    Ж           Ж   Ж Ж   Ж
                    Ж           ЖЖЖЖ  ЖЖЖЖ








*NAME P/DD
           *PERSO: 401350, CONT
 04.10.84 M1
           *CALL DTRAN:410440(P/DD)
                 DTRAN  /01.06.84/
           *CALL PUTFLAG*
 40
           *ASSEM
           *READ: 1
                                                      29.05.19 M1
 ABTOKOД  MADLEN
   (1.10.72)
                    P/DD    :  , NAME,        DTRAN  /01.06.84/
                    *PASDDS*:  , LC  ,1
                    PASDD1  :  , SUBP,
 0000                          , NTR ,3
  -                            , WTC ,*PASDDS*
 0001                        11, VTM ,
  -   0003                   11, V1M ,*0003B
 0002                        13, UJ  ,
  -
 0003               *0003B  :  , ITS ,14
  -                          11, VTM ,13B
 0004                        14, VTM ,-12
  -
 0005               *0005B  :14, ITS ,13
  -   0005                   14, VLM ,*0005B
 0006                        15, ATX ,
  -                          15, ATX ,1
 0007                        15, UTM ,2
  -                          15, MTJ ,14
 0010                        14, UTM ,-17
  -                            , ITA ,14
 0011                        13, VJM ,PASDD1
  -
 0012                        15, UTM ,-2
  -                          15, XTA ,
 0013                        14, VTM ,-12
  -                          11, VTM ,15B
 0014               *0014B  :11, UTC ,
  -                            , STI ,
 0015                        11, UTM ,-1
  -   0014                   14, VLM ,*0014B
 0016                        15, XTA ,
  -                          13, UJ  ,
                               , DATA,
 0017               /0017B  :  , LOG ,2
                              1, SET ,/0017B
 0020                         1,     ,*PASDDS*
                               , END ,
 ЧИCЛO ПEPФ. 0035      ЧИCЛO OШИБ. OПEPATOPOB  0000
           *READ OLD
           *END FILE
 КОНЕЦ ЗАДАЧИ
 00411: 00 074 0000	*74
