                                                      24.05.19 M1

  M O H И T O P-8 0  (3.7)   25.09.84*       (  MC " Д Y Б H A " ИAЭ  )             ШИФP    419999000000







                    ЖЖЖЖ        Ж   Ж  ЖЖЖ  ЖЖЖ   ЖЖЖЖ
                    Ж   Ж       Ж   Ж   Ж   Ж  Ж  Ж
                    Ж   Ж    Ж  ЖЖЖЖЖ   Ж   Ж   Ж ЖЖЖ
                    Ж   Ж   Ж   Ж   Ж   Ж   Ж   Ж Ж
                    ЖЖЖЖ   Ж    Ж   Ж   Ж   Ж   Ж Ж
                    Ж           Ж   Ж   Ж   Ж   Ж Ж
                    Ж           Ж   Ж  ЖЖЖ  ЖЖЖЖ  ЖЖЖЖЖ








*NAME P/HIDE
           *PERSO: 401350, CONT
 04.10.84 M1
           *CALL DTRAN:410440(P/HIDE)
                 DTRAN  /01.06.84/
           *CALL PUTFLAG*
 40
           *ASSEM
           *READ: 1
                                                      24.05.19 M1
 ABTOKOД  MADLEN
   (1.10.72)
                    P/HIDE  :  , NAME,        DTRAN  /01.06.84/
 0000                          , ITA ,13
  -                            , ITS ,8
 0001                          , ITS ,7
  -                            , ITS ,6
 0002                        15, ATX ,
  -                          14, UJ  ,
                   C===========================================
 0003               P/EDIH  :  ,ENTRY,
                   C===========================================
 0003                        15, XTA ,
  -                            , STI ,6
 0004                          , STI ,7
  -                            , STI ,8
 0005                          , ATI ,13
  -                          14, UJ  ,
                               , END ,
 ЧИCЛO ПEPФ. 0017      ЧИCЛO OШИБ. OПEPATOPOB  0000
           *READ OLD
           *END FILE
 КОНЕЦ ЗАДАЧИ
 00411: 00 074 0000	*74
