                                                      29.05.19 M1

  M O H И T O P-8 0  (3.7)   25.09.84*       (  MC " Д Y Б H A " ИAЭ  )             ШИФP    419999000000







                    ЖЖЖЖ         ЖЖЖ  Ж   Ж
                    Ж   Ж         Ж   ЖЖ  Ж
                    Ж   Ж    Ж    Ж   Ж Ж Ж
                    Ж   Ж   Ж     Ж   Ж  ЖЖ
                    ЖЖЖЖ   Ж      Ж   Ж   Ж
                    Ж             Ж   Ж   Ж
                    Ж            ЖЖЖ  Ж   Ж








*NAME P/IN
           *PERSO: 401350, CONT
 04.10.84 M1
           *CALL DTRAN:410440(P/IN)
                 DTRAN  /01.06.84/
           *CALL PUTFLAG*
 40
           *ASSEM
           *READ: 1
                                                      29.05.19 M1
 ABTOKOД  MADLEN
   (1.10.72)
                    P/IN    :  , NAME,        DTRAN  /01.06.84/
 0000                          , NTR ,3
  -                            , ATI ,14
 0001                         1, AAX ,26B
  -                            , ASN ,64+6
 0002 0006                     , U1A ,*0006B
  -                           1, XTA ,25B
 0003                        14, ASN ,64
  -                          15, AAX ,
 0004                        13, UZA ,
  -                           1, XTA ,10B
 0005                        13, UJ  ,
  -                          13, UJ  ,
 0006               *0006B  :15, UTM ,-1
  -                            , XTA ,
 0007                        13, UJ  ,
  -
                               , END ,
 ЧИCЛO ПEPФ. 0017      ЧИCЛO OШИБ. OПEPATOPOB  0000
           *READ OLD
           *END FILE
 КОНЕЦ ЗАДАЧИ
 00411: 00 074 0000	*74
