                                                      29.05.19 M1

  M O H И T O P-8 0  (3.7)   25.09.84*       (  MC " Д Y Б H A " ИAЭ  )             ШИФP    419999000000







                    ЖЖЖЖ        Ж  Ж   ЖЖЖЖ
                    Ж   Ж       Ж Ж   Ж
                    Ж   Ж    Ж  ЖЖ    Ж
                    Ж   Ж   Ж   Ж Ж   Ж
                    ЖЖЖЖ   Ж    Ж  Ж  Ж
                    Ж           Ж   Ж Ж
                    Ж           Ж   Ж  ЖЖЖЖ








*NAME P/KC
           *PERSO: 401350, CONT
 04.10.84 M1
           *CALL DTRAN:410440(P/KC)
                 DTRAN  /01.06.84/
           *CALL PUTFLAG*
 40
           *ASSEM
           *READ: 1
                                                      29.05.19 M1
 ABTOKOД  MADLEN
   (1.10.72)
                    P/KC    :  , NAME,        DTRAN  /01.06.84/
 0000                          , NTR ,3
  -                          15, ATX ,3
 0001                          , ITA ,13
  -                          15, ATX ,
 0002               *0002B  :12, XTA ,
  -                          15, ATX ,1
 0003                         9, MTJ ,13
  -
 0004               *0004B  :15, XTA ,1
  -                          10, ASN ,
 0005                        15, ATX ,1
  -                            , YTA ,
 0006                        15, AEX ,2
  -                          11, ATX ,
 0007                        11, UTM ,1
  -                          14, UTM ,-1
 0010 0012                   14, VZM ,*0012B
  -   0004                   13, VLM ,*0004B
 0011                        12, UTM ,1
  -   0002                     , UJ  ,*0002B
 0012               *0012B  :15, WTC ,
  -                            , UJ  ,
                               , END ,
 ЧИCЛO ПEPФ. 0023      ЧИCЛO OШИБ. OПEPATOPOB  0000
           *READ OLD
           *END FILE
 КОНЕЦ ЗАДАЧИ
 00411: 00 074 0000	*74
