                                                      29.05.19 M1

  M O H И T O P-8 0  (3.7)   25.09.84*       (  MC " Д Y Б H A " ИAЭ  )             ШИФP    419999000000







                    ЖЖЖЖ        Ж     ЖЖЖ    ЖЖЖ  ЖЖЖЖ   ЖЖЖ  Ж   Ж
                    Ж   Ж       Ж     Ж  Ж  Ж   Ж Ж   Ж   Ж   ЖЖ  Ж
                    Ж   Ж    Ж  Ж     Ж   Ж Ж   Ж Ж   Ж   Ж   Ж Ж Ж
                    Ж   Ж   Ж   Ж     Ж   Ж Ж   Ж ЖЖЖЖ    Ж   Ж  ЖЖ
                    ЖЖЖЖ   Ж    Ж     Ж   Ж Ж   Ж Ж Ж     Ж   Ж   Ж
                    Ж           Ж     Ж   Ж ЖЖЖЖЖ Ж  Ж    Ж   Ж   Ж
                    Ж           ЖЖЖЖЖ ЖЖЖЖ  Ж   Ж Ж   Ж  ЖЖЖ  Ж   Ж








*NAME P/LDARIN
           *PERSO: 401350, CONT
 04.10.84 M1
           *CALL DTRAN:410440(P/LDARIN)
                 DTRAN  /01.06.84/
           *CALL PUTFLAG*
 40
           *ASSEM
           *READ: 1
                                                      29.05.19 M1
 ABTOKOД  MADLEN
   (1.10.72)
                    P/LDARIN:  , NAME,        DTRAN  /01.06.84/
 0000                          , NTR ,3
  -                           1, AOX ,11B
 0001                        15, ATX ,1
  -                          11, A*X ,
 0002                          , ATI ,10
  -                          10, J+M ,14
 0003                        11, A*X ,1
  -                            , YTA ,100B
 0004                        15, X-A ,1
  -                            , ATI ,10
 0005                        14, XTA ,
  -                          10, UTC ,
 0006                        11, ASX ,5
  -                          11, AAX ,2
 0007                         1, AEX ,11B
  -                          13, UJ  ,
                               , END ,
 ЧИCЛO ПEPФ. 0018      ЧИCЛO OШИБ. OПEPATOPOB  0000
           *READ OLD
           *END FILE
 КОНЕЦ ЗАДАЧИ
 00411: 00 074 0000	*74
