                                                      29.05.19 M1

  M O H И T O P-8 0  (3.7)   25.09.84*       (  MC " Д Y Б H A " ИAЭ  )             ШИФP    419999000000







                    ЖЖЖЖ        Ж     Ж   Ж  ЖЖЖ  ЖЖЖЖ   ЖЖЖ  ЖЖЖЖ
                    Ж   Ж       Ж     ЖЖ  Ж Ж   Ж Ж   Ж Ж   Ж Ж   Ж
                    Ж   Ж    Ж  Ж     Ж Ж Ж Ж     Ж   Ж Ж   Ж Ж   Ж
                    Ж   Ж   Ж   Ж     Ж  ЖЖ Ж     Ж   Ж Ж   Ж ЖЖЖЖ
                    ЖЖЖЖ   Ж    Ж     Ж   Ж Ж  ЖЖ ЖЖЖЖ  Ж   Ж Ж Ж
                    Ж           Ж     Ж   Ж Ж   Ж Ж     ЖЖЖЖЖ Ж  Ж
                    Ж           ЖЖЖЖЖ Ж   Ж  ЖЖЖ  Ж     Ж   Ж Ж   Ж








*NAME P/LNGPAR
           *PERSO: 401350, CONT
 04.10.84 M1
           *CALL DTRAN:410440(P/LNGPAR)
                 DTRAN  /01.06.84/
           *CALL PUTFLAG*
 40
           *ASSEM
           *READ: 1
                                                      29.05.19 M1
 ABTOKOД  MADLEN
   (1.10.72)
                    P/LNGPAR:  , NAME,        DTRAN  /01.06.84/
 0000                         7, UTC ,
  -                          14, WTC ,
 0001                        14, VTM ,
  -                           7, J+M ,11
 0002               *0002B  :14, XTA ,
  -                          11, ATX ,
 0003                        14, UTM ,1
  -                          11, UTM ,1
 0004                        12, UTM ,-1
  -   0002                   12, V1M ,*0002B
 0005                        13, UJ  ,
  -
                               , END ,
 ЧИCЛO ПEPФ. 0013      ЧИCЛO OШИБ. OПEPATOPOB  0000
           *READ OLD
           *END FILE
 КОНЕЦ ЗАДАЧИ
 00411: 00 074 0000	*74
