                                                      29.05.19 M1

  M O H И T O P-8 0  (3.7)   25.09.84*       (  MC " Д Y Б H A " ИAЭ  )             ШИФP    419999000000







                    ЖЖЖЖ        Ж   Ж ЖЖЖЖЖ
                    Ж   Ж       ЖЖ ЖЖ Ж
                    Ж   Ж    Ж  Ж Ж Ж ЖЖЖЖ
                    Ж   Ж   Ж   Ж Ж Ж Ж
                    ЖЖЖЖ   Ж    Ж   Ж Ж
                    Ж           Ж   Ж Ж
                    Ж           Ж   Ж Ж








*NAME P/MF
           *PERSO: 401350, CONT
 04.10.84 M1
           *CALL DTRAN:410440(P/MF)
                 DTRAN  /01.06.84/
           *CALL PUTFLAG*
 40
           *ASSEM
           *READ: 1
                                                      29.05.19 M1
 ABTOKOД  MADLEN
   (1.10.72)
                    P/MF    :  , NAME,        DTRAN  /01.06.84/
                    P/STACK :  , LC  ,1
 0000                         1, ATX ,3
  -                            , ITA ,15
 0001                          , XTS ,17B
  -   0023                     , UTC ,*0023B  .=:7777 7777 777
 0002                          , AAX ,
  -                          15, AOX ,
 0003                          , ATX ,17B
  -                           9, VTM ,P/STACK
 0004                         1, XTA ,1
  -                           9, WTC ,
 0005                          , ATX ,13B
  -                           9, WTC ,
 0006                          , WTC ,
  -                          15, VTM ,
 0007                         9, XTA ,
  -   0022                     , UTC ,*0022B  .=7777 7777 7767
                                                7777
 0010                          , AAX ,
  -                           9, ATX ,
 0011                         1, XTA ,3
  -                          13, UJ  ,
                   C===========================================
 0012               P/FM    :  ,ENTRY,
                   C===========================================
 0012                         1, ATX ,3
  -                            , WTC ,17B
 0013                        15, VTM ,
  -                           9, VTM ,P/STACK
 0014                         9, XTA ,
  -   0021                     , UTC ,*0021B  .=10 0000
 0015                          , AOX ,
  -                           9, ATX ,
 0016                          , WTC ,P/STACK
  -                            , XTA ,13B
 0017                         1, ATX ,1
  -                           1, XTA ,3
 0020                          , NTR ,3
  -                          13, UJ  ,
 0021               *0021B  :  , LOG ,10 0000
 0022               *0022B  :  , LOG ,7777 7777 7767 7777
 0023               *0023B  :  , OCT ,7777 7777 777
                               , END ,
 ЧИCЛO ПEPФ. 0043      ЧИCЛO OШИБ. OПEPATOPOB  0000
           *READ OLD
           *END FILE
 КОНЕЦ ЗАДАЧИ
 00411: 00 074 0000	*74
