                                                      29.05.19 M1

  M O H И T O P-8 0  (3.7)   25.09.84*       (  MC " Д Y Б H A " ИAЭ  )             ШИФP    419999000000







                    ЖЖЖЖ        Ж   Ж Ж   Ж
                    Ж   Ж       ЖЖ  Ж ЖЖ  Ж
                    Ж   Ж    Ж  Ж Ж Ж Ж Ж Ж
                    Ж   Ж   Ж   Ж  ЖЖ Ж  ЖЖ
                    ЖЖЖЖ   Ж    Ж   Ж Ж   Ж
                    Ж           Ж   Ж Ж   Ж
                    Ж           Ж   Ж Ж   Ж








*NAME P/NN
           *PERSO: 401350, CONT
 04.10.84 M1
           *CALL DTRAN:410440(P/NN)
                 DTRAN  /01.06.84/
           *CALL PUTFLAG*
 40
           *ASSEM
           *READ: 1
                                                      29.05.19 M1
 ABTOKOД  MADLEN
   (1.10.72)
                    P/NN    :  , NAME,        DTRAN  /01.06.84/
                    P/STACK :  , LC  ,1
                    P/BX    :  , SUBP,
                    P/EN    :  , SUBP,
 0000 0036                    8, VTM ,*0036B  .=0
  -                           8, ATX ,
 0001                          , UTC ,P/STACK
  -                            , XTA ,
 0002 0045                     , UTC ,*0045B  .=10 0000
  -                            , AAX ,
 0003 0005                     , UZA ,*0005B
  -                           8, XTA ,
 0004                        11, UJ  ,
  -
 0005               *0005B  :  , ITA ,11
  -                           8, ATX ,1
 0006                          , ITA ,14
  -                           8, ATX ,2
 0007                        11, VJM ,P/BX
  -
 0010                        13, VJM ,P/EN
  -
 0011                         8, XTA ,2
  -                            , ASN ,64+7
 0012                         8, ATX ,3
  -                           8, XTA ,2
 0013                         8, AAX ,4
  -                           8, AVX ,6
 0014                          , ATI ,9
  -   0033                     , UZA ,*0033B
 0015                         9, UTM ,1
  -   0023                    9, V1M ,*0023B
 0016               *0016B  : 8, XTA ,3
  -   0033                     , U1A ,*0033B
 0017                          , WTC ,P/STACK
  -                          10, VTM ,
 0020                        10, WTC ,
  -                          11, VTM ,
 0021                        11, UTM ,-1
  -                            , ITA ,11
 0022                        10, ATX ,
  -   0033                     , UJ  ,*0033B
 0023               *0023B  : 8, WTC ,3
  -                          15, UTM ,3
 0024                          , WTC ,P/STACK
  -                          10, VTM ,
 0025                        10, WTC ,
  -                          11, VTM ,
 0026                         9, J+M ,11
  -                            , ITA ,11
 0027                        10, ATX ,
  -
 0030               *0030B  :11, XTA ,
  -                          15, ATX ,
 0031                        11, UTM ,1
  -                           9, UTM ,1
 0032 0030                    9, V1M ,*0030B
  -   0016                     , UJ  ,*0016B
 0033               *0033B  : 8, XTA ,
  -                           1, WTC ,1
 0034                        13, VTM ,
  -                           8, WTC ,1
 0035                          , UJ  ,
  -
 0036               *0036B  :  , LOG ,
 0037                          , LOG ,
 0040                          , LOG ,
 0041                          , LOG ,
 0042                          , LOG ,77
 0043                          , LOG ,10 0000
 0044                          , OCT ,402
 0045               *0045B  :  , LOG ,10 0000
                               , END ,
 ЧИCЛO ПEPФ. 0068      ЧИCЛO OШИБ. OПEPATOPOB  0000
           *READ OLD
           *END FILE
 КОНЕЦ ЗАДАЧИ
 00411: 00 074 0000	*74
