                                                      29.05.19 M1

  M O H И T O P-8 0  (3.7)   25.09.84*       (  MC " Д Y Б H A " ИAЭ  )             ШИФP    419999000000







                    ЖЖЖЖ        Ж   Ж Ж   Ж
                    Ж   Ж       ЖЖ  Ж Ж   Ж
                    Ж   Ж    Ж  Ж Ж Ж Ж   Ж
                    Ж   Ж   Ж   Ж  ЖЖ Ж   Ж
                    ЖЖЖЖ   Ж    Ж   Ж Ж Ж Ж
                    Ж           Ж   Ж Ж Ж Ж
                    Ж           Ж   Ж  Ж Ж








*NAME P/NW
           *PERSO: 401350, CONT
 04.10.84 M1
           *CALL DTRAN:410440(P/NW)
                 DTRAN  /01.06.84/
           *CALL PUTFLAG*
 40
           *ASSEM
           *READ: 1
                                                      29.05.19 M1
 ABTOKOД  MADLEN
   (1.10.72)
                    P/NW    :  , NAME,        DTRAN  /01.06.84/
                    P/PRINT :  , SUBP,
                    P/HT    :  , SUBP,
 0000                         1, XTA ,27B
  -                            , ITS ,14
 0001                         1, ARX ,27B
  -                           1, ATX ,27B
 0002                         1, ARX ,30B
  -   0004                     , U1A ,*0004B
 0003                        15, XTA ,
  -                          13, UJ  ,
 0004               *0004B  :15, XTA ,
  -                           1, ATX ,27B
 0005                        12, VTM ,
  -                           1, XTA ,31B
 0006                          , ATI ,11
  -   0050                   10, VTM ,*0050B
 0007                          , ITA ,14
  -                           1, ATX ,3
 0010 0040          *0010B  :11, VZM ,*0040B
  -                          11, XTA ,
 0011                          , ASN ,64+15
  -                          10, AAX ,
 0012                        15, ATX ,1
  -                           1, A-X ,3
 0013 0027                     , U1A ,*0027B
  -                          11, MTJ ,12
 0014                        11, WTC ,
  -                          11, VTM ,
 0015 0010                     , UJ  ,*0010B
  -
 0016               *0016B  :11, XTA ,
  -                          10, AAX ,
 0017                         1, ATX ,31B
  -                           9, UJ  ,
 0020 0016          *0020B  :12, VZM ,*0016B
  -                          12, XTA ,
 0021                        10, AAX ,2
  -                          11, XTS ,
 0022                        10, AAX ,
  -                          15, AEX ,
 0023                        12, ATX ,
  -                            , ASN ,64+15
 0024                          , ATI ,14
  -                          12, XTA ,
 0025                        14, UTC ,-1
  -                          12, ATX ,
 0026                         9, UJ  ,
  -
 0027               *0027B  :  , ITA ,14
  -                          15, AEX ,1
 0030 0046                     , UZA ,*0046B
  -                          15, XTA ,1
 0031                         1, A-X ,3
  -                            , ASN ,64-15
 0032                        11, XTS ,
  -                          10, AAX ,1
 0033                        15, AEX ,
  -                          11, ATX ,
 0034                        11, J+M ,14
  -                          14, ATX ,-1
 0035               *0035B  :  , XTA ,
  -                          14, ATX ,
 0036                         1, WTC ,3
  -                          14, ATX ,-1
 0037                          , ITA ,14
  -                          13, UJ  ,
 0040 0043          *0040B  :10, VTM ,*0043B
  -   0045                   11, VTM ,*0045B
 0041                        13, VJM ,P/PRINT
  -
 0042                        13, VJM ,P/HT
  -
 0043               *0043B  : 2, A+X ,7117B
  -                           2, A+X ,3514B
 0044                         4, 36  ,41101B
  -                           4, UJ  ,20115B
 0045               *0045B  : 4, 124 ,6517B
  -                           5, J+M ,2336
 0046 0020          *0046B  : 9, VJM ,*0020B
  -
 0047                        11, MTJ ,14
  -   0035                     , UJ  ,*0035B
 0050               *0050B  :  , ATX ,
  -                            , AMX ,7777B
 0051                        15, VLM ,-64
  -                            , AMX ,7777B
 0052                        15, VLM ,-1
  -                          15, VLM ,
 0053                        15, VLM ,-1
  -                          15, VLM ,-2
                   C===========================================
 0054               P/GD    :  ,ENTRY,
                   C===========================================
 0054                          , ITA ,15
  -                           1, ATX ,27B
 0055                         1, ATX ,32B
  -                          14, J+M ,15
 0056                          , ITA ,15
  -                           1, AEX ,24B
 0057                         1, ARX ,24B
  -                           1, ARX ,10B
 0060                         1, ATX ,30B
  -                            , XTA ,
 0061                         1, ATX ,31B
  -                          13, UJ  ,
                               , END ,
 ЧИCЛO ПEPФ. 0102      ЧИCЛO OШИБ. OПEPATOPOB  0000
           *READ OLD
           *END FILE
 КОНЕЦ ЗАДАЧИ
 00411: 00 074 0000	*74
