                                                      29.05.19 M1

  M O H И T O P-8 0  (3.7)   25.09.84*       (  MC " Д Y Б H A " ИAЭ  )             ШИФP    419999000000







                    ЖЖЖЖ        ЖЖЖЖ  ЖЖЖЖ
                    Ж   Ж       Ж   Ж Ж  Ж
                    Ж   Ж    Ж  Ж   Ж ЖЖЖ
                    Ж   Ж   Ж   Ж   Ж Ж  Ж
                    ЖЖЖЖ   Ж    ЖЖЖЖ  Ж   Ж
                    Ж           Ж     Ж   Ж
                    Ж           Ж     ЖЖЖЖ








*NAME P/PB
           *PERSO: 401350, CONT
 04.10.84 M1
           *CALL DTRAN:410440(P/PB)
                 DTRAN  /01.06.84/
           *CALL PUTFLAG*
 40
           *ASSEM
           *READ: 1
                                                      29.05.19 M1
 ABTOKOД  MADLEN
   (1.10.72)
                    P/PB    :  , NAME,        DTRAN  /01.06.84/
                    P/RSR   :  , SUBP,
                    P/WOLN  :  , SUBP,
                    P/PRINT :  , SUBP,
                    P/7A    :  , SUBP,
                    P/WI    :  , SUBP,
                    P/WO    :  , SUBP,
                    P/HT    :  , SUBP,
 0000                          , ITA ,14
  -                            , ITS ,7
 0001                          , ASN ,64-15
  -                          15, AEX ,
 0002                        13, UJ  ,
                   C===========================================
  -
 0003               P/B7    :  ,ENTRY,
                   C===========================================
 0003                          , ITA ,13
  -                            , ITS ,7
 0004                        10, XTS ,
  -                            , ASN ,64+15
 0005                        15, ATX ,
  -                          10, WTC ,
 0006                          , UJ  ,
                   C===========================================
  -
 0007               P/B6    :  ,ENTRY,
                   C===========================================
 0007                        15, XTA ,
  -                            , STI ,7
 0010                          , ATI ,13
  -                          13, UJ  ,
                   C===========================================
 0011               P/BP    :  ,ENTRY,
                   C===========================================
 0011                        12, VTM ,1
  -                          15, J+M ,9
 0012                         9, MTJ ,11
  -
 0013               *0013B  :10, XTA ,
  -   0045                     , UZA ,*0045B
 0014                         9, AEX ,3
  -   0044                     , UZA ,*0044B
 0015                        10, XTA ,
  -   0100                     , UTC ,*0100B  .=3
 0016                          , AEX ,
  -   0047                     , U1A ,*0047B
 0017                         9, XTA ,3
  -   0101                     , UTC ,*0101B  .=4
 0020                          , AEX ,
  -   0040                     , UZA ,*0040B
 0021 0102                     , UTC ,*0102B  .=5
  -                            , AEX ,
 0022 0047                     , U1A ,*0047B
  -                          15, UTM ,100B
 0023                          , ITA ,9
  -                            , ITS ,10
 0024                          , ITS ,11
  -                            , ITS ,12
 0025                          , ITS ,13
  -                           9, UTC ,2
 0026                        10, VTM ,
  -                          10, XTS ,
 0027                        13, VJM ,P/RSR
  -
 0030                        10, WTC ,
  -                            , XTA ,4
 0031 0047                     , U1A ,*0047B
  -                          10, WTC ,
 0032                        13, VJM ,
  -
 0033                        15, XTA ,
  -                            , STI ,13
 0034                          , STI ,12
  -                            , STI ,11
 0035                          , STI ,10
  -                            , ATI ,9
 0036                        15, XTA ,10B
  -                          15, UTM ,-64
 0037 0041                     , UJ  ,*0041B
  -
 0040               *0040B  : 9, WTC ,2
  -                            , XTA ,
 0041               *0041B  :11, ATX ,2
  -                          11, UTM ,1
 0042                        12, UTM ,1
  -                          10, UTM ,1
 0043                         9, UTM ,2
  -   0013                     , UJ  ,*0013B
 0044               *0044B  : 9, XTA ,2
  -   0041                     , UJ  ,*0041B
 0045               *0045B  : 9, XTA ,3
  -   0047                     , U1A ,*0047B
 0046                        15, XTA ,
  -                            , UJ  ,P/RSR
 0047               *0047B  :  , ITA ,12
  -                          15, ATX ,
 0050                        13, VJM ,P/WOLN
  -
 0051 0065                   10, VTM ,*0065B  .=6H FORMA
  -   0070                   11, VTM ,*0070B  .=6HERROR
 0052                        13, VJM ,P/PRINT
  -
 0053 0071                   11, VTM ,*0071B  .=6H FOR
  -                          10, VTM ,5
 0054                        13, VJM ,P/7A
  -
 0055 0076                    2, VTM ,*0076B  .=I0
  -                           2, XTA ,
 0056                        15, XTS ,-2
  -                          13, VJM ,P/WI
 0057 0072                   11, VTM ,*0072B  .=6H PARAM
  -                          10, VTM ,24B
 0060                        13, VJM ,P/7A
  -
 0061                         2, XTA ,1
  -                          15, XTS ,-5
 0062                         2, AOX ,
  -                          13, VJM ,P/WO
 0063                        13, VJM ,P/WOLN
  -
 0064                        13, VJM ,P/HT
  -
 0065               *0065B  :  , ISO ,18H FORMAL PROC CALL
 0070               *0070B  :  , ISO ,6HERROR
 0071               *0071B  :  , ISO ,6H FOR
 0072               *0072B  :  , ISO ,24H PARAMETR CALL FROM
 0076               *0076B  :  , INT ,0
 0077                          , INT ,6
 0100               *0100B  :  , LOG ,3
 0101               *0101B  :  , LOG ,4
 0102               *0102B  :  , LOG ,5
                               , END ,
 ЧИCЛO ПEPФ. 0121      ЧИCЛO OШИБ. OПEPATOPOB  0000
           *READ OLD
           *END FILE
 КОНЕЦ ЗАДАЧИ
 00411: 00 074 0000	*74
