                                                      29.05.19 M1

  M O H И T O P-8 0  (3.7)   25.09.84*       (  MC " Д Y Б H A " ИAЭ  )             ШИФP    419999000000







                    ЖЖЖЖ        ЖЖЖЖ   ЖЖЖ  ЖЖЖЖЖ
                    Ж   Ж       Ж   Ж Ж   Ж Ж   Ж
                    Ж   Ж    Ж  Ж   Ж Ж   Ж     Ж
                    Ж   Ж   Ж   ЖЖЖЖ  Ж   Ж    Ж
                    ЖЖЖЖ   Ж    Ж Ж   Ж   Ж   Ж
                    Ж           Ж  Ж  ЖЖЖЖЖ  Ж
                    Ж           Ж   Ж Ж   Ж  Ж








*NAME P/RA7
           *PERSO: 401350, CONT
 04.10.84 M1
           *CALL DTRAN:410440(P/RA7)
                 DTRAN  /01.06.84/
           *CALL PUTFLAG*
 40
           *ASSEM
           *READ: 1
                                                      29.05.19 M1
 ABTOKOД  MADLEN
   (1.10.72)
                    P/RA7   :  , NAME,        DTRAN  /01.06.84/
                    PASHID  :  , SUBP,
                    PASDIH  :  , SUBP,
                    SPACE*  :  , LC  ,1
                    P/GF    :  , SUBP,
 0000                         9, MTJ ,11
  -                           9, VTM ,-3
 0001                        14, VJM ,PASHID
  -
 0002                        11, MTJ ,6
  -                          10, MTJ ,5
 0003                        15, MTJ ,4
  -
 0004               *0004B  : 3, VTM ,-5
  -                           4, MTJ ,15
 0005 0012          *0005B  : 5, VZM ,*0012B
  -                           5, UTM ,-1
 0006                        12, WTC ,
  -                            , XTA ,
 0007                        15, ATX ,
  -                          13, VJM ,P/GF
 0010 0005                    3, VLM ,*0005B
  -   0021                   13, VJM ,*0021B
 0011 0004                     , UJ  ,*0004B
  -
 0012               *0012B  : 3, MTJ ,5
  -                           5, UTM ,5
 0013 0020                    5, VZM ,*0020B
  -
 0014               *0014B  :  , UTC ,SPACE*
  -                            , XTA ,
 0015                        15, ATX ,
  -   0014                    3, VLM ,*0014B
 0016                         4, MTJ ,15
  -   0020                   13, VTM ,*0020B
 0017 0021                     , UJ  ,*0021B
  -
 0020               *0020B  : 9, VTM ,-3
  -                            , UJ  ,PASDIH
 0021               *0021B  : 3, VTM ,-4
  -                            , XTA ,
 0022               *0022B  : 3, UTC ,
  -                           4, AOX ,4
 0023                          , ASN ,64-8
  -   0022                    3, VLM ,*0022B
 0024                         4, AOX ,5
  -                           6, ATX ,
 0025                         6, UTM ,1
  -                          13, UJ  ,
                               , END ,
 ЧИCЛO ПEPФ. 0045      ЧИCЛO OШИБ. OПEPATOPOB  0000
           *READ OLD
           *END FILE
 КОНЕЦ ЗАДАЧИ
 00411: 00 074 0000	*74
