                                                      24.05.19 M1

  M O H И T O P-8 0  (3.7)   25.09.84*       (  MC " Д Y Б H A " ИAЭ  )             ШИФP    419999000000







                    ЖЖЖЖ        ЖЖЖЖ   ЖЖЖЖ
                    Ж   Ж       Ж   Ж Ж
                    Ж   Ж    Ж  Ж   Ж Ж
                    Ж   Ж   Ж   ЖЖЖЖ  Ж
                    ЖЖЖЖ   Ж    Ж Ж   Ж
                    Ж           Ж  Ж  Ж
                    Ж           Ж   Ж  ЖЖЖЖ








*NAME P/RC
           *PERSO: 401350, CONT
 04.10.84 M1
           *CALL DTRAN:410440(P/RC)
                 DTRAN  /01.06.84/
           *CALL PUTFLAG*
 40
           *ASSEM
           *READ: 1
                                                      24.05.19 M1
 ABTOKOД  MADLEN
   (1.10.72)
                    P/RC    :  , NAME,        DTRAN  /01.06.84/
 0000                          , NTR ,3
  -   0021                   12, VTM ,*0021B  .=0
 0001                          , ITA ,14
  -                          12, ATX ,
 0002                          , ITA ,13
  -                          12, ATX ,1
 0003               *0003B  :  , ITA ,7
  -                          12, AEX ,1
 0004 0014                     , UZA ,*0014B
  -                           7, XTA ,1
 0005 0023                     , UTC ,*0023B  .=77 7770 0000
  -                            , AAX ,
 0006 0011                     , UZA ,*0011B
  -                            , ASN ,64+15
 0007                          , ATI ,13
  -                          13, UTC ,
 0010                        13, VJM ,
  -
 0011 0021          *0011B  :12, VTM ,*0021B  .=0
  -                           7, MTJ ,15
 0012                         7, XTA ,
  -                            , ATI ,7
 0013 0003                     , UJ  ,*0003B
  -
 0014               *0014B  :  , ITA ,15
  -                           1, A-X ,6
 0015 0020                     , UZA ,*0020B
  -                           1, WTC ,6
 0016                          , XTA ,
  -                           1, ATX ,6
 0017 0014                     , UJ  ,*0014B
  -
 0020               *0020B  :12, WTC ,
  -                            , UJ  ,
 0021               *0021B  :  , LOG ,
 0022                          , LOG ,
 0023               *0023B  :  , LOG ,77 7770 0000
                               , END ,
 ЧИCЛO ПEPФ. 0036      ЧИCЛO OШИБ. OПEPATOPOB  0000
           *READ OLD
           *END FILE
 КОНЕЦ ЗАДАЧИ
 00411: 00 074 0000	*74
