                                                      29.05.19 M1

  M O H И T O P-8 0  (3.7)   25.09.84*       (  MC " Д Y Б H A " ИAЭ  )             ШИФP    419999000000







                    ЖЖЖЖ        ЖЖЖЖ  ЖЖЖ    ЖЖЖ
                    Ж   Ж       Ж   Ж Ж  Ж    Ж
                    Ж   Ж    Ж  Ж   Ж Ж   Ж   Ж
                    Ж   Ж   Ж   ЖЖЖЖ  Ж   Ж   Ж
                    ЖЖЖЖ   Ж    Ж Ж   Ж   Ж   Ж
                    Ж           Ж  Ж  Ж   Ж   Ж
                    Ж           Ж   Ж ЖЖЖЖ   ЖЖЖ








*NAME P/RDI
           *PERSO: 401350, CONT
 04.10.84 M1
           *CALL DTRAN:410440(P/RDI)
                 DTRAN  /01.06.84/
           *CALL PUTFLAG*
 40
           *ASSEM
           *READ: 1
                                                      29.05.19 M1
 ABTOKOД  MADLEN
   (1.10.72)
                    P/RDI   :  , NAME,        DTRAN  /01.06.84/
                    SPACE*  :  , LC  ,1
                    PASPLUS*:  , LC  ,1
                    PASZERO*:  , LC  ,1
                    PASMINS*:  , LC  ,1
                    P/GF    :  , SUBP,
                    P/EL    :  , SUBP,
 0000                          , ITA ,13
  -                            , XTS ,
 0001                          , XTS ,
  -                            , XTS ,
 0002                        15, ATX ,
  -                            , NTR ,3
 0003               *0003B  :12, WTC ,
  -                            , XTA ,
 0004                          , UTC ,SPACE*
  -                            , AEX ,
 0005 0010                     , U1A ,*0010B
  -
 0006               *0006B  :13, VJM ,P/GF
  -
 0007 0003                     , UJ  ,*0003B
  -
 0010               *0010B  :13, VJM ,P/EL
  -
 0011 0006                     , U1A ,*0006B
  -                          12, WTC ,
 0012                          , XTA ,
  -                            , UTC ,PASMINS*
 0013                          , AEX ,
  -   0017                     , U1A ,*0017B
 0014                         1, XTA ,17B
  -                          15, ATX ,-2
 0015                        13, VJM ,P/GF
  -
 0016 0022                     , UJ  ,*0022B
  -
 0017               *0017B  :12, WTC ,
  -                            , XTA ,
 0020                          , UTC ,PASPLUS*
  -                            , AEX ,
 0021 0022                     , U1A ,*0022B
  -                          13, VJM ,P/GF
 0022               *0022B  :12, WTC ,
  -                            , XTA ,
 0023                          , UTC ,PASZERO*
  -                            , A-X ,
 0024 0035                     , U1A ,*0035B
  -                          15, ATX ,1
 0025 0042                     , UTC ,*0042B  .=12
  -                            , A-X ,
 0026 0035                     , UZA ,*0035B
  -                          15, XTA ,-1
 0027                         1, ARX ,10B
  -                          15, ATX ,-1
 0030                        15, XTA ,-3
  -   0041                     , UTC ,*0041B  .=I10
 0031                          , A*X ,
  -                            , YTA ,30B
 0032                        15, ARX ,1
  -                          15, ATX ,-3
 0033                        13, VJM ,P/GF
  -
 0034 0017                     , UJ  ,*0017B
  -
 0035               *0035B  :15, XTA ,-4
  -                            , ATI ,13
 0036                        15, XTA ,-3
  -                          15, AVX ,-2
 0037                         1, AEX ,11B
  -                          15, UTM ,-4
 0040                        13, UJ  ,
  -
 0041               *0041B  :  , INT ,10
 0042               *0042B  :  , LOG ,12
                               , DATA,
 0043               /0043B  :  , LOG ,53
                              1, SET ,/0043B
 0044                         1,     ,PASPLUS*
                               , END ,
 ЧИCЛO ПEPФ. 0071      ЧИCЛO OШИБ. OПEPATOPOB  0000
           *READ OLD
           *END FILE
 КОНЕЦ ЗАДАЧИ
 00411: 00 074 0000	*74
