                                                      29.05.19 M1

  M O H И T O P-8 0  (3.7)   25.09.84*       (  MC " Д Y Б H A " ИAЭ  )             ШИФP    419999000000







                    ЖЖЖЖ        ЖЖЖЖ  ЖЖЖЖ
                    Ж   Ж       Ж   Ж Ж
                    Ж   Ж    Ж  Ж   Ж ЖЖЖ
                    Ж   Ж   Ж   ЖЖЖЖ  Ж
                    ЖЖЖЖ   Ж    Ж Ж   Ж
                    Ж           Ж  Ж  Ж
                    Ж           Ж   Ж ЖЖЖЖЖ








*NAME P/RE
           *PERSO: 401350, CONT
 04.10.84 M1
           *CALL DTRAN:410440(P/RE)
                 DTRAN  /01.06.84/
           *CALL PUTFLAG*
 40
           *ASSEM
           *READ: 1
                                                      29.05.19 M1
 ABTOKOД  MADLEN
   (1.10.72)
                    P/RE    :  , NAME,        DTRAN  /01.06.84/
                    P/RE1   :  , SUBP,
                    P/RE2   :  , SUBP,
 0000                          , NTR ,3
  -                            , ITS ,13
 0001 0003                   13, VTM ,*0003B
  -                            , ITS ,13
 0002                        15, ATX ,
  -                            , UJ  ,P/RE1
 0003               *0003B  :  , XTA ,
  -                          12, ATX ,16B
 0004                        12, ATX ,5
  -                          12, ATX ,2
 0005                        15, XTA ,-2
  -                            , ASN ,64-6
 0006                          , ASN ,64+6
  -                          15, ATX ,
 0007                          , ASN ,64+18
  -                          12, STX ,4
 0010 0024                     , UTC ,*0024B  .=77 7777
  -                            , AAX ,
 0011                        12, ATX ,3
  -                          12, XTA ,4
 0012 0014                     , U1A ,*0014B
  -                          12, ATX ,3
 0013                         1, XTA ,10B
  -                          12, ATX ,2
 0014               *0014B  :12, XTA ,1
  -                          12, A-X ,15B
 0015                         1, ATX ,5
  -   0025                     , UTC ,*0025B  .=7 6000
 0016                          , XTA ,
  -                          12, ATX ,6
 0017                        12, ATX ,20B
  -   0022                   14, VTM ,*0022B
 0020                          , ITA ,14
  -                           1, ATX ,3
 0021                          , UJ  ,P/RE2
  -
 0022               *0022B  :15, UTM ,-2
  -                          15, XTA ,
 0023                          , STI ,13
  -                          13, UJ  ,
 0024               *0024B  :  , LOG ,77 7777
 0025               *0025B  :  , LOG ,7 6000
                               , END ,
 ЧИCЛO ПEPФ. 0045      ЧИCЛO OШИБ. OПEPATOPOB  0000
           *READ OLD
           *END FILE
 КОНЕЦ ЗАДАЧИ
 00411: 00 074 0000	*74
