                                                      29.05.19 M1

  M O H И T O P-8 0  (3.7)   25.09.84*       (  MC " Д Y Б H A " ИAЭ  )             ШИФP    419999000000







                    ЖЖЖЖ        ЖЖЖЖ   ЖЖЖ  ЖЖЖЖ
                    Ж   Ж       Ж   Ж Ж     Ж   Ж
                    Ж   Ж    Ж  Ж   Ж  ЖЖЖ  Ж   Ж
                    Ж   Ж   Ж   ЖЖЖЖ      Ж ЖЖЖЖ
                    ЖЖЖЖ   Ж    Ж Ж       Ж Ж Ж
                    Ж           Ж  Ж  Ж   Ж Ж  Ж
                    Ж           Ж   Ж  ЖЖЖ  Ж   Ж








*NAME P/RSR
           *PERSO: 401350, CONT
 04.10.84 M1
           *CALL DTRAN:410440(P/RSR)
                 DTRAN  /01.06.84/
           *CALL PUTFLAG*
 40
           *ASSEM
           *READ: 1
                                                      29.05.19 M1
 ABTOKOД  MADLEN
   (1.10.72)
                    P/RSR   :  , NAME,        DTRAN  /01.06.84/
 0000                        13, UZA ,
  -                            , ATI ,7
 0001                          , ITS ,1
  -                          15, AEX ,
 0002                        13, UZA ,
  -                           7, MTJ ,9
 0003                        14, VTM ,2
  -
 0004               *0004B  :  , ITA ,1
  -                           9, AEX ,2
 0005 0007                     , UZA ,*0007B
  -                           9, XTA ,2
 0006                          , ATI ,9
  -   0004                   14, VLM ,*0004B
 0007               *0007B  : 7, MTJ ,9
  -
 0010               *0010B  :  , ITA ,9
  -                          14, UTC ,
 0011                          , ATI ,
  -                            , ITA ,1
 0012                         9, AEX ,2
  -                          13, UZA ,
 0013                         9, XTA ,2
  -                          13, UZA ,
 0014                         9, XTA ,2
  -                            , ATI ,9
 0015                        14, UTM ,-1
  -   0010                     , UJ  ,*0010B
                               , END ,
 ЧИCЛO ПEPФ. 0028      ЧИCЛO OШИБ. OПEPATOPOB  0000
           *READ OLD
           *END FILE
 КОНЕЦ ЗАДАЧИ
 00411: 00 074 0000	*74
