                                                      29.05.19 M1

  M O H И T O P-8 0  (3.7)   25.09.84*       (  MC " Д Y Б H A " ИAЭ  )             ШИФP    419999000000







                    ЖЖЖЖ         ЖЖЖ  ЖЖЖЖЖ  ЖЖЖ  ЖЖЖЖ
                    Ж   Ж       Ж       Ж   Ж   Ж Ж   Ж
                    Ж   Ж    Ж   ЖЖЖ    Ж   Ж   Ж Ж   Ж
                    Ж   Ж   Ж       Ж   Ж   Ж   Ж ЖЖЖЖ
                    ЖЖЖЖ   Ж        Ж   Ж   Ж   Ж Ж Ж
                    Ж           Ж   Ж   Ж   ЖЖЖЖЖ Ж  Ж
                    Ж            ЖЖЖ    Ж   Ж   Ж Ж   Ж








*NAME P/STAR
           *PERSO: 401350, CONT
 04.10.84 M1
           *CALL DTRAN:410440(P/STAR)
                 DTRAN  /01.06.84/
           *CALL PUTFLAG*
 40
           *ASSEM
           *READ: 1
                                                      29.05.19 M1
 ABTOKOД  MADLEN
   (1.10.72)
                    P/STAR  :  , NAME,        DTRAN  /01.06.84/
 0000                          , NTR ,3
  -                           1, AOX ,11B
 0001                        15, ATX ,1
  -                          11, A*X ,
 0002                          , ATI ,10
  -                          10, J+M ,14
 0003                        11, A*X ,1
  -                            , YTA ,100B
 0004                        15, X-A ,1
  -                            , ATI ,10
 0005                        15, XTA ,-1
  -                          11, WTC ,3
 0006                        10, ASX ,
  -                          15, ATX ,-1
 0007                        14, AEX ,
  -                          11, WTC ,4
 0010                        10, AAX ,
  -                          15, AEX ,
 0011                        14, ATX ,
  -                          13, UJ  ,
                               , END ,
 ЧИCЛO ПEPФ. 0022      ЧИCЛO OШИБ. OПEPATOPOB  0000
           *READ OLD
           *END FILE
 КОНЕЦ ЗАДАЧИ
 00411: 00 074 0000	*74
