                                                      24.05.19 M1

  M O H И T O P-8 0  (3.7)   25.09.84*       (  MC " Д Y Б H A " ИAЭ  )             ШИФP    419999000000







                    ЖЖЖЖ        ЖЖЖЖЖ ЖЖЖЖ
                    Ж   Ж         Ж   Ж   Ж
                    Ж   Ж    Ж    Ж   Ж   Ж
                    Ж   Ж   Ж     Ж   ЖЖЖЖ
                    ЖЖЖЖ   Ж      Ж   Ж Ж
                    Ж             Ж   Ж  Ж
                    Ж             Ж   Ж   Ж








*NAME P/TR
           *PERSO: 401350, CONT
 04.10.84 M1
           *CALL DTRAN:410440(P/TR)
                 DTRAN  /01.06.84/
           *CALL PUTFLAG*
 40
           *ASSEM
           *READ: 1
                                                      24.05.19 M1
 ABTOKOД  MADLEN
   (1.10.72)
                    P/TR    :  , NAME,        DTRAN  /01.06.84/
 0000                          , NTR ,3
  -                          15, ATX ,
 0001                         1, AMX ,11B
  -                          15, AVX ,
 0002                        13, UJ  ,
  -
                               , END ,
 ЧИCЛO ПEPФ. 0007      ЧИCЛO OШИБ. OПEPATOPOB  0000
           *READ OLD
           *END FILE
 КОНЕЦ ЗАДАЧИ
 00411: 00 074 0000	*74
