                                                      29.05.19 M1

  M O H И T O P-8 0  (3.7)   25.09.84*       (  MC " Д Y Б H A " ИAЭ  )             ШИФP    419999000000







                    ЖЖЖЖ        Ж   Ж  ЖЖЖЖ
                    Ж   Ж       Ж   Ж Ж
                    Ж   Ж    Ж  Ж   Ж Ж
                    Ж   Ж   Ж   Ж   Ж Ж
                    ЖЖЖЖ   Ж    Ж Ж Ж Ж
                    Ж           Ж Ж Ж Ж
                    Ж            Ж Ж   ЖЖЖЖ








*NAME P/WC
           *PERSO: 401350, CONT
 04.10.84 M1
           *CALL DTRAN:410440(P/WC)
                 DTRAN  /01.06.84/
           *CALL PUTFLAG*
 40
           *ASSEM
           *READ: 1
                                                      29.05.19 M1
 ABTOKOД  MADLEN
   (1.10.72)
                    P/WC    :  , NAME,        DTRAN  /01.06.84/
                    P/SP    :  , SUBP,
                    P/CW    :  , SUBP,
 0000                          , ITS ,13
  -                           1, XTS ,21B
 0001                          , NTR ,3
  -                          15, A-X ,-3
 0002                        13, VJM ,P/SP
  -
 0003                        15, XTA ,
  -                            , STI ,13
 0004                        15, UTM ,-1
  -                            , UJ  ,P/CW
                               , END ,
 ЧИCЛO ПEPФ. 0013      ЧИCЛO OШИБ. OПEPATOPOB  0000
           *READ OLD
           *END FILE
 КОНЕЦ ЗАДАЧИ
 00411: 00 074 0000	*74
