                                                      24.05.19 M1

  M O H И T O P-8 0  (3.7)   25.09.84*       (  MC " Д Y Б H A " ИAЭ  )             ШИФP    419999000000







                    ЖЖЖЖ   ЖЖЖ   ЖЖЖ  ЖЖЖЖ  Ж   Ж Ж   Ж
                    Ж   Ж Ж   Ж Ж     Ж     Ж   Ж ЖЖ  Ж
                    Ж   Ж Ж   Ж  ЖЖЖ  ЖЖЖ   Ж   Ж Ж Ж Ж
                    Ж   Ж Ж   Ж     Ж Ж     Ж   Ж Ж  ЖЖ
                    ЖЖЖЖ  Ж   Ж     Ж Ж     Ж   Ж Ж   Ж
                    Ж     ЖЖЖЖЖ Ж   Ж Ж      Ж Ж  Ж   Ж
                    Ж     Ж   Ж  ЖЖЖ  ЖЖЖЖЖ   Ж   Ж   Ж








*NAME PASEVN
           *PERSO: 401350, CONT
 04.10.84 M1
           *CALL DTRAN:410440(PASEVN)
                 DTRAN  /01.06.84/
           *CALL PUTFLAG*
 40
           *ASSEM
           *READ: 1
                                                      24.05.19 M1
 ABTOKOД  MADLEN
   (1.10.72)
                    PASEVN  :  , NAME,        DTRAN  /01.06.84/
                    PASHID  :  , SUBP,
                    PASDIH  :  , SUBP,
 0000                         9, VTM ,
  -                          14, VJM ,PASHID
 0001                          , ITA ,11
  -                            , ITS ,10
 0002                          , NTR ,3
  -                          15, A-X ,
 0003                          , ATI ,13
  -                          10, MTJ ,14
 0004 0017                    9, VTM ,*0017B  .=1
  -
 0005               *0005B  : 6, VTM ,-5
  -
 0006               *0006B  :14, XTA ,
  -                            , ASN ,64-8
 0007                        14, ATX ,
  -                            , YTA ,
 0010                        15, ATX ,
  -                            , ACX ,
 0011                         9, AAX ,
  -   0013                     , UZA ,*0013B
 0012                         9, XTA ,1
  -
 0013               *0013B  :15, AEX ,
  -                          14, AEX ,
 0014                        14, ATX ,
  -   0006                    6, VLM ,*0006B
 0015                        14, UTM ,1
  -   0005                   13, VLM ,*0005B
 0016                         9, VTM ,
  -                            , UJ  ,PASDIH
 0017               *0017B  :  , LOG ,1
 0020                          , LOG ,200
                               , END ,
 ЧИCЛO ПEPФ. 0033      ЧИCЛO OШИБ. OПEPATOPOB  0000
           *READ OLD
           *END FILE
 КОНЕЦ ЗАДАЧИ
 00411: 00 074 0000	*74
