                                                      24.05.19 M1

  M O H И T O P-8 0  (3.7)   25.09.84*       (  MC " Д Y Б H A " ИAЭ  )             ШИФP    419999000000







                    ЖЖЖЖ   ЖЖЖ   ЖЖЖ   ЖЖЖ   ЖЖЖ   ЖЖЖ  Ж   Ж ЖЖЖЖЖ
                    Ж   Ж Ж   Ж Ж       Ж   Ж     Ж   Ж  Ж Ж    Ж
                    Ж   Ж Ж   Ж  ЖЖЖ    Ж    ЖЖЖ  Ж   Ж   Ж     Ж
                    Ж   Ж Ж   Ж     Ж   Ж       Ж Ж   Ж  Ж Ж    Ж
                    ЖЖЖЖ  Ж   Ж     Ж   Ж       Ж Ж   Ж Ж   Ж   Ж
                    Ж     ЖЖЖЖЖ Ж   Ж   Ж   Ж   Ж Ж   Ж Ж   Ж   Ж
                    Ж     Ж   Ж  ЖЖЖ   ЖЖЖ   ЖЖЖ   ЖЖЖ  Ж   Ж   Ж








*NAME PASISOXT
           *PERSO: 401350, CONT
 04.10.84 M1
           *CALL DTRAN:410440(PASISOXT)
                 DTRAN  /01.06.84/
           *CALL PUTFLAG*
 40
           *ASSEM
           *READ: 1
                                                      24.05.19 M1
 ABTOKOД  MADLEN
   (1.10.72)
                    PASISOXT:  , NAME,        DTRAN  /01.06.84/
 0000                        15, ATX ,1
  -                            , ASN ,64+2
 0001                          , ATI ,14
  -   0010                   14, UTM ,*0010B  .=6H00ЦБ
 0002                        15, XTA ,1
  -   0030                     , UTC ,*0030B  .=3
 0003                          , AAX ,
  -                            , ASN ,64-3
 0004                        15, ATX ,
  -                          14, XTA ,
 0005                        15, WTC ,
  -                            , ASN ,64
 0006 0031                     , UTC ,*0031B  .=377
  -                            , AAX ,
 0007                        13, UJ  ,
  -
 0010               *0010B  :  , ISO ,24H00ЦБ  00ИГФД00Й*  00/Ж
                                                ЯЛ
 0014                          , ISO ,24H00321000765400 Ь9800Ы+
                                                -П
 0020                          , ISO ,24H00CBAЗ00GFED00KJIH00ON
                                                ML
 0024                          , ISO ,24H00SRQP00WVUT00ШZYX00ЮЧ
                                                ЩЭ
 0030               *0030B  :  , LOG ,3
 0031               *0031B  :  , LOG ,377
                               , END ,
 ЧИCЛO ПEPФ. 0023      ЧИCЛO OШИБ. OПEPATOPOB  0000
           *READ OLD
           *END FILE
 КОНЕЦ ЗАДАЧИ
 00411: 00 074 0000	*74
