                                                      24.05.19 M1

  M O H И T O P-8 0  (3.7)   25.09.84*       (  MC " Д Y Б H A " ИAЭ  )             ШИФP    419999000000







                    ЖЖЖЖ   ЖЖЖ   ЖЖЖ   ЖЖЖ  Ж   Ж ЖЖЖЖЖ
                    Ж   Ж Ж   Ж Ж     Ж   Ж Ж   Ж   Ж
                    Ж   Ж Ж   Ж  ЖЖЖ  Ж   Ж Ж   Ж   Ж
                    Ж   Ж Ж   Ж     Ж Ж   Ж Ж   Ж   Ж
                    ЖЖЖЖ  Ж   Ж     Ж Ж   Ж Ж   Ж   Ж
                    Ж     ЖЖЖЖЖ Ж   Ж Ж   Ж Ж   Ж   Ж
                    Ж     Ж   Ж  ЖЖЖ   ЖЖЖ   ЖЖЖ    Ж








*NAME PASOUT
           *PERSO: 401350, CONT
 04.10.84 M1
           *CALL DTRAN:410440(PASOUT)
                 DTRAN  /01.06.84/
           *CALL PUTFLAG*
 40
           *ASSEM
           *READ: 1
                                                      24.05.19 M1
 ABTOKOД  MADLEN
   (1.10.72)
                    PASOUT  :  , NAME,        DTRAN  /01.06.84/
                    *PASDDS*:  , LC  ,1
                    PASZERO*:  , LC  ,1
                    RGEXPORT:  , LC  ,1
                    *PASTEL*:  , LC  ,25
                    PASEVN  :  , SUBP,
                    PASNB8  :  , SUBP,
                    PRINT8  :  , SUBP,
                    PULT    :  , SUBP,
                    GAM/0   :  , EQU ,*PASTEL*+3
                    GAM/2   :  , EQU ,*PASTEL*+12
 0000                          , STI ,11
  -                            , STI ,10
                   C===========================================
 0001               P/PRINT :  ,ENTRY,
                   C===========================================
 0001                          , ITA ,13
  -                          13, VTM ,RGEXPORT
 0002                        13, XTS ,
  -                           9, VTM ,*PASTEL*
 0003                         9, AAX ,22B
  -   0020                     , UZA ,*0020B
 0004                         9, XTA ,
  -   0007                     , U1A ,*0007B
 0005 0037                   13, VJM ,*0037B
  -
 0006 0030                     , UZA ,*0030B
  -
 0007 0053          *0007B  :13, VJM ,*0053B
  -
 0010 0020                     , UZA ,*0020B
  -                            , UTC ,PASZERO*
 0011                          , XTA ,
  -   0034                     , UZA ,*0034B
 0012                        13, VJM ,PASEVN
  -
 0013                         9, VTM ,*PASTEL*
  -                           9, *71 ,5
 0014                         9, *71 ,12B
  -
 0015                         9, XTA ,25B
  -                           9, ATX ,13B
 0016                        13, VJM ,PASNB8
  -
 0017                         9, VTM ,*PASTEL*
  -
 0020               *0020B  :13, VTM ,RGEXPORT
  -                          13, XTA ,
 0021                         9, AAX ,23B
  -   0027                     , UZA ,*0027B
 0022                          , UTC ,PASZERO*
  -                            , XTA ,
 0023 0032                     , UZA ,*0032B
  -                            , ITA ,8
 0024                          , ITS ,10
  -                            , ITS ,11
 0025                          , ITS ,
  -                          13, VJM ,PRINT8
 0026                          , NTR ,3
  -                            , ATI ,8
 0027               *0027B  :15, WTC ,
  -                            , UJ  ,
 0030               *0030B  : 9, XTA ,23B
  -                            , UTC ,RGEXPORT
 0031                          , ATX ,
  -   0020                     , UJ  ,*0020B
 0032               *0032B  : 9, *64 ,26B
  -
 0033 0027                     , UJ  ,*0027B
  -
 0034               *0034B  : 9, *71 ,7
  -
 0035                         9, *71 ,12B
  -
 0036 0020                     , UJ  ,*0020B
                   C===========================================
  -
 0037               PASTN   :  ,ENTRY,
                   C===========================================
 0037               *0037B  : 9, VTM ,*PASTEL*
  -                           9, UTC ,17B
 0040                          , *71 ,
  -
 0041                         9, ATX ,1
  -                            , ANX ,
 0042                         9, ATX ,
  -                          13, UZA ,
 0043                         9, AOX ,30B
  -                           9, ATX ,12B
 0044                          , ASN ,64-12
  -                           9, AOX ,16B
 0045                         9, ATX ,7
  -                           9, AOX ,21B
 0046                         9, ATX ,5
  -                           9, AOX ,20B
 0047                         9, ATX ,6
  -                           9, AEX ,21B
 0050                         9, ATX ,10B
  -                           9, AEX ,24B
 0051                         9, ATX ,11B
  -                           9, XTA ,
 0052                        13, UJ  ,
                   C===========================================
  -
 0053               PASWHT  :  ,ENTRY,
                   C===========================================
 0053               *0053B  : 9, XTA ,4
  -                           9, ARX ,22B
 0054                         9, ATX ,4
  -                           9, AEX ,3
 0055                        13, U1A ,
  -                            , XTA ,
 0056                         9, ATX ,4
  -
 0057               *0057B  : 9, XTA ,14B
  -                           9, ATX ,13B
 0060                         9, *71 ,11B
  -
 0061                         9, *71 ,12B
  -
 0062                         9, XTA ,13B
  -                            , ASN ,64+40
 0063                          , ATI ,14
  -                          14, UTM ,-42
 0064 0110                   14, VZM ,*0110B
  -                          14, UTM ,-26
 0065 0111                   14, VZM ,*0111B
  -                          14, UTM ,77505B
 0066 0107                   14, VZM ,*0107B
  -                          14, UTM ,337B
 0067 0104                   14, VZM ,*0104B
  -                          14, UTM ,-16
 0070 0105                   14, VZM ,*0105B
  -                          14, UTM ,-2
 0071 0100                   14, VZM ,*0100B
  -                          14, UTM ,15B
 0072 0103                   14, VZM ,*0103B
  -                          14, UTM ,-26
 0073 0076                   14, VZM ,*0076B
  -                          14, UTM ,-9
 0074 0057                   14, V1M ,*0057B
  -                            , *62 ,
 0075 0057                     , UJ  ,*0057B
  -
 0076               *0076B  : 9, XTA ,22B
  -                            , UTC ,*PASDDS*
 0077                          , ATX ,
  -   0101                     , UJ  ,*0101B
 0100               *0100B  : 9, XTA ,22B
  -
 0101               *0101B  :14, VTM ,RGEXPORT
  -                          14, ATX ,
 0102                         9, AAX ,22B
  -                          13, UJ  ,
 0103               *0103B  :13, VJM ,PULT
  -
 0104               *0104B  : 9, XTA ,23B
  -   0101                     , UJ  ,*0101B
 0105               *0105B  : 9, XTA ,22B
  -                           9, AOX ,23B
 0106 0101                     , UJ  ,*0101B
  -
 0107               *0107B  :13, UJ  ,
  -
 0110               *0110B  :  , SJ  ,
  -
 0111               *0111B  : 9, XTA ,13B
  -                            , ASN ,64-8
 0112                          , ASN ,64+40
  -                           9, ATX ,3
 0113                        13, UJ  ,
                               , DATA,
  -
 0114               /0114B  :  , LOG ,13
 0115                          , LOG ,12
 0116               /0116B  :  , LOG ,2262 6440 1441 2417
 0117                          , LOG ,
 0120                          , OCT ,5020 0000 55
 0121                          , LOG ,7777 7777 7777 7777
 0122                          , OCT ,001
 0123                          , OCT ,0001
 0124                          , LOG ,1
 0125                          , LOG ,2
 0126                          , LOG ,1404 0013 1000 0013
 0127                          , LOG ,3767 7577 3767 7577
 0130                          , OCT ,5000 0000 54
 0131                          , LOG ,4000 0000
 0132                          , OCT ,012
                              1, SET ,
 0133                         5,     ,*PASTEL*
                              2, SET ,/0114B
 0134                         1,     ,GAM/0   .*PASTEL*+3
                             13, SET ,/0116B
 0135                         1,     ,GAM/2   .*PASTEL*+12
                               , END ,
 ЧИCЛO ПEPФ. 0171      ЧИCЛO OШИБ. OПEPATOPOB  0000
           *READ OLD
           *END FILE
 КОНЕЦ ЗАДАЧИ
 00411: 00 074 0000	*74
