                                                      29.05.19 M1

  M O H И T O P-8 0  (3.7)   25.09.84*       (  MC " Д Y Б H A " ИAЭ  )             ШИФP    419999000000







                    ЖЖЖЖ   ЖЖЖ   ЖЖЖ  ЖЖЖЖЖ ЖЖЖЖ  ЖЖЖЖ
                    Ж   Ж Ж   Ж Ж       Ж   Ж   Ж Ж   Ж
                    Ж   Ж Ж   Ж  ЖЖЖ    Ж   Ж   Ж Ж   Ж
                    Ж   Ж Ж   Ж     Ж   Ж   Ж   Ж ЖЖЖЖ
                    ЖЖЖЖ  Ж   Ж     Ж   Ж   ЖЖЖЖ  Ж Ж
                    Ж     ЖЖЖЖЖ Ж   Ж   Ж   Ж     Ж  Ж
                    Ж     Ж   Ж  ЖЖЖ    Ж   Ж     Ж   Ж








*NAME PASTPR
           *PERSO: 401350, CONT
 04.10.84 M1
           *CALL DTRAN:410440(PASTPR)
                 DTRAN  /01.06.84/
           *CALL PUTFLAG*
 40
           *ASSEM
           *READ: 1
                                                      29.05.19 M1
 ABTOKOД  MADLEN
   (1.10.72)
                    PASTPR  :  , NAME,        DTRAN  /01.06.84/
                    P/WXD   :  , SUBP,
 0000                        15, ATX ,2
  -   0003                     , UTC ,*0003B  .=I8
 0001                          , XTA ,
  -                          15, XTS ,1
 0002                          , UJ  ,P/WXD
  -
 0003               *0003B  :  , INT ,8
                               , END ,
 ЧИCЛO ПEPФ. 0009      ЧИCЛO OШИБ. OПEPATOPOB  0000
           *READ OLD
           *END FILE
 КОНЕЦ ЗАДАЧИ
 00411: 00 074 0000	*74
